36.133.37.5 - - [30/Dec/2020:13:42:52 +0000] "GET /laobiao.php HTTP/1.1" 404 435 "http://SERVER_ADDR/laobiao.php" "Mozilla/5.0 (Windows NT 5.2; rv:10.0.1) Gecko/20100101 Firefox/10.0.1 SeaMonkey/2.7.1"
36.133.37.6 - - [30/Dec/2020:13:42:57 +0000] "GET /phpMyAdmin._/index.php HTTP/1.1" 404 435 "http://SERVER_ADDR/phpMyAdmin._/index.php" "Mozilla/4.0 (compatible; MSIE 6.0; Windows 98; PalmSource/hspr-H102; Blazer/4.0) 16;320x320"
36.133.37.3 - - [30/Dec/2020:13:43:09 +0000] "GET /phpMyAdmin4.8.0/index.php HTTP/1.1" 404 435 "http://SERVER_ADDR/phpMyAdmin4.8.0/index.php" "Mozilla/4.0 (compatible; MSIE 6.0; Windows NT 5.1)"
36.133.37.5 - - [30/Dec/2020:13:43:21 +0000] "GET /phpmyadmin1/index.php HTTP/1.1" 404 435 "http://SERVER_ADDR/phpmyadmin1/index.php" "Mozilla/5.0 (Windows; U; Windows NT 5.1; en-US) AppleWebKit/531.21.8 (KHTML, like Gecko) Version/4.0.4 Safari/531.21.10"
36.133.37.6 - - [30/Dec/2020:13:43:31 +0000] "GET /download/index.php HTTP/1.1" 404 435 "http://SERVER_ADDR/download/index.php" "Mozilla/5.0 (Windows NT 6.1; WOW64) AppleWebKit/535.8 (KHTML, like Gecko) Beamrise/17.2.0.9 Chrome/17.0.939.0 Safari/535.8"
36.133.37.6 - - [30/Dec/2020:13:43:34 +0000] "GET /phpMyAdmin.old/index.php HTTP/1.1" 404 435 "http://SERVER_ADDR/phpMyAdmin.old/index.php" "Mozilla/5.0 (compatible; MSIE 9.0; Windows NT 6.2; Trident/5.0)"
36.133.37.5 - - [30/Dec/2020:13:43:39 +0000] "GET /PMA/index.php HTTP/1.1" 404 435 "http://SERVER_ADDR/PMA/index.php" "Mozilla/4.0 (compatible; MSIE 7.0; Windows NT 5.1; Avant Browser; Avant Browser; .NET CLR 1.0.3705; .NET CLR 1.1.4322; Media Center PC 4.0; .NET CLR 2.0.50727; .NET CLR 3.0.04506.30)"
36.133.37.5 - - [30/Dec/2020:13:43:44 +0000] "GET /__phpMyAdmin/index.php HTTP/1.1" 404 435 "http://SERVER_ADDR/__phpMyAdmin/index.php" "Mozilla/5.0 (Windows; U; Windows NT 6.1; en-GB; rv:1.9.1.17) Gecko/20110123 (like Firefox/3.x) SeaMonkey/2.0.12"
36.133.37.6 - - [30/Dec/2020:13:43:53 +0000] "GET /phpAdmin/index.php HTTP/1.1" 404 435 "http://SERVER_ADDR/phpAdmin/index.php" "Mozilla/5.0 (Windows; U; Windows NT 5.1; en-US) AppleWebKit/531.21.8 (KHTML, like Gecko) Version/4.0.4 Safari/531.21.10"
36.133.37.3 - - [30/Dec/2020:13:44:32 +0000] "GET /sbb/index.php HTTP/1.1" 404 435 "http://SERVER_ADDR/sbb/index.php" "Mozilla/5.0 (Macintosh; Intel Mac OS X 10.6; rv:5.0) Gecko/20100101 Firefox/5.0"
36.133.37.5 - - [30/Dec/2020:13:44:34 +0000] "GET /phpmadmin/index.php HTTP/1.1" 404 435 "http://SERVER_ADDR/phpmadmin/index.php" "Mozilla/5.0 (Windows NT 6.0) AppleWebKit/535.2 (KHTML, like Gecko) Chrome/15.0.874.120 Safari/535.2"
36.133.37.3 - - [30/Dec/2020:13:44:47 +0000] "GET /wp-includes/css/wp-login.php HTTP/1.1" 404 435 "http://SERVER_ADDR/wp-includes/css/wp-login.php" "Opera/9.80 (Windows NT 5.1; U; zh-tw) Presto/2.8.131 Version/11.10"
36.133.37.5 - - [30/Dec/2020:13:44:47 +0000] "GET /1/index.php HTTP/1.1" 404 435 "http://SERVER_ADDR/1/index.php" "Mozilla/5.0 (Windows; U; Windows NT 5.1; en-US; BOLT/2.800) AppleWebKit/534.6 (KHTML, like Gecko) Version/5.0 Safari/534.6.3"
36.133.37.5 - - [30/Dec/2020:13:45:01 +0000] "GET /plus/qiang.php HTTP/1.1" 404 435 "http://SERVER_ADDR/plus/qiang.php" "Mozilla/5.0 (Windows NT 6.2; Win64; x64; rv:16.0) Gecko/16.0 Firefox/16.0"
36.133.37.3 - - [30/Dec/2020:13:45:16 +0000] "GET /phpMyAdmin1/index.php HTTP/1.1" 404 435 "http://SERVER_ADDR/phpMyAdmin1/index.php" "Mozilla/5.0 (Macintosh; Intel Mac OS X 10.8; rv:16.0) Gecko/20120813 Firefox/16.0"
36.133.37.5 - - [30/Dec/2020:13:45:21 +0000] "GET /phpMyAdmin/phpMyAdmin/index.php HTTP/1.1" 404 435 "http://SERVER_ADDR/phpMyAdmin/phpMyAdmin/index.php" "Mozilla/5.0 (Macintosh; U; PPC Mac OS X; en) AppleWebKit/125.2 (KHTML, like Gecko) Safari/85.8"
36.133.37.6 - - [30/Dec/2020:13:45:31 +0000] "GET /web/phpMyAdmin/index.php HTTP/1.1" 404 435 "http://SERVER_ADDR/web/phpMyAdmin/index.php" "Mozilla/5.0 (Macintosh; U; Intel Mac OS X 10.6; en-US; rv:1.9.2.14) Gecko/20110218 AlexaToolbar/alxf-2.0 Firefox/3.6.14"
36.133.37.6 - - [30/Dec/2020:13:46:37 +0000] "GET /phpmyadmin-old/index.php HTTP/1.1" 404 435 "http://SERVER_ADDR/phpmyadmin-old/index.php" "Mozilla/5.0 (Windows NT 6.1; WOW64; rv:15.0) Gecko/20120427 Firefox/15.0a1"
36.133.37.6 - - [30/Dec/2020:13:46:43 +0000] "GET /plus/canshi.php HTTP/1.1" 404 435 "http://SERVER_ADDR/plus/canshi.php" "Mozilla/5.0 (Windows; U; Windows NT 5.1; en-US) AppleWebKit/534.7 (KHTML, like Gecko) Chrome/7.0.514.0 Safari/534.7"
36.133.37.3 - - [30/Dec/2020:13:46:51 +0000] "GET /SQL/index.php HTTP/1.1" 404 435 "http://SERVER_ADDR/SQL/index.php" "Mozilla/5.0 (compatible; MSIE 9.0; Windows NT 6.1; Trident/5.0)"
36.133.37.5 - - [30/Dec/2020:13:47:01 +0000] "GET /phpMyAdmin-4.4.0/index.php HTTP/1.1" 404 435 "http://SERVER_ADDR/phpMyAdmin-4.4.0/index.php" "Mozilla/5.0 (Macintosh; U; Intel Mac OS X 10_6_5; en-US) AppleWebKit/534.13 (KHTML, like Gecko) Chrome/9.0.597.15 Safari/534.13"
36.133.37.5 - - [30/Dec/2020:13:47:29 +0000] "GET /admin/phpmyadmin/index.php HTTP/1.1" 404 435 "http://SERVER_ADDR/admin/phpmyadmin/index.php" "Mozilla/5.0 (Macintosh; U; Intel Mac OS X 10_6_5; de-de) AppleWebKit/534.15  (KHTML, like Gecko) Version/5.0.3 Safari/533.19.4"
37.59.54.36 - - [30/Dec/2020:13:47:31 +0000] "POST /xmlrpc.php HTTP/1.1" 404 492 "http://www.google.com.hk" "Mozilla/5.0 (Windows NT 6.1; WOW64) AppleWebKit/537.36 (KHTML, like Gecko) Chrome/42.0.2311.90 Safari/537.36"
36.133.37.5 - - [30/Dec/2020:13:47:59 +0000] "GET /sample.php HTTP/1.1" 404 435 "http://SERVER_ADDR/sample.php" "Mozilla/5.0 (Macintosh; U; Mac OS X Mach-O; en-US; rv:2.0a) Gecko/20040614 Firefox/3.0.0"
36.133.37.6 - - [30/Dec/2020:13:48:14 +0000] "GET /php2MyAdmin/index.php HTTP/1.1" 404 435 "http://SERVER_ADDR/php2MyAdmin/index.php" "Mozilla/4.0 (compatible; MSIE 7.0; Windows NT 6.0)"
36.133.37.6 - - [30/Dec/2020:13:49:21 +0000] "GET /program/index.php HTTP/1.1" 404 435 "http://SERVER_ADDR/program/index.php" "Mozilla/5.0 (Macintosh; U; Intel Mac OS X 10_5_8; en-US) AppleWebKit/532.8 (KHTML, like Gecko) Chrome/4.0.302.2 Safari/532.8"
36.133.37.6 - - [30/Dec/2020:13:49:25 +0000] "GET /MyAdmin/index.php HTTP/1.1" 404 435 "http://SERVER_ADDR/MyAdmin/index.php" "Mozilla/5.0 (Windows NT 5.2; rv:10.0.1) Gecko/20100101 Firefox/10.0.1 SeaMonkey/2.7.1"
36.133.37.6 - - [30/Dec/2020:13:49:41 +0000] "GET /wp-includes/modules/wp-config.php HTTP/1.1" 404 435 "http://SERVER_ADDR/wp-includes/modules/wp-config.php" "Mozilla/5.0 (Windows NT 5.1; rv:5.0) Gecko/20100101 Firefox/5.0"
36.133.37.3 - - [30/Dec/2020:13:50:01 +0000] "GET /pmamy2/index.php HTTP/1.1" 404 435 "http://SERVER_ADDR/pmamy2/index.php" "Opera/9.80 (Macintosh; Intel Mac OS X 10.4.11; U; en) Presto/2.7.62 Version/11.00"
36.133.37.5 - - [30/Dec/2020:13:50:29 +0000] "GET /admin/phpmyadmin2/index.php HTTP/1.1" 404 435 "http://SERVER_ADDR/admin/phpmyadmin2/index.php" "Opera/9.0 (Macintosh; PPC Mac OS X; U; en)"
36.133.37.6 - - [30/Dec/2020:13:50:31 +0000] "GET /typo3/phpmyadmin/index.php HTTP/1.1" 404 435 "http://SERVER_ADDR/typo3/phpmyadmin/index.php" "Mozilla/5.0 (Windows NT 5.1; rv:5.0) Gecko/20100101 Firefox/5.0"
36.133.37.6 - - [30/Dec/2020:13:50:52 +0000] "GET /plus/lucas.php HTTP/1.1" 404 435 "http://SERVER_ADDR/plus/lucas.php" "Mozilla/5.0 (Macintosh; Intel Mac OS X 10_7_2; rv:10.0.1) Gecko/20100101 Firefox/10.0.1"
36.133.37.3 - - [30/Dec/2020:13:50:58 +0000] "GET /datas.php HTTP/1.1" 404 435 "http://SERVER_ADDR/datas.php" "Mozilla/5.0 (Windows; U; Windows NT 5.1; en-US; BOLT/2.800) AppleWebKit/534.6 (KHTML, like Gecko) Version/5.0 Safari/534.6.3"
36.133.37.6 - - [30/Dec/2020:13:51:21 +0000] "GET /wp-includes/fonts/modules.php HTTP/1.1" 404 435 "http://SERVER_ADDR/wp-includes/fonts/modules.php" "Mozilla/5.0 (Windows; U; Windows NT 6.0; en-US) AppleWebKit/527  (KHTML, like Gecko, Safari/419.3) Arora/0.6 (Change: )"
36.133.37.5 - - [30/Dec/2020:13:51:26 +0000] "GET /plus/ma.php HTTP/1.1" 404 435 "http://SERVER_ADDR/plus/ma.php" "Opera/9.5 (Microsoft Windows; PPC; Opera Mobi; U) SonyEricssonX1i/R2AA Profile/MIDP-2.0 Configuration/CLDC-1.1"
36.133.37.5 - - [30/Dec/2020:13:51:28 +0000] "GET /plus/tou.php HTTP/1.1" 404 435 "http://SERVER_ADDR/plus/tou.php" "Mozilla/4.0 (compatible; MSIE 8.0; Windows NT 6.0; Trident/4.0)"
36.133.37.3 - - [30/Dec/2020:13:51:42 +0000] "GET /s/index.php HTTP/1.1" 404 435 "http://SERVER_ADDR/s/index.php" "Mozilla/5.0 (Windows; U; Windows NT 6.0; en-US) AppleWebKit/534.14 (KHTML, like Gecko) Chrome/9.0.601.0 Safari/534.14"
36.133.37.3 - - [30/Dec/2020:13:51:47 +0000] "GET /pma-old/index.php HTTP/1.1" 404 435 "http://SERVER_ADDR/pma-old/index.php" "Opera/9.80 (Macintosh; Intel Mac OS X 10.4.11; U; en) Presto/2.7.62 Version/11.00"
36.133.37.5 - - [30/Dec/2020:13:52:06 +0000] "GET /zhui.php HTTP/1.1" 404 435 "http://SERVER_ADDR/zhui.php" "Mozilla/5.0 (Windows; U; Windows NT 6.0; en-US) AppleWebKit/534.14 (KHTML, like Gecko) Chrome/9.0.601.0 Safari/534.14"
36.133.37.5 - - [30/Dec/2020:13:52:23 +0000] "GET /phpMyAdmin4.8.3/index.php HTTP/1.1" 404 435 "http://SERVER_ADDR/phpMyAdmin4.8.3/index.php" "Mozilla/5.0 (Macintosh; Intel Mac OS X 10.6; rv:2.0b6pre) Gecko/20100907 Firefox/4.0b6pre Camino/2.2a1pre"
36.133.37.3 - - [30/Dec/2020:13:53:13 +0000] "GET /shopdb/index.php HTTP/1.1" 404 435 "http://SERVER_ADDR/shopdb/index.php" "Mozilla/5.0 (WindowsCE 6.0; rv:2.0.1) Gecko/20100101 Firefox/4.0.1"
36.133.37.5 - - [30/Dec/2020:13:53:20 +0000] "GET /phpmyadmin0/index.php HTTP/1.1" 404 435 "http://SERVER_ADDR/phpmyadmin0/index.php" "Mozilla/5.0 (Windows; U; Windows NT 5.1; tr; rv:1.9.2.8) Gecko/20100722 Firefox/3.6.8 ( .NET CLR 3.5.30729; .NET4.0E)"
36.133.37.3 - - [30/Dec/2020:13:53:28 +0000] "GET /wp-includes/modules/wp-login.php HTTP/1.1" 404 435 "http://SERVER_ADDR/wp-includes/modules/wp-login.php" "Opera/7.50 (Windows ME; U) [en]"
36.133.37.6 - - [30/Dec/2020:13:53:56 +0000] "GET /xampp/phpmyadmin/index.php HTTP/1.1" 404 435 "http://SERVER_ADDR/xampp/phpmyadmin/index.php" "Mozilla/5.0 (Macintosh; U; Intel Mac OS X 10_5_8; en-US) AppleWebKit/532.8 (KHTML, like Gecko) Chrome/4.0.302.2 Safari/532.8"
36.133.37.5 - - [30/Dec/2020:13:54:04 +0000] "GET /shaAdmin/index.php HTTP/1.1" 404 435 "http://SERVER_ADDR/shaAdmin/index.php" "Mozilla/5.0 (Windows NT 6.2) AppleWebKit/536.3 (KHTML, like Gecko) Chrome/19.0.1061.1 Safari/536.3"
36.133.37.5 - - [30/Dec/2020:13:54:12 +0000] "GET /index.php HTTP/1.1" 404 435 "http://SERVER_ADDR/index.php" "Opera/9.80 (Windows NT 5.1; U; zh-tw) Presto/2.8.131 Version/11.10"
36.133.37.3 - - [30/Dec/2020:13:54:29 +0000] "GET /mysql/index.php HTTP/1.1" 404 435 "http://SERVER_ADDR/mysql/index.php" "Mozilla/5.0 (compatible; MSIE 9.0; Windows NT 6.1; Trident/5.0)"
36.133.37.6 - - [30/Dec/2020:13:54:38 +0000] "GET /pma/index.php HTTP/1.1" 404 435 "http://SERVER_ADDR/pma/index.php" "Mozilla/5.0 (Windows NT 5.2; rv:10.0.1) Gecko/20100101 Firefox/10.0.1 SeaMonkey/2.7.1"
36.133.37.3 - - [30/Dec/2020:13:54:42 +0000] "GET /www/phpMyAdmin/index.php HTTP/1.1" 404 435 "http://SERVER_ADDR/www/phpMyAdmin/index.php" "Mozilla/4.0 (compatible; MSIE 5.5; Windows NT 5.0 )"
36.133.37.3 - - [30/Dec/2020:13:54:44 +0000] "GET /phpadmin/index.php HTTP/1.1" 404 435 "http://SERVER_ADDR/phpadmin/index.php" "Mozilla/5.0 (Windows NT 6.1; WOW64; rv:10.0.1) Gecko/20100101 Firefox/10.0.1"
79.127.97.103 - - [30/Dec/2020:14:04:13 +0000] "GET / HTTP/1.1" 200 11173 "-" "Mozilla/5.0 (Windows NT 6.1; WOW64) AppleWebKit/537.36 (KHTML, like Gecko) Chrome/52.0.2743.116 Safari/537.36"
115.148.154.161 - - [30/Dec/2020:14:10:29 +0000] "GET / HTTP/1.1" 200 3477 "-" "Apache-HttpClient/4.5.6 (Java/1.8.0_112)"
115.148.154.31 - - [30/Dec/2020:14:11:25 +0000] "GET / HTTP/1.1" 200 3477 "-" "Mozilla/5.0 (X11; Linux x86_64) AppleWebKit/537.36 (KHTML, like Gecko) HeadlessChrome/85.0.4183.121 Safari/537.36"
59.52.177.97 - - [30/Dec/2020:14:11:52 +0000] "GET /icons/ubuntu-logo.png HTTP/1.1" 200 3624 "http://SERVER_ADDR/" "Mozilla/5.0 (X11; Linux x86_64) AppleWebKit/537.36 (KHTML, like Gecko) HeadlessChrome/85.0.4183.121 Safari/537.36"
87.107.180.41 - - [30/Dec/2020:14:12:06 +0000] "GET / HTTP/1.1" 200 11173 "-" "Mozilla/5.0 (Windows NT 10.0; WOW64) AppleWebKit/537.36 (KHTML, like Gecko) Chrome/52.0.2743.116 Safari/537.36"
138.68.73.41 - - [30/Dec/2020:14:24:27 +0000] "GET / HTTP/1.0" 200 11192 "-" "masscan/1.0 (https://github.com/robertdavidgraham/masscan)"
36.133.37.5 - - [30/Dec/2020:15:42:35 +0000] "GET /cron.php HTTP/1.1" 404 435 "http://SERVER_ADDR/cron.php" "Mozilla/5.0 (Windows; U; Windows NT 6.0; en-US; rv:1.9.1.6) Gecko/20091201 Firefox/3.5.6 GTB5"
36.133.37.5 - - [30/Dec/2020:15:42:52 +0000] "GET /xiong.php HTTP/1.1" 404 435 "http://SERVER_ADDR/xiong.php" "Mozilla/4.0 (compatible; MSIE 7.0; Windows NT 5.1; winfx; .NET CLR 1.1.4322; .NET CLR 2.0.50727; Zune 2.0)"
36.133.37.6 - - [30/Dec/2020:15:42:57 +0000] "GET /temp.php HTTP/1.1" 404 435 "http://SERVER_ADDR/temp.php" "Mozilla/5.0 (Macintosh; U; PPC Mac OS X; fr-fr) AppleWebKit/312.5 (KHTML, like Gecko) Safari/312.3"
36.133.37.5 - - [30/Dec/2020:15:43:14 +0000] "GET /info8.php HTTP/1.1" 404 435 "http://SERVER_ADDR/info8.php" "Mozilla/5.0 (Windows NT 6.1; rv:2.0.1) Gecko/20100101 Firefox/4.0.1"
36.133.37.5 - - [30/Dec/2020:15:43:18 +0000] "GET /MCLi.php HTTP/1.1" 404 435 "http://SERVER_ADDR/MCLi.php" "Mozilla/5.0 (Windows NT 6.1; WOW64) AppleWebKit/535.8 (KHTML, like Gecko) Beamrise/17.2.0.9 Chrome/17.0.939.0 Safari/535.8"
36.133.37.6 - - [30/Dec/2020:15:43:25 +0000] "GET /kvast.php HTTP/1.1" 404 435 "http://SERVER_ADDR/kvast.php" "Mozilla/5.0 (Macintosh; U; Intel Mac OS X 10_6_2; en-us) AppleWebKit/531.21.8 (KHTML, like Gecko) Version/4.0.4 Safari/531.21.10"
36.133.37.3 - - [30/Dec/2020:15:43:32 +0000] "GET /lmn.php HTTP/1.1" 404 435 "http://SERVER_ADDR/lmn.php" "Mozilla/5.0 (Windows NT 6.1; WOW64) AppleWebKit/537.1 (KHTML, like Gecko) Chrome/22.0.1207.1 Safari/537.1"
36.133.37.6 - - [30/Dec/2020:15:43:49 +0000] "GET /inde.php HTTP/1.1" 404 435 "http://SERVER_ADDR/inde.php" "Mozilla/5.0 (Windows NT 6.1; WOW64) AppleWebKit/535.8 (KHTML, like Gecko) Beamrise/17.2.0.9 Chrome/17.0.939.0 Safari/535.8"
36.133.37.5 - - [30/Dec/2020:15:44:13 +0000] "GET /xixi.php HTTP/1.1" 404 435 "http://SERVER_ADDR/xixi.php" "Opera/9.20 (Macintosh; Intel Mac OS X; U; en)"
36.133.37.5 - - [30/Dec/2020:15:44:19 +0000] "GET /gsy.php HTTP/1.1" 404 435 "http://SERVER_ADDR/gsy.php" "Mozilla/5.0 (Windows; U; Windows XP) Gecko MultiZilla/1.6.1.0a"
36.133.37.6 - - [30/Dec/2020:15:45:27 +0000] "GET /neko.php HTTP/1.1" 404 435 "http://SERVER_ADDR/neko.php" "Mozilla/5.0 (Windows; U; Windows NT 5.1; en-US; rv:1.9.0.10) Gecko/2009042316 Firefox/3.0.10"
36.133.37.5 - - [30/Dec/2020:15:45:48 +0000] "GET /tests.php HTTP/1.1" 404 435 "http://SERVER_ADDR/tests.php" "Mozilla/5.0 (Windows NT 6.1; WOW64; rv:2.0b4pre) Gecko/20100815 Minefield/4.0b4pre"
36.133.37.3 - - [30/Dec/2020:15:45:53 +0000] "GET /520.php HTTP/1.1" 404 435 "http://SERVER_ADDR/520.php" "Mozilla/5.0 (Macintosh; U; Intel Mac OS X 10_6_5; en-US) AppleWebKit/534.13 (KHTML, like Gecko) Chrome/9.0.597.15 Safari/534.13"
36.133.37.3 - - [30/Dec/2020:15:45:57 +0000] "GET /1556189185.php HTTP/1.1" 404 435 "http://SERVER_ADDR/1556189185.php" "Mozilla/5.0 (Windows NT 6.1; WOW64) AppleWebKit/535.8 (KHTML, like Gecko) Beamrise/17.2.0.9 Chrome/17.0.939.0 Safari/535.8"
36.133.37.3 - - [30/Dec/2020:15:45:59 +0000] "GET /vulnspy.php HTTP/1.1" 404 435 "http://SERVER_ADDR/vulnspy.php" "Mozilla/5.0 (Macintosh; Intel Mac OS X 10.6; rv:5.0) Gecko/20100101 Firefox/5.0"
36.133.37.3 - - [30/Dec/2020:15:46:14 +0000] "GET /indexa.php HTTP/1.1" 404 435 "http://SERVER_ADDR/indexa.php" "Mozilla/5.0 (Windows; U; Windows NT 5.1; en-US) AppleWebKit/534.7 (KHTML, like Gecko) Chrome/7.0.514.0 Safari/534.7"
36.133.37.6 - - [30/Dec/2020:15:47:00 +0000] "GET /vf.php HTTP/1.1" 404 435 "http://SERVER_ADDR/vf.php" "Mozilla/5.0 (Windows; U; Windows NT 6.0; en-US) AppleWebKit/533.1 (KHTML, like Gecko) Maxthon/3.0.8.2 Safari/533.1"
36.133.37.3 - - [30/Dec/2020:15:47:02 +0000] "GET /sanan.php HTTP/1.1" 404 435 "http://SERVER_ADDR/sanan.php" "Mozilla/4.8 [en] (Windows NT 5.1; U)"
36.133.37.6 - - [30/Dec/2020:15:47:09 +0000] "GET /log1.php HTTP/1.1" 404 435 "http://SERVER_ADDR/log1.php" "Mozilla/4.0 (compatible; MSIE 4.01; Windows CE; PPC; MDA Pro/1.0 Profile/MIDP-2.0 Configuration/CLDC-1.1)"
36.133.37.5 - - [30/Dec/2020:15:47:10 +0000] "GET /temtel.php HTTP/1.1" 404 435 "http://SERVER_ADDR/temtel.php" "Opera/9.20 (Macintosh; Intel Mac OS X; U; en)"
36.133.37.6 - - [30/Dec/2020:15:47:21 +0000] "GET /tianqi.php HTTP/1.1" 404 435 "http://SERVER_ADDR/tianqi.php" "Mozilla/5.0 (Windows; U; Windows NT 6.0 x64; en-US; rv:1.9pre) Gecko/2008072421 Minefield/3.0.2pre"
36.133.37.6 - - [30/Dec/2020:15:47:26 +0000] "GET /g.php HTTP/1.1" 404 435 "http://SERVER_ADDR/g.php" "Mozilla/5.0 (Windows; U; Windows NT 5.2; en-US) AppleWebKit/532.9 (KHTML, like Gecko) Chrome/5.0.310.0 Safari/532.9"
36.133.37.6 - - [30/Dec/2020:15:47:30 +0000] "GET /qiangkezhi.php HTTP/1.1" 404 435 "http://SERVER_ADDR/qiangkezhi.php" "Mozilla/5.0 (Windows; U; Windows NT 6.0 x64; en-US; rv:1.9pre) Gecko/2008072421 Minefield/3.0.2pre"
36.133.37.6 - - [30/Dec/2020:15:47:32 +0000] "GET /fuck.php HTTP/1.1" 404 435 "http://SERVER_ADDR/fuck.php" "Mozilla/5.0 (compatible; MSIE 10.6; Windows NT 6.1; Trident/5.0; InfoPath.2; SLCC1; .NET CLR 3.0.4506.2152; .NET CLR 3.5.30729; .NET CLR 2.0.50727) 3gpp-gba UNTRUSTED/1.0"
36.133.37.5 - - [30/Dec/2020:15:47:36 +0000] "GET /zxc2.php HTTP/1.1" 404 435 "http://SERVER_ADDR/zxc2.php" "Mozilla/5.0 (Macintosh; U; Intel Mac OS X 10.6; en-US; rv:1.9.2.14) Gecko/20110218 AlexaToolbar/alxf-2.0 Firefox/3.6.14"
36.133.37.6 - - [30/Dec/2020:15:47:41 +0000] "GET /info1.php HTTP/1.1" 404 435 "http://SERVER_ADDR/info1.php" "Mozilla/5.0 (Windows; U; Windows NT 6.1; en-US) AppleWebKit/534.20 (KHTML, like Gecko) Chrome/11.0.672.2 Safari/534.20"
36.133.37.3 - - [30/Dec/2020:15:47:41 +0000] "GET /alipay.php HTTP/1.1" 404 435 "http://SERVER_ADDR/alipay.php" "Mozilla/5.0 (Macintosh; Intel Mac OS X 10.6; rv:9.0) Gecko/20100101 Firefox/9.0"
36.133.37.3 - - [30/Dec/2020:15:47:49 +0000] "GET /xiaobin.php HTTP/1.1" 404 435 "http://SERVER_ADDR/xiaobin.php" "Opera/7.51 (Windows NT 5.1; U) [en]"
36.133.37.6 - - [30/Dec/2020:15:47:53 +0000] "GET /666666.php HTTP/1.1" 404 435 "http://SERVER_ADDR/666666.php" "Mozilla/5.0 (compatible; MSIE 10.6; Windows NT 6.1; Trident/5.0; InfoPath.2; SLCC1; .NET CLR 3.0.4506.2152; .NET CLR 3.5.30729; .NET CLR 2.0.50727) 3gpp-gba UNTRUSTED/1.0"
36.133.37.6 - - [30/Dec/2020:15:47:57 +0000] "GET /abc.php HTTP/1.1" 404 435 "http://SERVER_ADDR/abc.php" "Mozilla/5.0 (Windows NT 6.0; rv:14.0) Gecko/20100101 Firefox/14.0.1"
36.133.37.5 - - [30/Dec/2020:15:47:58 +0000] "GET /fx.php HTTP/1.1" 404 435 "http://SERVER_ADDR/fx.php" "Mozilla/4.0 (compatible; MSIE 7.0; Windows NT 6.0; Trident/4.0)"
36.133.37.6 - - [30/Dec/2020:15:48:00 +0000] "GET /jy.php HTTP/1.1" 404 435 "http://SERVER_ADDR/jy.php" "Opera/7.51 (Windows NT 5.1; U) [en]"
36.133.37.6 - - [30/Dec/2020:15:48:01 +0000] "GET /qiqi.php HTTP/1.1" 404 435 "http://SERVER_ADDR/qiqi.php" "Mozilla/5.0 (Windows NT 6.1; WOW64) AppleWebKit/536.6 (KHTML, like Gecko) Chrome/20.0.1092.0 Safari/536.6"
36.133.37.3 - - [30/Dec/2020:15:48:20 +0000] "GET /xiaomi.php HTTP/1.1" 404 435 "http://SERVER_ADDR/xiaomi.php" "Opera/9.25 (Windows NT 6.0; U; en)"
36.133.37.5 - - [30/Dec/2020:15:48:20 +0000] "GET /lanke.php HTTP/1.1" 404 435 "http://SERVER_ADDR/lanke.php" "Opera/7.50 (Windows XP; U)"
36.133.37.5 - - [30/Dec/2020:15:48:33 +0000] "GET /Updata.php HTTP/1.1" 404 435 "http://SERVER_ADDR/Updata.php" "Mozilla/5.0 (Windows NT 6.2; Win64; x64; rv:16.0) Gecko/16.0 Firefox/16.0"
36.133.37.5 - - [30/Dec/2020:15:48:36 +0000] "GET /linkx.php HTTP/1.1" 404 435 "http://SERVER_ADDR/linkx.php" "Opera/9.80 (Windows NT 6.1; U; es-ES) Presto/2.9.181 Version/12.00"
36.133.37.5 - - [30/Dec/2020:15:48:50 +0000] "GET /lequ.php HTTP/1.1" 404 435 "http://SERVER_ADDR/lequ.php" "Mozilla/5.0 (Windows NT 6.1; rv:2.0.1) Gecko/20100101 Firefox/4.0.1"
36.133.37.5 - - [30/Dec/2020:15:48:52 +0000] "GET /ruii.php HTTP/1.1" 404 435 "http://SERVER_ADDR/ruii.php" "Mozilla/5.0 (Macintosh; Intel Mac OS X 10.8; rv:16.0) Gecko/20120813 Firefox/16.0"
36.133.37.5 - - [30/Dec/2020:15:48:53 +0000] "GET /sqlk.php HTTP/1.1" 404 435 "http://SERVER_ADDR/sqlk.php" "Mozilla/4.0 (compatible; MSIE 7.0; Windows NT 6.1; Trident/6.0)"
36.133.37.6 - - [30/Dec/2020:15:48:54 +0000] "GET /ycc.php HTTP/1.1" 404 435 "http://SERVER_ADDR/ycc.php" "Mozilla/5.0 (Macintosh; U; PPC Mac OS X 10.5; en-US; rv:1.9.2.15) Gecko/20110303 Firefox/3.6.15"
36.133.37.6 - - [30/Dec/2020:15:49:03 +0000] "GET /jsc.php HTTP/1.1" 404 435 "http://SERVER_ADDR/jsc.php" "Mozilla/5.0 (Windows NT 6.2) AppleWebKit/536.6 (KHTML, like Gecko) Chrome/20.0.1090.0 Safari/536.6"
36.133.37.5 - - [30/Dec/2020:15:49:06 +0000] "GET /sbkc.php HTTP/1.1" 404 435 "http://SERVER_ADDR/sbkc.php" "Mozilla/4.0 (compatible; MSIE 6.0; Windows 98; PalmSource/hspr-H102; Blazer/4.0) 16;320x320"
36.133.37.5 - - [30/Dec/2020:15:49:15 +0000] "GET /yccc.php HTTP/1.1" 404 435 "http://SERVER_ADDR/yccc.php" "Mozilla/5.0 (Windows NT 6.1; WOW64) AppleWebKit/534.27 (KHTML, like Gecko) Chrome/12.0.712.0 Safari/534.27"
36.133.37.6 - - [30/Dec/2020:15:49:20 +0000] "GET /mo.php HTTP/1.1" 404 435 "http://SERVER_ADDR/mo.php" "Mozilla/5.0 (Windows; U; Windows NT 5.1; en-US) AppleWebKit/534.7 (KHTML, like Gecko) Chrome/7.0.514.0 Safari/534.7"
36.133.37.3 - - [30/Dec/2020:15:49:22 +0000] "GET /987.php HTTP/1.1" 404 435 "http://SERVER_ADDR/987.php" "Mozilla/5.0 (Macintosh; Intel Mac OS X 10_6_8) AppleWebKit/535.7 (KHTML, like Gecko) Chrome/16.0.912.36 Safari/535.7"
36.133.37.6 - - [30/Dec/2020:15:49:25 +0000] "GET /oumi.php HTTP/1.1" 404 435 "http://SERVER_ADDR/oumi.php" "Mozilla/4.8 [en] (Windows NT 5.1; U)"
36.133.37.5 - - [30/Dec/2020:15:49:25 +0000] "GET /ganzhuolang.php HTTP/1.1" 404 435 "http://SERVER_ADDR/ganzhuolang.php" "Mozilla/5.0 (Windows NT 6.2) AppleWebKit/536.6 (KHTML, like Gecko) Chrome/20.0.1090.0 Safari/536.6"
36.133.37.5 - - [30/Dec/2020:15:49:28 +0000] "GET /user.php HTTP/1.1" 404 435 "http://SERVER_ADDR/user.php" "Mozilla/5.0 (Windows; U; ; en-NZ) AppleWebKit/527  (KHTML, like Gecko, Safari/419.3) Arora/0.8.0"
36.133.37.5 - - [30/Dec/2020:15:49:28 +0000] "GET /userr.php HTTP/1.1" 404 435 "http://SERVER_ADDR/userr.php" "Mozilla/4.0 (compatible; GoogleToolbar 4.0.1019.5266-big; Windows XP 5.1; MSIE 6.0.2900.2180)"
36.133.37.5 - - [30/Dec/2020:15:49:33 +0000] "GET /v.php HTTP/1.1" 404 435 "http://SERVER_ADDR/v.php" "Mozilla/5.0 (Windows; U; Windows NT 6.0; en-US; rv:1.9.1.6) Gecko/20091201 Firefox/3.5.6 GTB5"
36.133.37.6 - - [30/Dec/2020:15:49:38 +0000] "GET /webconfig.php HTTP/1.1" 404 435 "http://SERVER_ADDR/webconfig.php" "Mozilla/5.0 (Macintosh; U; Intel Mac OS X 10_5_8; en-US) AppleWebKit/532.8 (KHTML, like Gecko) Chrome/4.0.302.2 Safari/532.8"
36.133.37.3 - - [30/Dec/2020:15:49:42 +0000] "GET /db.php HTTP/1.1" 404 435 "http://SERVER_ADDR/db.php" "Mozilla/5.0 (Macintosh; Intel Mac OS X 10.6; rv:5.0) Gecko/20100101 Firefox/5.0"
36.133.37.6 - - [30/Dec/2020:15:49:44 +0000] "GET /lm.php HTTP/1.1" 404 435 "http://SERVER_ADDR/lm.php" "Mozilla/4.0 (compatible; MSIE 7.0; Windows NT 6.0)"
36.133.37.5 - - [30/Dec/2020:15:49:44 +0000] "GET /llld.php HTTP/1.1" 404 435 "http://SERVER_ADDR/llld.php" "Mozilla/5.0 (Macintosh; Intel Mac OS X 10_8_2) AppleWebKit/537.4 (KHTML like Gecko) Chrome/22.0.1229.79 Safari/537.4"
36.133.37.6 - - [30/Dec/2020:15:49:47 +0000] "GET /xiaomo.php HTTP/1.1" 404 435 "http://SERVER_ADDR/xiaomo.php" "Mozilla/5.0 (Windows; U; Windows NT 6.0; en-US) AppleWebKit/534.14 (KHTML, like Gecko) Chrome/9.0.601.0 Safari/534.14"
36.133.37.6 - - [30/Dec/2020:15:49:48 +0000] "GET /linux.php HTTP/1.1" 404 435 "http://SERVER_ADDR/linux.php" "Mozilla/5.0 (Windows; U; Windows NT 6.0; en-GB; rv:1.9.0.11) Gecko/2009060215 Firefox/3.0.11 (.NET CLR 3.5.30729)"
36.133.37.5 - - [30/Dec/2020:15:49:48 +0000] "GET /wulv.php HTTP/1.1" 404 435 "http://SERVER_ADDR/wulv.php" "Mozilla/5.0 (Macintosh; U; Intel Mac OS X 10_6_4; en-US) AppleWebKit/534.3 (KHTML, like Gecko) Chrome/6.0.464.0 Safari/534.3"
36.133.37.3 - - [30/Dec/2020:15:49:48 +0000] "GET /xs.php HTTP/1.1" 404 435 "http://SERVER_ADDR/xs.php" "Mozilla/4.0 (compatible; MSIE 7.0; Windows NT 5.1; winfx; .NET CLR 1.1.4322; .NET CLR 2.0.50727; Zune 2.0)"
36.133.37.3 - - [30/Dec/2020:15:49:49 +0000] "GET /config.inc.php HTTP/1.1" 404 435 "http://SERVER_ADDR/config.inc.php" "Mozilla/5.0 (Macintosh; U; PPC Mac OS X; en) AppleWebKit/125.2 (KHTML, like Gecko) Safari/85.8"
36.133.37.3 - - [30/Dec/2020:15:49:52 +0000] "GET /nidage.php HTTP/1.1" 404 435 "http://SERVER_ADDR/nidage.php" "Mozilla/5.0 (Windows NT 5.1; rv:5.0) Gecko/20100101 Firefox/5.0"
36.133.37.6 - - [30/Dec/2020:15:49:55 +0000] "GET /cn.php HTTP/1.1" 404 435 "http://SERVER_ADDR/cn.php" "Opera/9.25 (Windows NT 6.0; U; en)"
36.133.37.6 - - [30/Dec/2020:15:49:57 +0000] "GET /chaoda.php HTTP/1.1" 404 435 "http://SERVER_ADDR/chaoda.php" "Mozilla/4.0 (compatible; MSIE 4.01; Windows CE; PPC; MDA Pro/1.0 Profile/MIDP-2.0 Configuration/CLDC-1.1)"
36.133.37.3 - - [30/Dec/2020:15:49:57 +0000] "GET /jiaochi.php HTTP/1.1" 404 435 "http://SERVER_ADDR/jiaochi.php" "Mozilla/4.0 (compatible; MSIE 6.0; Windows NT 5.0; en) Opera 8.0"
36.133.37.3 - - [30/Dec/2020:15:49:59 +0000] "GET /gg.php HTTP/1.1" 404 435 "http://SERVER_ADDR/gg.php" "Mozilla/5.0 (Windows NT 6.1; rv:2.0.1) Gecko/20100101 Firefox/4.0.1"
36.133.37.6 - - [30/Dec/2020:15:49:59 +0000] "GET /orange.php HTTP/1.1" 404 435 "http://SERVER_ADDR/orange.php" "Mozilla/5.0 (Windows NT 6.0; rv:14.0) Gecko/20100101 Firefox/14.0.1"
36.133.37.5 - - [30/Dec/2020:15:50:00 +0000] "GET /h156.php HTTP/1.1" 404 435 "http://SERVER_ADDR/h156.php" "Mozilla/5.0 (Macintosh; Intel Mac OS X 10.6; rv:5.0) Gecko/20100101 Firefox/5.0"
36.133.37.3 - - [30/Dec/2020:15:50:03 +0000] "GET /phpinf.php HTTP/1.1" 404 435 "http://SERVER_ADDR/phpinf.php" "Mozilla/5.0 (Windows; U; Windows NT 6.0; en-US; rv:1.9.1.6) Gecko/20091201 Firefox/3.5.6 GTB5"
36.133.37.6 - - [30/Dec/2020:15:50:04 +0000] "GET /ll.php HTTP/1.1" 404 435 "http://SERVER_ADDR/ll.php" "Mozilla/5.0 (Windows; U; Windows NT 5.1; en-US) AppleWebKit/534.7 (KHTML, like Gecko) Chrome/7.0.514.0 Safari/534.7"
36.133.37.5 - - [30/Dec/2020:15:50:04 +0000] "GET /liangchen.php HTTP/1.1" 404 435 "http://SERVER_ADDR/liangchen.php" "Mozilla/5.0 (compatible; MSIE 9.0; Windows NT 6.2; WOW64; Trident/5.0)"
36.133.37.3 - - [30/Dec/2020:15:50:09 +0000] "GET /zxy.php HTTP/1.1" 404 435 "http://SERVER_ADDR/zxy.php" "Mozilla/5.0 (Macintosh; Intel Mac OS X 10_6_8) AppleWebKit/535.2 (KHTML, like Gecko) Chrome/15.0.874.54 Safari/535.2"
36.133.37.5 - - [30/Dec/2020:15:50:15 +0000] "GET /zxc0.php HTTP/1.1" 404 435 "http://SERVER_ADDR/zxc0.php" "Mozilla/5.0 (Windows NT 6.2) AppleWebKit/536.3 (KHTML, like Gecko) Chrome/19.0.1061.1 Safari/536.3"
36.133.37.6 - - [30/Dec/2020:15:50:16 +0000] "GET /luoran6.php HTTP/1.1" 404 435 "http://SERVER_ADDR/luoran6.php" "Mozilla/5.0 (Windows; U; Windows NT 5.2; en-US) AppleWebKit/532.9 (KHTML, like Gecko) Chrome/5.0.310.0 Safari/532.9"
36.133.37.5 - - [30/Dec/2020:15:50:16 +0000] "GET /bx.php HTTP/1.1" 404 435 "http://SERVER_ADDR/bx.php" "Mozilla/5.0 (Macintosh; U; Intel Mac OS X 10_6_2; en-us) AppleWebKit/531.21.8 (KHTML, like Gecko) Version/4.0.4 Safari/531.21.10"
36.133.37.5 - - [30/Dec/2020:15:50:18 +0000] "GET /mysql.php HTTP/1.1" 404 435 "http://SERVER_ADDR/mysql.php" "Mozilla/5.0 (Macintosh; Intel Mac OS X 10_7_2) AppleWebKit/535.1 (KHTML, like Gecko) Chrome/14.0.835.186 Safari/535.1"
36.133.37.6 - - [30/Dec/2020:15:50:18 +0000] "GET /luoran.php HTTP/1.1" 404 435 "http://SERVER_ADDR/luoran.php" "Mozilla/5.0 (Macintosh; Intel Mac OS X 10_7_3) AppleWebKit/534.55.3 (KHTML, like Gecko) Version/5.1.3 Safari/534.53.10"
36.133.37.3 - - [30/Dec/2020:15:50:18 +0000] "GET /Pings.php HTTP/1.1" 404 435 "http://SERVER_ADDR/Pings.php" "Mozilla/5.0 (Windows; U; Windows NT 6.0; en-US) AppleWebKit/527  (KHTML, like Gecko, Safari/419.3) Arora/0.6 (Change: )"
36.133.37.3 - - [30/Dec/2020:15:50:18 +0000] "GET /meng.php HTTP/1.1" 404 435 "http://SERVER_ADDR/meng.php" "Mozilla/5.0 (Windows NT 6.1; WOW64; rv:10.0.1) Gecko/20100101 Firefox/10.0.1"
36.133.37.3 - - [30/Dec/2020:15:50:18 +0000] "GET /zxc.php HTTP/1.1" 404 435 "http://SERVER_ADDR/zxc.php" "Mozilla/4.8 [en] (Windows NT 5.1; U)"
36.133.37.6 - - [30/Dec/2020:15:50:19 +0000] "GET /mutuba.php HTTP/1.1" 404 435 "http://SERVER_ADDR/mutuba.php" "Mozilla/5.0 (Macintosh; Intel Mac OS X 10.8; rv:16.0) Gecko/20120813 Firefox/16.0"
36.133.37.5 - - [30/Dec/2020:15:50:22 +0000] "GET /qq5262.php HTTP/1.1" 404 435 "http://SERVER_ADDR/qq5262.php" "Mozilla/5.0 (Macintosh; U; Intel Mac OS X 10_6_5; en-US) AppleWebKit/534.13 (KHTML, like Gecko) Chrome/9.0.597.15 Safari/534.13"
36.133.37.3 - - [30/Dec/2020:15:50:23 +0000] "GET /sbkcb.php HTTP/1.1" 404 435 "http://SERVER_ADDR/sbkcb.php" "Mozilla/5.0 (Windows; U; Windows NT 5.1; en-US; rv:1.9.0.10) Gecko/2009042316 Firefox/3.0.10"
36.133.37.6 - - [30/Dec/2020:15:50:24 +0000] "GET /erba.php HTTP/1.1" 404 435 "http://SERVER_ADDR/erba.php" "Mozilla/5.0 (compatible; MSIE 9.0; Windows NT 6.1; Trident/5.0)"
36.133.37.3 - - [30/Dec/2020:15:50:30 +0000] "GET /cer.php HTTP/1.1" 404 435 "http://SERVER_ADDR/cer.php" "Mozilla/5.0 (Windows; U; Windows NT 6.0; en-US) AppleWebKit/533.1 (KHTML, like Gecko) Maxthon/3.0.8.2 Safari/533.1"
36.133.37.5 - - [30/Dec/2020:15:50:32 +0000] "GET /lr.php HTTP/1.1" 404 435 "http://SERVER_ADDR/lr.php" "Opera/9.80 (Windows NT 6.1; U; en) Presto/2.7.62 Version/11.01"
36.133.37.5 - - [30/Dec/2020:15:50:34 +0000] "GET /iis.php HTTP/1.1" 404 435 "http://SERVER_ADDR/iis.php" "Opera/9.25 (Windows NT 6.0; U; en)"
36.133.37.3 - - [30/Dec/2020:15:50:34 +0000] "GET /que.php HTTP/1.1" 404 435 "http://SERVER_ADDR/que.php" "Mozilla/5.0 (Macintosh; Intel Mac OS X 10_7_2; rv:10.0.1) Gecko/20100101 Firefox/10.0.1"
36.133.37.6 - - [30/Dec/2020:15:50:35 +0000] "GET /xiaoyu.php HTTP/1.1" 404 435 "http://SERVER_ADDR/xiaoyu.php" "Opera/9.80 (Windows NT 6.1; U; en) Presto/2.7.62 Version/11.01"
36.133.37.5 - - [30/Dec/2020:15:50:38 +0000] "GET /jkl.php HTTP/1.1" 404 435 "http://SERVER_ADDR/jkl.php" "Mozilla/5.0 (Macintosh; Intel Mac OS X 10_7_2) AppleWebKit/535.1 (KHTML, like Gecko) Chrome/14.0.835.186 Safari/535.1"
36.133.37.5 - - [30/Dec/2020:15:50:39 +0000] "GET /cere.php HTTP/1.1" 404 435 "http://SERVER_ADDR/cere.php" "Mozilla/4.0 (compatible; GoogleToolbar 4.0.1019.5266-big; Windows XP 5.1; MSIE 6.0.2900.2180)"
36.133.37.6 - - [30/Dec/2020:15:50:40 +0000] "GET /lx.php HTTP/1.1" 404 435 "http://SERVER_ADDR/lx.php" "Mozilla/5.0 (Macintosh; U; PPC Mac OS X; en) AppleWebKit/125.2 (KHTML, like Gecko) Safari/85.8"
36.133.37.6 - - [30/Dec/2020:15:50:41 +0000] "GET /inc.php HTTP/1.1" 404 435 "http://SERVER_ADDR/inc.php" "Mozilla/4.0 (compatible; GoogleToolbar 4.0.1019.5266-big; Windows XP 5.1; MSIE 6.0.2900.2180)"
36.133.37.5 - - [30/Dec/2020:15:50:43 +0000] "GET /secure.php HTTP/1.1" 404 435 "http://SERVER_ADDR/secure.php" "Mozilla/5.0 (Macintosh; U; PPC Mac OS X; en) AppleWebKit/125.2 (KHTML, like Gecko) Safari/85.8"
36.133.37.5 - - [30/Dec/2020:15:50:47 +0000] "GET /cs.php HTTP/1.1" 404 435 "http://SERVER_ADDR/cs.php" "Mozilla/5.0 (Windows; U; Windows NT 5.1; en-US; rv:1.9.0.10) Gecko/2009042316 Firefox/3.0.10"
36.133.37.6 - - [30/Dec/2020:15:50:49 +0000] "GET /xx33.php HTTP/1.1" 404 435 "http://SERVER_ADDR/xx33.php" "Mozilla/5.0 (Windows; U; Windows NT 6.1; en-US) AppleWebKit/534.14 (KHTML, like Gecko) Chrome/10.0.601.0 Safari/534.14"
36.133.37.3 - - [30/Dec/2020:15:50:49 +0000] "GET /hacly.php HTTP/1.1" 404 435 "http://SERVER_ADDR/hacly.php" "Opera/7.50 (Windows ME; U) [en]"
36.133.37.5 - - [30/Dec/2020:15:50:51 +0000] "GET /key.php HTTP/1.1" 404 435 "http://SERVER_ADDR/key.php" "Mozilla/5.0 (Windows; U; WinNT4.0; en-US; rv:1.2b) Gecko/20021001 Phoenix/0.2"
36.133.37.5 - - [30/Dec/2020:15:50:52 +0000] "GET /can.php HTTP/1.1" 404 435 "http://SERVER_ADDR/can.php" "Mozilla/5.0 (Windows; U; Windows NT 5.1; en-US) AppleWebKit/531.21.8 (KHTML, like Gecko) Version/4.0.4 Safari/531.21.10"
36.133.37.6 - - [30/Dec/2020:15:50:53 +0000] "GET /lost.php HTTP/1.1" 404 435 "http://SERVER_ADDR/lost.php" "Mozilla/5.0 (Macintosh; U; Intel Mac OS X 10_6_4; en-US) AppleWebKit/534.3 (KHTML, like Gecko) Chrome/6.0.464.0 Safari/534.3"
36.133.37.6 - - [30/Dec/2020:15:50:54 +0000] "GET /n24.php HTTP/1.1" 404 435 "http://SERVER_ADDR/n24.php" "Opera/9.0 (Macintosh; PPC Mac OS X; U; en)"
36.133.37.3 - - [30/Dec/2020:15:50:55 +0000] "GET /qiqi11.php HTTP/1.1" 404 435 "http://SERVER_ADDR/qiqi11.php" "Opera/9.80 (Macintosh; Intel Mac OS X 10.4.11; U; en) Presto/2.7.62 Version/11.00"
36.133.37.5 - - [30/Dec/2020:15:50:55 +0000] "GET /CC.php HTTP/1.1" 404 435 "http://SERVER_ADDR/CC.php" "Mozilla/5.0 (compatible; MSIE 9.0; Windows NT 6.1; Trident/5.0)"
36.133.37.5 - - [30/Dec/2020:15:50:58 +0000] "GET /ganshiqiang.php HTTP/1.1" 404 435 "http://SERVER_ADDR/ganshiqiang.php" "Mozilla/5.0 (Macintosh; U; PPC Mac OS X 10.5; en-US; rv:1.9.2.15) Gecko/20110303 Firefox/3.6.15"
36.133.37.3 - - [30/Dec/2020:15:50:58 +0000] "GET /super.php HTTP/1.1" 404 435 "http://SERVER_ADDR/super.php" "Mozilla/5.0 (Macintosh; Intel Mac OS X 10_8_2) AppleWebKit/537.4 (KHTML like Gecko) Chrome/22.0.1229.79 Safari/537.4"
36.133.37.5 - - [30/Dec/2020:15:50:59 +0000] "GET /taocishun.php HTTP/1.1" 404 435 "http://SERVER_ADDR/taocishun.php" "Mozilla/5.0 (Windows; U; Win98; en-US; rv:1.4) Gecko Netscape/7.1 (ax)"
36.133.37.5 - - [30/Dec/2020:15:50:59 +0000] "GET /avast.php HTTP/1.1" 404 435 "http://SERVER_ADDR/avast.php" "Mozilla/5.0 (Windows; U; Windows NT 5.1; en-US) AppleWebKit/534.7 (KHTML, like Gecko) Chrome/7.0.514.0 Safari/534.7"
36.133.37.5 - - [30/Dec/2020:15:50:59 +0000] "GET /linux1.php HTTP/1.1" 404 435 "http://SERVER_ADDR/linux1.php" "Mozilla/4.0 (compatible; MSIE 7.0; Windows NT 5.1; Avant Browser; Avant Browser; .NET CLR 1.0.3705; .NET CLR 1.1.4322; Media Center PC 4.0; .NET CLR 2.0.50727; .NET CLR 3.0.04506.30)"
36.133.37.3 - - [30/Dec/2020:15:51:00 +0000] "GET /ddd.php HTTP/1.1" 404 435 "http://SERVER_ADDR/ddd.php" "Mozilla/5.0 (Windows NT 6.2) AppleWebKit/536.6 (KHTML, like Gecko) Chrome/20.0.1090.0 Safari/536.6"
36.133.37.3 - - [30/Dec/2020:15:51:02 +0000] "GET /win1.php HTTP/1.1" 404 435 "http://SERVER_ADDR/win1.php" "Opera/9.20 (Macintosh; Intel Mac OS X; U; en)"
36.133.37.3 - - [30/Dec/2020:15:51:03 +0000] "GET /ml.php HTTP/1.1" 404 435 "http://SERVER_ADDR/ml.php" "Mozilla/5.0 (Windows NT 6.1) AppleWebKit/535.2 (KHTML, like Gecko) Chrome/18.6.872.0 Safari/535.2 UNTRUSTED/1.0 3gpp-gba UNTRUSTED/1.0"
36.133.37.6 - - [30/Dec/2020:15:51:05 +0000] "GET /guai.php HTTP/1.1" 404 435 "http://SERVER_ADDR/guai.php" "Mozilla/5.0 (Macintosh; U; PPC Mac OS X; en) AppleWebKit/125.2 (KHTML, like Gecko) Safari/85.8"
36.133.37.3 - - [30/Dec/2020:15:51:06 +0000] "GET /soga.php HTTP/1.1" 404 435 "http://SERVER_ADDR/soga.php" "Mozilla/5.0 (Macintosh; U; Intel Mac OS X 10_7; en-us) AppleWebKit/534.20.8 (KHTML, like Gecko) Version/5.1 Safari/534.20.8"
36.133.37.6 - - [30/Dec/2020:15:51:07 +0000] "GET /wanmei.php HTTP/1.1" 404 435 "http://SERVER_ADDR/wanmei.php" "Mozilla/5.0 (Macintosh; Intel Mac OS X 10_8_2) AppleWebKit/537.4 (KHTML like Gecko) Chrome/22.0.1229.79 Safari/537.4"
36.133.37.6 - - [30/Dec/2020:15:51:23 +0000] "GET /go.php HTTP/1.1" 404 435 "http://SERVER_ADDR/go.php" "Mozilla/5.0 (Windows; U; WinNT4.0; en-US; rv:1.2b) Gecko/20021001 Phoenix/0.2"
36.133.37.3 - - [30/Dec/2020:15:51:29 +0000] "GET /win.php HTTP/1.1" 404 435 "http://SERVER_ADDR/win.php" "Mozilla/5.0 (Macintosh; U; PPC Mac OS X; fr-fr) AppleWebKit/312.5 (KHTML, like Gecko) Safari/312.3"
36.133.37.3 - - [30/Dec/2020:15:52:13 +0000] "GET /buluya.php HTTP/1.1" 404 435 "http://SERVER_ADDR/buluya.php" "Mozilla/5.0 (Windows; U; Windows NT 6.1; en-US) AppleWebKit/534.20 (KHTML, like Gecko) Chrome/11.0.672.2 Safari/534.20"
36.133.37.6 - - [30/Dec/2020:15:52:15 +0000] "GET /02.php HTTP/1.1" 404 435 "http://SERVER_ADDR/02.php" "Mozilla/5.0 (Windows; U; Windows NT 5.1; en-US) AppleWebKit/531.21.8 (KHTML, like Gecko) Version/4.0.4 Safari/531.21.10"
36.133.37.3 - - [30/Dec/2020:15:52:20 +0000] "GET /phplil.php HTTP/1.1" 404 435 "http://SERVER_ADDR/phplil.php" "Mozilla/4.0 (compatible; MSIE 4.01; Windows CE; PPC; MDA Pro/1.0 Profile/MIDP-2.0 Configuration/CLDC-1.1)"
36.133.37.3 - - [30/Dec/2020:15:52:26 +0000] "GET /zzz.php HTTP/1.1" 404 435 "http://SERVER_ADDR/zzz.php" "Mozilla/5.0 (Windows NT 6.1; WOW64; rv:2.0b4pre) Gecko/20100815 Minefield/4.0b4pre"
36.133.37.3 - - [30/Dec/2020:15:52:31 +0000] "GET /aotian.php HTTP/1.1" 404 435 "http://SERVER_ADDR/aotian.php" "Mozilla/4.0 (compatible; MSIE 7.0; Windows NT 5.1; Avant Browser; Avant Browser; .NET CLR 1.0.3705; .NET CLR 1.1.4322; Media Center PC 4.0; .NET CLR 2.0.50727; .NET CLR 3.0.04506.30)"
36.133.37.3 - - [30/Dec/2020:15:52:42 +0000] "GET /luoke.php HTTP/1.1" 404 435 "http://SERVER_ADDR/luoke.php" "Opera/9.25 (Windows NT 6.0; U; en)"
36.133.37.6 - - [30/Dec/2020:15:52:49 +0000] "GET /linkr.php HTTP/1.1" 404 435 "http://SERVER_ADDR/linkr.php" "Mozilla/5.0 (Windows NT 6.1; WOW64) AppleWebKit/536.6 (KHTML, like Gecko) Chrome/20.0.1092.0 Safari/536.6"
36.133.37.6 - - [30/Dec/2020:15:52:55 +0000] "GET /vuln.php HTTP/1.1" 404 435 "http://SERVER_ADDR/vuln.php" "Mozilla/4.0 (compatible; MSIE 5.5; Windows 98; Win 9x 4.90)"
36.133.37.5 - - [30/Dec/2020:15:53:14 +0000] "GET /ljb.php HTTP/1.1" 404 435 "http://SERVER_ADDR/ljb.php" "Mozilla/5.0 (Windows NT 6.2; Win64; x64; rv:16.0) Gecko/16.0 Firefox/16.0"
36.133.37.3 - - [30/Dec/2020:15:53:25 +0000] "GET /function.inc.php HTTP/1.1" 404 435 "http://SERVER_ADDR/function.inc.php" "Mozilla/5.0 (Macintosh; Intel Mac OS X 10.8; rv:16.0) Gecko/20120813 Firefox/16.0"
36.133.37.6 - - [30/Dec/2020:15:53:42 +0000] "GET /n23.php HTTP/1.1" 404 435 "http://SERVER_ADDR/n23.php" "Mozilla/5.0 (Windows NT 5.2; rv:10.0.1) Gecko/20100101 Firefox/10.0.1 SeaMonkey/2.7.1"
36.133.37.6 - - [30/Dec/2020:15:53:46 +0000] "GET /secure1.php HTTP/1.1" 404 435 "http://SERVER_ADDR/secure1.php" "Mozilla/5.0 (Macintosh; Intel Mac OS X 10.6; rv:2.0.1) Gecko/20100101 Firefox/4.0.1"
36.133.37.5 - - [30/Dec/2020:15:53:58 +0000] "GET /index1.php HTTP/1.1" 404 435 "http://SERVER_ADDR/index1.php" "Mozilla/5.0 (Windows NT 6.1; WOW64) AppleWebKit/535.8 (KHTML, like Gecko) Beamrise/17.2.0.9 Chrome/17.0.939.0 Safari/535.8"
36.133.37.5 - - [30/Dec/2020:15:54:35 +0000] "GET /ppp.php HTTP/1.1" 404 435 "http://SERVER_ADDR/ppp.php" "Mozilla/4.0 (compatible; MSIE 7.0; Windows NT 6.1; Trident/6.0)"
36.133.37.3 - - [30/Dec/2020:15:54:47 +0000] "GET /ci.php HTTP/1.1" 404 435 "http://SERVER_ADDR/ci.php" "Mozilla/5.0 (Windows; U; Windows NT 6.0; en-US; rv:1.9.1.6) Gecko/20091201 Firefox/3.5.6 GTB5"
36.133.37.5 - - [30/Dec/2020:15:54:56 +0000] "GET /d.php HTTP/1.1" 404 435 "http://SERVER_ADDR/d.php" "Mozilla/5.0 (Macintosh; U; Intel Mac OS X 10_7; en-us) AppleWebKit/534.20.8 (KHTML, like Gecko) Version/5.1 Safari/534.20.8"
36.133.37.3 - - [30/Dec/2020:15:54:56 +0000] "GET /Hzllaga.php HTTP/1.1" 404 435 "http://SERVER_ADDR/Hzllaga.php" "Mozilla/5.0 (Macintosh; U; Intel Mac OS X 10_5_7;en-us) AppleWebKit/530.17 (KHTML, like Gecko) Version/4.0 Safari/530.17"
36.133.37.6 - - [30/Dec/2020:15:55:09 +0000] "GET /xh.php HTTP/1.1" 404 435 "http://SERVER_ADDR/xh.php" "Mozilla/4.0 (compatible; MSIE 5.5; Windows NT 5.0 )"
36.133.37.5 - - [30/Dec/2020:15:55:18 +0000] "GET /.config.php HTTP/1.1" 404 435 "http://SERVER_ADDR/.config.php" "Mozilla/4.0 (compatible; MSIE 5.5; Windows NT 5.0 )"
36.133.37.6 - - [30/Dec/2020:15:55:21 +0000] "GET /zxc1.php HTTP/1.1" 404 435 "http://SERVER_ADDR/zxc1.php" "Mozilla/4.0 (compatible; MSIE 6.0; Windows NT 5.1)"
36.133.37.3 - - [30/Dec/2020:15:56:02 +0000] "GET /fans.php HTTP/1.1" 404 435 "http://SERVER_ADDR/fans.php" "Opera/9.80 (Windows NT 5.1; U; zh-tw) Presto/2.8.131 Version/11.10"
36.133.37.3 - - [30/Dec/2020:15:56:04 +0000] "GET /wuwu.php HTTP/1.1" 404 435 "http://SERVER_ADDR/wuwu.php" "Mozilla/4.0 (compatible; MSIE 7.0; Windows NT 6.0; Trident/4.0)"
36.133.37.6 - - [30/Dec/2020:15:56:06 +0000] "GET /bf.php HTTP/1.1" 404 435 "http://SERVER_ADDR/bf.php" "Mozilla/5.0 (Windows NT 6.1; WOW64; rv:6.0a2) Gecko/20110622 Firefox/6.0a2"
36.133.37.5 - - [30/Dec/2020:15:56:22 +0000] "GET /Administrator.php HTTP/1.1" 404 435 "http://SERVER_ADDR/Administrator.php" "Mozilla/5.0 (Windows; U; Windows NT 5.1; en-US; rv:1.9.0.10) Gecko/2009042316 Firefox/3.0.10"
36.133.37.3 - - [30/Dec/2020:15:56:26 +0000] "GET /hl.php HTTP/1.1" 404 435 "http://SERVER_ADDR/hl.php" "Mozilla/5.0 (Windows NT 6.1; WOW64; rv:10.0.1) Gecko/20100101 Firefox/10.0.1"
36.133.37.3 - - [30/Dec/2020:15:56:34 +0000] "GET /vuln1.php HTTP/1.1" 404 435 "http://SERVER_ADDR/vuln1.php" "Opera/9.80 (Macintosh; Intel Mac OS X 10.6.8; U; fr) Presto/2.9.168 Version/11.52"
36.133.37.5 - - [30/Dec/2020:15:56:41 +0000] "GET /duke.php HTTP/1.1" 404 435 "http://SERVER_ADDR/duke.php" "Mozilla/4.0 (compatible; MSIE 5.5; Windows 98; Win 9x 4.90)"
36.133.37.3 - - [30/Dec/2020:15:57:07 +0000] "GET /6.php HTTP/1.1" 404 435 "http://SERVER_ADDR/6.php" "Mozilla/5.0 (WindowsCE 6.0; rv:2.0.1) Gecko/20100101 Firefox/4.0.1"
36.133.37.5 - - [30/Dec/2020:15:57:25 +0000] "GET /coon.php HTTP/1.1" 404 435 "http://SERVER_ADDR/coon.php" "Mozilla/5.0 (Windows NT 6.1; WOW64) AppleWebKit/534.27 (KHTML, like Gecko) Chrome/12.0.712.0 Safari/534.27"
36.133.37.6 - - [30/Dec/2020:15:57:38 +0000] "GET /yyx.php HTTP/1.1" 404 435 "http://SERVER_ADDR/yyx.php" "Mozilla/5.0 (Windows NT 5.1; rv:5.0) Gecko/20100101 Firefox/5.0"
36.133.37.6 - - [30/Dec/2020:15:58:10 +0000] "GET /xiaohei.php HTTP/1.1" 404 435 "http://SERVER_ADDR/xiaohei.php" "Opera/9.25 (Windows NT 6.0; U; en)"
36.133.37.5 - - [30/Dec/2020:15:58:17 +0000] "GET /yc.php HTTP/1.1" 404 435 "http://SERVER_ADDR/yc.php" "Mozilla/5.0 (Windows; U; Windows NT 6.1; en-US) AppleWebKit/533.19.4 (KHTML, like Gecko) Version/5.0.2 Safari/533.18.5"
192.99.5.14 - - [30/Dec/2020:15:58:53 +0000] "POST /xmlrpc.php HTTP/1.1" 404 492 "http://www.google.com.hk" "Mozilla/5.0 (Windows NT 6.1; WOW64) AppleWebKit/537.36 (KHTML, like Gecko) Chrome/42.0.2311.90 Safari/537.36"
36.133.37.3 - - [30/Dec/2020:15:59:18 +0000] "GET /xxxx.php HTTP/1.1" 404 435 "http://SERVER_ADDR/xxxx.php" "Mozilla/4.0 (compatible; MSIE 4.01; Windows CE; PPC; MDA Pro/1.0 Profile/MIDP-2.0 Configuration/CLDC-1.1)"
36.133.37.3 - - [30/Dec/2020:15:59:26 +0000] "GET /ysy.php HTTP/1.1" 404 435 "http://SERVER_ADDR/ysy.php" "Mozilla/5.0 (Windows; U; Windows NT 5.1; en-US) AppleWebKit/531.21.8 (KHTML, like Gecko) Version/4.0.4 Safari/531.21.10"
36.133.37.6 - - [30/Dec/2020:15:59:34 +0000] "GET /shanzhi.php HTTP/1.1" 404 435 "http://SERVER_ADDR/shanzhi.php" "Mozilla/5.0 (Windows; U; Windows NT 6.1; en-US) AppleWebKit/534.14 (KHTML, like Gecko) Chrome/10.0.601.0 Safari/534.14"
36.133.37.6 - - [30/Dec/2020:15:59:39 +0000] "GET /link.php HTTP/1.1" 404 435 "http://SERVER_ADDR/link.php" "Mozilla/4.0 (compatible; MSIE 7.0; Windows NT 6.0)"
36.133.37.3 - - [30/Dec/2020:15:59:54 +0000] "GET /404.php HTTP/1.1" 404 435 "http://SERVER_ADDR/404.php" "Opera/9.5 (Microsoft Windows; PPC; Opera Mobi; U) SonyEricssonX1i/R2AA Profile/MIDP-2.0 Configuration/CLDC-1.1"
36.133.37.6 - - [30/Dec/2020:16:00:02 +0000] "GET /asen.php HTTP/1.1" 404 435 "http://SERVER_ADDR/asen.php" "Mozilla/5.0 (compatible; MSIE 10.0; Windows NT 6.1; WOW64; Trident/6.0)"
135.181.107.226 - - [30/Dec/2020:16:20:24 +0000] "GET / HTTP/1.1" 200 11229 "-" "Archive Team"
135.181.107.226 - - [30/Dec/2020:16:20:24 +0000] "GET /icons/ubuntu-logo.png HTTP/1.1" 200 3623 "http://www.iquent.eu/" "Archive Team"
135.181.107.226 - - [30/Dec/2020:16:20:24 +0000] "GET /manual HTTP/1.1" 404 491 "http://www.iquent.eu/" "Archive Team"
78.47.130.70 - - [30/Dec/2020:16:47:52 +0000] "GET / HTTP/1.1" 200 11229 "-" "Archive Team"
78.47.130.70 - - [30/Dec/2020:16:47:52 +0000] "GET /icons/ubuntu-logo.png HTTP/1.1" 200 3623 "http://iquent.eu/" "Archive Team"
78.47.130.70 - - [30/Dec/2020:16:47:52 +0000] "GET /manual HTTP/1.1" 404 487 "http://iquent.eu/" "Archive Team"
37.59.54.36 - - [30/Dec/2020:16:48:08 +0000] "POST /xmlrpc.php HTTP/1.1" 404 492 "http://www.google.com.hk" "Mozilla/5.0 (Windows NT 6.1; WOW64) AppleWebKit/537.36 (KHTML, like Gecko) Chrome/42.0.2311.90 Safari/537.36"
78.47.130.70 - - [30/Dec/2020:16:48:08 +0000] "GET / HTTP/1.1" 200 11229 "-" "Archive Team"
78.47.130.70 - - [30/Dec/2020:16:48:09 +0000] "GET /icons/ubuntu-logo.png HTTP/1.1" 200 3623 "http://www.iquent.eu/" "Archive Team"
78.47.130.70 - - [30/Dec/2020:16:48:10 +0000] "GET /manual HTTP/1.1" 404 491 "http://www.iquent.eu/" "Archive Team"
192.241.217.190 - - [30/Dec/2020:17:51:37 +0000] "GET / HTTP/1.1" 200 3421 "-" "Mozilla/5.0 zgrab/0.x"
62.211.222.50 - - [30/Dec/2020:18:29:13 +0000] "GET / HTTP/1.0" 200 11192 "-" "-"
158.69.250.210 - - [30/Dec/2020:18:44:27 +0000] "POST /xmlrpc.php HTTP/1.1" 404 488 "http://www.google.com.hk" "Mozilla/5.0 (Windows NT 6.1; WOW64) AppleWebKit/537.36 (KHTML, like Gecko) Chrome/42.0.2311.90 Safari/537.36"
162.142.125.56 - - [30/Dec/2020:18:46:43 +0000] "GET / HTTP/1.1" 200 11173 "-" "-"
162.142.125.56 - - [30/Dec/2020:18:46:43 +0000] "GET / HTTP/1.1" 200 3421 "-" "Mozilla/5.0 (compatible; CensysInspect/1.1; +https://about.censys.io/)"
158.69.250.210 - - [30/Dec/2020:18:48:00 +0000] "POST /xmlrpc.php HTTP/1.1" 404 488 "http://www.google.com.hk" "Mozilla/5.0 (Windows NT 6.1; WOW64) AppleWebKit/537.36 (KHTML, like Gecko) Chrome/42.0.2311.90 Safari/537.36"
37.46.150.24 - - [30/Dec/2020:19:01:53 +0000] "GET / HTTP/1.1" 200 3440 "-" "Linux Gnu (cow)"
222.186.136.150 - - [30/Dec/2020:19:04:10 +0000] "CONNECT ip.ws.126.net:443 HTTP/1.1" 405 504 "-" "Go-http-client/1.1"
62.240.13.58 - - [30/Dec/2020:19:13:44 +0000] "GET / HTTP/1.1" 200 11173 "-" "Mozilla/5.0 (Windows NT 10.0; WOW64) AppleWebKit/537.36 (KHTML, like Gecko) Chrome/51.0.2704.103 Safari/537.36"
138.68.108.185 - - [30/Dec/2020:19:25:51 +0000] "\x16\x03\x01\x01\xfb\x01" 400 0 "-" "-"
220.192.164.214 - - [30/Dec/2020:19:39:03 +0000] "GET / HTTP/1.0" 200 11192 "-" "masscan/1.0 (https://github.com/robertdavidgraham/masscan)"
37.187.74.109 - - [30/Dec/2020:19:44:46 +0000] "POST /xmlrpc.php HTTP/1.1" 404 492 "http://www.google.com.hk" "Mozilla/5.0 (Windows NT 6.1; WOW64) AppleWebKit/537.36 (KHTML, like Gecko) Chrome/42.0.2311.90 Safari/537.36"
138.197.122.201 - - [30/Dec/2020:20:29:53 +0000] "GET / HTTP/1.0" 200 11192 "-" "masscan/1.0 (https://github.com/robertdavidgraham/masscan)"
2.57.122.161 - - [30/Dec/2020:20:45:33 +0000] "POST /boaform/admin/formLogin HTTP/1.1" 404 491 "http://SERVER_ADDR:80/admin/login.asp" "Mozilla/5.0 (X11; Ubuntu; Linux x86_64; rv:71.0) Gecko/20100101 Firefox/71.0"
78.166.112.255 - - [30/Dec/2020:21:07:41 +0000] "GET / HTTP/1.1" 200 11173 "-" "Mozilla/5.0 (Windows NT 6.1; WOW64) AppleWebKit/537.36 (KHTML, like Gecko) Chrome/52.0.2743.116 Safari/537.36"
125.234.120.206 - - [30/Dec/2020:21:35:18 +0000] "GET / HTTP/1.1" 200 3477 "-" "Mozilla/5.0 (Windows NT 6.3; WOW64) AppleWebKit/537.36 (KHTML, like Gecko) Chrome/63.0.3239.84 Safari/537.36"
172.93.102.236 - - [30/Dec/2020:21:43:33 +0000] "HEAD /robots.txt HTTP/1.0" 404 159 "-" "-"
142.93.183.128 - - [30/Dec/2020:21:43:38 +0000] "GET / HTTP/1.0" 200 11192 "-" "masscan/1.0 (https://github.com/robertdavidgraham/masscan)"
121.135.165.169 - - [30/Dec/2020:22:35:04 +0000] "GET / HTTP/1.0" 200 11229 "-" "Mozilla/5.0 (compatible; MSIE 9.0; Windows NT 6.1; WOW64; Trident/5.0)"
192.95.30.137 - - [30/Dec/2020:22:41:58 +0000] "POST /xmlrpc.php HTTP/1.1" 404 488 "http://www.google.com.hk" "Mozilla/5.0 (Windows NT 6.1; WOW64) AppleWebKit/537.36 (KHTML, like Gecko) Chrome/42.0.2311.90 Safari/537.36"
202.5.46.240 - - [30/Dec/2020:22:44:17 +0000] "GET / HTTP/1.1" 200 11173 "-" "Mozilla/5.0 (Macintosh; Intel Mac OS X 10_11_6) AppleWebKit/601.7.7 (KHTML, like Gecko) Version/9.1.2 Safari/601.7.7"
36.133.37.5 - - [30/Dec/2020:22:46:01 +0000] "GET /images/!.php HTTP/1.1" 404 435 "http://SERVER_ADDR/images/!.php" "Mozilla/4.0 (compatible; MSIE 7.0; Windows NT 6.0; Trident/4.0)"
36.133.37.3 - - [30/Dec/2020:22:46:20 +0000] "GET /templates.php HTTP/1.1" 404 435 "http://SERVER_ADDR/templates.php" "Mozilla/4.0 (compatible; MSIE 5.5; Windows 98; Win 9x 4.90)"
36.133.37.6 - - [30/Dec/2020:22:46:31 +0000] "GET /images/vuln.php HTTP/1.1" 404 435 "http://SERVER_ADDR/images/vuln.php" "Mozilla/5.0 (Windows; U; Windows NT 6.1; en-US) AppleWebKit/533.19.4 (KHTML, like Gecko) Version/5.0.2 Safari/533.18.5"
192.95.30.137 - - [30/Dec/2020:22:46:32 +0000] "POST /xmlrpc.php HTTP/1.1" 404 488 "http://www.google.com.hk" "Mozilla/5.0 (Windows NT 6.1; WOW64) AppleWebKit/537.36 (KHTML, like Gecko) Chrome/42.0.2311.90 Safari/537.36"
36.133.37.3 - - [30/Dec/2020:22:46:36 +0000] "GET /888.php HTTP/1.1" 404 435 "http://SERVER_ADDR/888.php" "Mozilla/5.0 (Windows; U; Windows NT 5.2; en-US) AppleWebKit/532.9 (KHTML, like Gecko) Chrome/5.0.310.0 Safari/532.9"
36.133.37.6 - - [30/Dec/2020:22:46:43 +0000] "GET /goodbook.php HTTP/1.1" 404 435 "http://SERVER_ADDR/goodbook.php" "Mozilla/5.0 (Windows NT 5.2; rv:10.0.1) Gecko/20100101 Firefox/10.0.1 SeaMonkey/2.7.1"
36.133.37.6 - - [30/Dec/2020:22:46:44 +0000] "GET /taisui.php HTTP/1.1" 404 435 "http://SERVER_ADDR/taisui.php" "Mozilla/5.0 (Windows NT 6.1; WOW64) AppleWebKit/535.1 (KHTML, like Gecko) Chrome/13.0.782.24 Safari/535.1"
36.133.37.5 - - [30/Dec/2020:22:47:01 +0000] "GET /lz.php HTTP/1.1" 404 435 "http://SERVER_ADDR/lz.php" "Mozilla/4.0 (compatible; MSIE 6.0; Windows NT 5.1)"
36.133.37.3 - - [30/Dec/2020:22:47:04 +0000] "GET /whoami.php.php HTTP/1.1" 404 435 "http://SERVER_ADDR/whoami.php.php" "Mozilla/5.0 (Windows NT 5.2; rv:10.0.1) Gecko/20100101 Firefox/10.0.1 SeaMonkey/2.7.1"
36.133.37.3 - - [30/Dec/2020:22:47:07 +0000] "GET /edmin.php HTTP/1.1" 404 435 "http://SERVER_ADDR/edmin.php" "Mozilla/4.0 (compatible; MSIE 5.5; Windows NT 5.0 )"
